nohup: ignoring input
/home/LXT/.conda/envs/dinov3-sam/lib/python3.10/runpy.py:126: RuntimeWarning: 'dinosam.train.trainer' found in sys.modules after import of package 'dinosam.train', but prior to execution of 'dinosam.train.trainer'; this may result in unpredictable behaviour
  warn(RuntimeWarning(msg))
Initialized depth branch from SAM inner weights (depth_prediction_head random)
Train samples: 880  Val samples: 220

============================================================
PHASE 2: Depth training (depth loss, only depth branch trainable)
============================================================
Loading phase 1 checkpoint: /data3/LXT/DINOv3-SAM/model_sam/SAM_0_sam/phase1_last.pt
Initialized depth branch from SAM inner weights (depth_prediction_head random)
Phase 2: Total params: 97,379,069  Trainable: 3,643,597

=== Phase2 Epoch 0/49 ===
  Epoch 0 [10/220] loss=0.4570 mask=0.9694 depth=0.4570
  Epoch 0 [20/220] loss=0.3409 mask=0.9645 depth=0.3409
  Epoch 0 [30/220] loss=0.3315 mask=0.9669 depth=0.3315
  Epoch 0 [40/220] loss=0.3391 mask=0.9679 depth=0.3391
  Epoch 0 [50/220] loss=0.3405 mask=0.9653 depth=0.3405
  Epoch 0 [60/220] loss=0.3284 mask=0.9652 depth=0.3284
  Epoch 0 [70/220] loss=0.3364 mask=0.9656 depth=0.3364
  Epoch 0 [80/220] loss=0.3231 mask=0.9645 depth=0.3231
  Epoch 0 [90/220] loss=0.3320 mask=0.9647 depth=0.3320
  Epoch 0 [100/220] loss=0.3298 mask=0.9640 depth=0.3298
  Epoch 0 [110/220] loss=0.3387 mask=0.9633 depth=0.3387
  Epoch 0 [120/220] loss=0.3371 mask=0.9619 depth=0.3371
  Epoch 0 [130/220] loss=0.3363 mask=0.9599 depth=0.3363
  Epoch 0 [140/220] loss=0.3311 mask=0.9562 depth=0.3311
  Epoch 0 [150/220] loss=0.3371 mask=0.9554 depth=0.3371
  Epoch 0 [160/220] loss=0.3354 mask=0.9550 depth=0.3354
  Epoch 0 [170/220] loss=0.3315 mask=0.9544 depth=0.3315
  Epoch 0 [180/220] loss=0.3306 mask=0.9537 depth=0.3306
  Epoch 0 [190/220] loss=0.3275 mask=0.9530 depth=0.3275
  Epoch 0 [200/220] loss=0.3242 mask=0.9529 depth=0.3242
  Epoch 0 [210/220] loss=0.3179 mask=0.9520 depth=0.3179
  Epoch 0 [220/220] loss=0.3142 mask=0.9510 depth=0.3142
  Train: loss=0.3142 mask=0.9510 depth=0.3142 time=265.9s
  Val epoch 0: loss=0.3440
  Saved best phase2 model (val_loss=0.3440)

=== Phase2 Epoch 1/49 ===
  Epoch 1 [10/220] loss=0.3861 mask=0.9510 depth=0.3861
  Epoch 1 [20/220] loss=0.3374 mask=0.9532 depth=0.3374
  Epoch 1 [30/220] loss=0.2995 mask=0.9509 depth=0.2995
  Epoch 1 [40/220] loss=0.2994 mask=0.9497 depth=0.2994
  Epoch 1 [50/220] loss=0.2846 mask=0.9514 depth=0.2846
  Epoch 1 [60/220] loss=0.2896 mask=0.9533 depth=0.2896
  Epoch 1 [70/220] loss=0.2806 mask=0.9514 depth=0.2806
  Epoch 1 [80/220] loss=0.2686 mask=0.9489 depth=0.2686
  Epoch 1 [90/220] loss=0.2635 mask=0.9505 depth=0.2635
  Epoch 1 [100/220] loss=0.2497 mask=0.9486 depth=0.2497
  Epoch 1 [110/220] loss=0.2477 mask=0.9461 depth=0.2477
  Epoch 1 [120/220] loss=0.2555 mask=0.9464 depth=0.2555
  Epoch 1 [130/220] loss=0.2558 mask=0.9461 depth=0.2558
  Epoch 1 [140/220] loss=0.2524 mask=0.9463 depth=0.2524
  Epoch 1 [150/220] loss=0.2518 mask=0.9463 depth=0.2518
  Epoch 1 [160/220] loss=0.2554 mask=0.9473 depth=0.2554
  Epoch 1 [170/220] loss=0.2600 mask=0.9479 depth=0.2600
  Epoch 1 [180/220] loss=0.2562 mask=0.9474 depth=0.2562
  Epoch 1 [190/220] loss=0.2549 mask=0.9482 depth=0.2549
  Epoch 1 [200/220] loss=0.2557 mask=0.9490 depth=0.2557
  Epoch 1 [210/220] loss=0.2545 mask=0.9488 depth=0.2545
  Epoch 1 [220/220] loss=0.2519 mask=0.9491 depth=0.2519
  Train: loss=0.2519 mask=0.9491 depth=0.2519 time=255.9s
  Val epoch 1: loss=0.3550

=== Phase2 Epoch 2/49 ===
  Epoch 2 [10/220] loss=0.2309 mask=0.9672 depth=0.2309
  Epoch 2 [20/220] loss=0.2355 mask=0.9677 depth=0.2355
  Epoch 2 [30/220] loss=0.2180 mask=0.9657 depth=0.2180
  Epoch 2 [40/220] loss=0.2026 mask=0.9570 depth=0.2026
  Epoch 2 [50/220] loss=0.2135 mask=0.9550 depth=0.2135
  Epoch 2 [60/220] loss=0.2094 mask=0.9529 depth=0.2094
  Epoch 2 [70/220] loss=0.2151 mask=0.9523 depth=0.2151
  Epoch 2 [80/220] loss=0.2156 mask=0.9551 depth=0.2156
  Epoch 2 [90/220] loss=0.2088 mask=0.9558 depth=0.2088
  Epoch 2 [100/220] loss=0.2104 mask=0.9537 depth=0.2104
  Epoch 2 [110/220] loss=0.2125 mask=0.9515 depth=0.2125
  Epoch 2 [120/220] loss=0.2117 mask=0.9514 depth=0.2117
  Epoch 2 [130/220] loss=0.2114 mask=0.9512 depth=0.2114
  Epoch 2 [140/220] loss=0.2084 mask=0.9504 depth=0.2084
  Epoch 2 [150/220] loss=0.2138 mask=0.9513 depth=0.2138
  Epoch 2 [160/220] loss=0.2085 mask=0.9523 depth=0.2085
  Epoch 2 [170/220] loss=0.2043 mask=0.9512 depth=0.2043
  Epoch 2 [180/220] loss=0.2114 mask=0.9488 depth=0.2114
  Epoch 2 [190/220] loss=0.2148 mask=0.9487 depth=0.2148
  Epoch 2 [200/220] loss=0.2132 mask=0.9487 depth=0.2132
  Epoch 2 [210/220] loss=0.2111 mask=0.9487 depth=0.2111
  Epoch 2 [220/220] loss=0.2107 mask=0.9478 depth=0.2107
  Train: loss=0.2107 mask=0.9478 depth=0.2107 time=263.5s
  Val epoch 2: loss=0.3393
  Saved best phase2 model (val_loss=0.3393)

=== Phase2 Epoch 3/49 ===
  Epoch 3 [10/220] loss=0.2043 mask=0.8987 depth=0.2043
  Epoch 3 [20/220] loss=0.1734 mask=0.9083 depth=0.1734
  Epoch 3 [30/220] loss=0.1817 mask=0.9168 depth=0.1817
  Epoch 3 [40/220] loss=0.1900 mask=0.9162 depth=0.1900
  Epoch 3 [50/220] loss=0.2006 mask=0.9178 depth=0.2006
  Epoch 3 [60/220] loss=0.1903 mask=0.9183 depth=0.1903
  Epoch 3 [70/220] loss=0.1829 mask=0.9219 depth=0.1829
  Epoch 3 [80/220] loss=0.1803 mask=0.9259 depth=0.1803
  Epoch 3 [90/220] loss=0.1783 mask=0.9304 depth=0.1783
  Epoch 3 [100/220] loss=0.1780 mask=0.9326 depth=0.1780
  Epoch 3 [110/220] loss=0.1781 mask=0.9323 depth=0.1781
  Epoch 3 [120/220] loss=0.1739 mask=0.9326 depth=0.1739
  Epoch 3 [130/220] loss=0.1747 mask=0.9356 depth=0.1747
  Epoch 3 [140/220] loss=0.1685 mask=0.9366 depth=0.1685
  Epoch 3 [150/220] loss=0.1666 mask=0.9355 depth=0.1666
  Epoch 3 [160/220] loss=0.1628 mask=0.9353 depth=0.1628
  Epoch 3 [170/220] loss=0.1705 mask=0.9370 depth=0.1705
  Epoch 3 [180/220] loss=0.1694 mask=0.9383 depth=0.1694
  Epoch 3 [190/220] loss=0.1696 mask=0.9386 depth=0.1696
  Epoch 3 [200/220] loss=0.1696 mask=0.9399 depth=0.1696
  Epoch 3 [210/220] loss=0.1714 mask=0.9389 depth=0.1714
  Epoch 3 [220/220] loss=0.1706 mask=0.9389 depth=0.1706
  Train: loss=0.1706 mask=0.9389 depth=0.1706 time=248.8s
  Val epoch 3: loss=0.3340
  Saved best phase2 model (val_loss=0.3340)

=== Phase2 Epoch 4/49 ===
  Epoch 4 [10/220] loss=0.1313 mask=0.9403 depth=0.1313
  Epoch 4 [20/220] loss=0.1459 mask=0.9356 depth=0.1459
  Epoch 4 [30/220] loss=0.1482 mask=0.9298 depth=0.1482
  Epoch 4 [40/220] loss=0.1591 mask=0.9285 depth=0.1591
  Epoch 4 [50/220] loss=0.1514 mask=0.9313 depth=0.1514
  Epoch 4 [60/220] loss=0.1463 mask=0.9301 depth=0.1463
  Epoch 4 [70/220] loss=0.1449 mask=0.9330 depth=0.1449
  Epoch 4 [80/220] loss=0.1446 mask=0.9324 depth=0.1446
  Epoch 4 [90/220] loss=0.1441 mask=0.9334 depth=0.1441
  Epoch 4 [100/220] loss=0.1450 mask=0.9360 depth=0.1450
  Epoch 4 [110/220] loss=0.1401 mask=0.9372 depth=0.1401
  Epoch 4 [120/220] loss=0.1426 mask=0.9383 depth=0.1426
  Epoch 4 [130/220] loss=0.1402 mask=0.9384 depth=0.1402
  Epoch 4 [140/220] loss=0.1406 mask=0.9382 depth=0.1406
  Epoch 4 [150/220] loss=0.1386 mask=0.9364 depth=0.1386
  Epoch 4 [160/220] loss=0.1428 mask=0.9346 depth=0.1428
  Epoch 4 [170/220] loss=0.1420 mask=0.9332 depth=0.1420
  Epoch 4 [180/220] loss=0.1421 mask=0.9332 depth=0.1421
  Epoch 4 [190/220] loss=0.1424 mask=0.9333 depth=0.1424
  Epoch 4 [200/220] loss=0.1426 mask=0.9335 depth=0.1426
  Epoch 4 [210/220] loss=0.1418 mask=0.9321 depth=0.1418
  Epoch 4 [220/220] loss=0.1425 mask=0.9312 depth=0.1425
  Train: loss=0.1425 mask=0.9312 depth=0.1425 time=249.0s
  Val epoch 4: loss=0.3223
  Saved best phase2 model (val_loss=0.3223)

=== Phase2 Epoch 5/49 ===
  Epoch 5 [10/220] loss=0.0871 mask=0.9076 depth=0.0871
  Epoch 5 [20/220] loss=0.0943 mask=0.9213 depth=0.0943
  Epoch 5 [30/220] loss=0.1064 mask=0.9223 depth=0.1064
  Epoch 5 [40/220] loss=0.1147 mask=0.9311 depth=0.1147
  Epoch 5 [50/220] loss=0.1174 mask=0.9363 depth=0.1174
  Epoch 5 [60/220] loss=0.1173 mask=0.9363 depth=0.1173
  Epoch 5 [70/220] loss=0.1161 mask=0.9335 depth=0.1161
  Epoch 5 [80/220] loss=0.1171 mask=0.9338 depth=0.1171
  Epoch 5 [90/220] loss=0.1165 mask=0.9321 depth=0.1165
  Epoch 5 [100/220] loss=0.1154 mask=0.9323 depth=0.1154
  Epoch 5 [110/220] loss=0.1144 mask=0.9315 depth=0.1144
  Epoch 5 [120/220] loss=0.1179 mask=0.9325 depth=0.1179
  Epoch 5 [130/220] loss=0.1176 mask=0.9307 depth=0.1176
  Epoch 5 [140/220] loss=0.1154 mask=0.9275 depth=0.1154
  Epoch 5 [150/220] loss=0.1153 mask=0.9264 depth=0.1153
  Epoch 5 [160/220] loss=0.1147 mask=0.9287 depth=0.1147
  Epoch 5 [170/220] loss=0.1126 mask=0.9289 depth=0.1126
  Epoch 5 [180/220] loss=0.1105 mask=0.9275 depth=0.1105
  Epoch 5 [190/220] loss=0.1098 mask=0.9250 depth=0.1098
  Epoch 5 [200/220] loss=0.1088 mask=0.9248 depth=0.1088
  Epoch 5 [210/220] loss=0.1081 mask=0.9235 depth=0.1081
  Epoch 5 [220/220] loss=0.1078 mask=0.9239 depth=0.1078
  Train: loss=0.1078 mask=0.9239 depth=0.1078 time=250.0s
  Val epoch 5: loss=0.3198
  Saved best phase2 model (val_loss=0.3198)

=== Phase2 Epoch 6/49 ===
  Epoch 6 [10/220] loss=0.1147 mask=0.9262 depth=0.1147
  Epoch 6 [20/220] loss=0.1083 mask=0.9341 depth=0.1083
  Epoch 6 [30/220] loss=0.0933 mask=0.9302 depth=0.0933
  Epoch 6 [40/220] loss=0.0940 mask=0.9176 depth=0.0940
  Epoch 6 [50/220] loss=0.0854 mask=0.9135 depth=0.0854
  Epoch 6 [60/220] loss=0.0866 mask=0.9088 depth=0.0866
  Epoch 6 [70/220] loss=0.0857 mask=0.9102 depth=0.0857
  Epoch 6 [80/220] loss=0.0920 mask=0.9142 depth=0.0920
  Epoch 6 [90/220] loss=0.0900 mask=0.9160 depth=0.0900
  Epoch 6 [100/220] loss=0.0880 mask=0.9157 depth=0.0880
  Epoch 6 [110/220] loss=0.0869 mask=0.9113 depth=0.0869
  Epoch 6 [120/220] loss=0.0866 mask=0.9115 depth=0.0866
  Epoch 6 [130/220] loss=0.0871 mask=0.9094 depth=0.0871
  Epoch 6 [140/220] loss=0.0870 mask=0.9108 depth=0.0870
  Epoch 6 [150/220] loss=0.0848 mask=0.9098 depth=0.0848
  Epoch 6 [160/220] loss=0.0864 mask=0.9093 depth=0.0864
  Epoch 6 [170/220] loss=0.0899 mask=0.9079 depth=0.0899
  Epoch 6 [180/220] loss=0.0900 mask=0.9075 depth=0.0900
  Epoch 6 [190/220] loss=0.0899 mask=0.9075 depth=0.0899
  Epoch 6 [200/220] loss=0.0902 mask=0.9098 depth=0.0902
  Epoch 6 [210/220] loss=0.0906 mask=0.9099 depth=0.0906
  Epoch 6 [220/220] loss=0.0901 mask=0.9091 depth=0.0901
  Train: loss=0.0901 mask=0.9091 depth=0.0901 time=243.5s
  Val epoch 6: loss=0.3139
  Saved best phase2 model (val_loss=0.3139)

=== Phase2 Epoch 7/49 ===
  Epoch 7 [10/220] loss=0.0650 mask=0.9169 depth=0.0650
  Epoch 7 [20/220] loss=0.0597 mask=0.9139 depth=0.0597
  Epoch 7 [30/220] loss=0.0676 mask=0.9089 depth=0.0676
  Epoch 7 [40/220] loss=0.0644 mask=0.9027 depth=0.0644
  Epoch 7 [50/220] loss=0.0739 mask=0.9003 depth=0.0739
  Epoch 7 [60/220] loss=0.0731 mask=0.8936 depth=0.0731
  Epoch 7 [70/220] loss=0.0753 mask=0.8880 depth=0.0753
  Epoch 7 [80/220] loss=0.0736 mask=0.8868 depth=0.0736
  Epoch 7 [90/220] loss=0.0701 mask=0.8861 depth=0.0701
  Epoch 7 [100/220] loss=0.0689 mask=0.8865 depth=0.0689
  Epoch 7 [110/220] loss=0.0707 mask=0.8892 depth=0.0707
  Epoch 7 [120/220] loss=0.0727 mask=0.8886 depth=0.0727
  Epoch 7 [130/220] loss=0.0733 mask=0.8896 depth=0.0733
  Epoch 7 [140/220] loss=0.0738 mask=0.8895 depth=0.0738
  Epoch 7 [150/220] loss=0.0755 mask=0.8918 depth=0.0755
  Epoch 7 [160/220] loss=0.0747 mask=0.8924 depth=0.0747
  Epoch 7 [170/220] loss=0.0739 mask=0.8907 depth=0.0739
  Epoch 7 [180/220] loss=0.0749 mask=0.8900 depth=0.0749
  Epoch 7 [190/220] loss=0.0764 mask=0.8913 depth=0.0764
  Epoch 7 [200/220] loss=0.0755 mask=0.8919 depth=0.0755
  Epoch 7 [210/220] loss=0.0751 mask=0.8913 depth=0.0751
  Epoch 7 [220/220] loss=0.0750 mask=0.8914 depth=0.0750
  Train: loss=0.0750 mask=0.8914 depth=0.0750 time=244.7s
  Val epoch 7: loss=0.3109
  Saved best phase2 model (val_loss=0.3109)

=== Phase2 Epoch 8/49 ===
  Epoch 8 [10/220] loss=0.0593 mask=0.8955 depth=0.0593
  Epoch 8 [20/220] loss=0.0516 mask=0.8785 depth=0.0516
  Epoch 8 [30/220] loss=0.0570 mask=0.8894 depth=0.0570
  Epoch 8 [40/220] loss=0.0554 mask=0.8963 depth=0.0554
  Epoch 8 [50/220] loss=0.0560 mask=0.8968 depth=0.0560
  Epoch 8 [60/220] loss=0.0562 mask=0.9001 depth=0.0562
  Epoch 8 [70/220] loss=0.0563 mask=0.9023 depth=0.0563
  Epoch 8 [80/220] loss=0.0548 mask=0.9023 depth=0.0548
  Epoch 8 [90/220] loss=0.0568 mask=0.9046 depth=0.0568
  Epoch 8 [100/220] loss=0.0572 mask=0.9066 depth=0.0572
  Epoch 8 [110/220] loss=0.0551 mask=0.9065 depth=0.0551
  Epoch 8 [120/220] loss=0.0553 mask=0.9080 depth=0.0553
  Epoch 8 [130/220] loss=0.0553 mask=0.9079 depth=0.0553
  Epoch 8 [140/220] loss=0.0547 mask=0.9097 depth=0.0547
  Epoch 8 [150/220] loss=0.0553 mask=0.9078 depth=0.0553
  Epoch 8 [160/220] loss=0.0551 mask=0.9056 depth=0.0551
  Epoch 8 [170/220] loss=0.0551 mask=0.9056 depth=0.0551
  Epoch 8 [180/220] loss=0.0547 mask=0.9044 depth=0.0547
  Epoch 8 [190/220] loss=0.0535 mask=0.9029 depth=0.0535
  Epoch 8 [200/220] loss=0.0551 mask=0.9026 depth=0.0551
  Epoch 8 [210/220] loss=0.0544 mask=0.9028 depth=0.0544
  Epoch 8 [220/220] loss=0.0550 mask=0.9018 depth=0.0550
  Train: loss=0.0550 mask=0.9018 depth=0.0550 time=244.2s
  Val epoch 8: loss=0.2676
  Saved best phase2 model (val_loss=0.2676)

=== Phase2 Epoch 9/49 ===
  Epoch 9 [10/220] loss=0.0356 mask=0.9035 depth=0.0356
  Epoch 9 [20/220] loss=0.0418 mask=0.8973 depth=0.0418
  Epoch 9 [30/220] loss=0.0464 mask=0.8998 depth=0.0464
  Epoch 9 [40/220] loss=0.0510 mask=0.8993 depth=0.0510
  Epoch 9 [50/220] loss=0.0486 mask=0.8961 depth=0.0486
  Epoch 9 [60/220] loss=0.0477 mask=0.8916 depth=0.0477
  Epoch 9 [70/220] loss=0.0469 mask=0.8845 depth=0.0469
  Epoch 9 [80/220] loss=0.0462 mask=0.8886 depth=0.0462
  Epoch 9 [90/220] loss=0.0464 mask=0.8891 depth=0.0464
  Epoch 9 [100/220] loss=0.0496 mask=0.8901 depth=0.0496
  Epoch 9 [110/220] loss=0.0517 mask=0.8930 depth=0.0517
  Epoch 9 [120/220] loss=0.0524 mask=0.8936 depth=0.0524
  Epoch 9 [130/220] loss=0.0521 mask=0.8953 depth=0.0521
  Epoch 9 [140/220] loss=0.0524 mask=0.8993 depth=0.0524
  Epoch 9 [150/220] loss=0.0527 mask=0.8984 depth=0.0527
  Epoch 9 [160/220] loss=0.0523 mask=0.8994 depth=0.0523
  Epoch 9 [170/220] loss=0.0513 mask=0.8970 depth=0.0513
  Epoch 9 [180/220] loss=0.0517 mask=0.8966 depth=0.0517
  Epoch 9 [190/220] loss=0.0514 mask=0.8953 depth=0.0514
  Epoch 9 [200/220] loss=0.0513 mask=0.8935 depth=0.0513
  Epoch 9 [210/220] loss=0.0505 mask=0.8941 depth=0.0505
  Epoch 9 [220/220] loss=0.0496 mask=0.8934 depth=0.0496
  Train: loss=0.0496 mask=0.8934 depth=0.0496 time=246.0s
  Val epoch 9: loss=0.2791

=== Phase2 Epoch 10/49 ===
  Epoch 10 [10/220] loss=0.0402 mask=0.8812 depth=0.0402
  Epoch 10 [20/220] loss=0.0352 mask=0.8847 depth=0.0352
  Epoch 10 [30/220] loss=0.0351 mask=0.8820 depth=0.0351
  Epoch 10 [40/220] loss=0.0395 mask=0.8844 depth=0.0395
  Epoch 10 [50/220] loss=0.0367 mask=0.8828 depth=0.0367
  Epoch 10 [60/220] loss=0.0373 mask=0.8821 depth=0.0373
  Epoch 10 [70/220] loss=0.0369 mask=0.8823 depth=0.0369
  Epoch 10 [80/220] loss=0.0359 mask=0.8795 depth=0.0359
  Epoch 10 [90/220] loss=0.0352 mask=0.8802 depth=0.0352
  Epoch 10 [100/220] loss=0.0346 mask=0.8812 depth=0.0346
  Epoch 10 [110/220] loss=0.0347 mask=0.8826 depth=0.0347
  Epoch 10 [120/220] loss=0.0357 mask=0.8841 depth=0.0357
  Epoch 10 [130/220] loss=0.0357 mask=0.8837 depth=0.0357
  Epoch 10 [140/220] loss=0.0363 mask=0.8847 depth=0.0363
  Epoch 10 [150/220] loss=0.0354 mask=0.8847 depth=0.0354
  Epoch 10 [160/220] loss=0.0355 mask=0.8846 depth=0.0355
  Epoch 10 [170/220] loss=0.0354 mask=0.8861 depth=0.0354
  Epoch 10 [180/220] loss=0.0359 mask=0.8855 depth=0.0359
  Epoch 10 [190/220] loss=0.0357 mask=0.8857 depth=0.0357
  Epoch 10 [200/220] loss=0.0363 mask=0.8852 depth=0.0363
  Epoch 10 [210/220] loss=0.0358 mask=0.8847 depth=0.0358
  Epoch 10 [220/220] loss=0.0355 mask=0.8840 depth=0.0355
  Train: loss=0.0355 mask=0.8840 depth=0.0355 time=244.2s
  Val epoch 10: loss=0.2703

=== Phase2 Epoch 11/49 ===
  Epoch 11 [10/220] loss=0.0261 mask=0.8881 depth=0.0261
  Epoch 11 [20/220] loss=0.0281 mask=0.8792 depth=0.0281
  Epoch 11 [30/220] loss=0.0309 mask=0.8838 depth=0.0309
  Epoch 11 [40/220] loss=0.0341 mask=0.8851 depth=0.0341
  Epoch 11 [50/220] loss=0.0334 mask=0.8780 depth=0.0334
  Epoch 11 [60/220] loss=0.0325 mask=0.8782 depth=0.0325
  Epoch 11 [70/220] loss=0.0343 mask=0.8773 depth=0.0343
  Epoch 11 [80/220] loss=0.0342 mask=0.8775 depth=0.0342
  Epoch 11 [90/220] loss=0.0341 mask=0.8821 depth=0.0341
  Epoch 11 [100/220] loss=0.0337 mask=0.8763 depth=0.0337
  Epoch 11 [110/220] loss=0.0337 mask=0.8735 depth=0.0337
  Epoch 11 [120/220] loss=0.0332 mask=0.8725 depth=0.0332
  Epoch 11 [130/220] loss=0.0340 mask=0.8753 depth=0.0340
  Epoch 11 [140/220] loss=0.0332 mask=0.8752 depth=0.0332
  Epoch 11 [150/220] loss=0.0327 mask=0.8769 depth=0.0327
  Epoch 11 [160/220] loss=0.0325 mask=0.8775 depth=0.0325
  Epoch 11 [170/220] loss=0.0320 mask=0.8776 depth=0.0320
  Epoch 11 [180/220] loss=0.0316 mask=0.8777 depth=0.0316
  Epoch 11 [190/220] loss=0.0320 mask=0.8779 depth=0.0320
  Epoch 11 [200/220] loss=0.0319 mask=0.8769 depth=0.0319
  Epoch 11 [210/220] loss=0.0316 mask=0.8764 depth=0.0316
  Epoch 11 [220/220] loss=0.0315 mask=0.8766 depth=0.0315
  Train: loss=0.0315 mask=0.8766 depth=0.0315 time=241.5s
  Val epoch 11: loss=0.2689

=== Phase2 Epoch 12/49 ===
  Epoch 12 [10/220] loss=0.0343 mask=0.8561 depth=0.0343
  Epoch 12 [20/220] loss=0.0317 mask=0.8771 depth=0.0317
  Epoch 12 [30/220] loss=0.0358 mask=0.8734 depth=0.0358
  Epoch 12 [40/220] loss=0.0327 mask=0.8686 depth=0.0327
  Epoch 12 [50/220] loss=0.0306 mask=0.8719 depth=0.0306
  Epoch 12 [60/220] loss=0.0298 mask=0.8685 depth=0.0298
  Epoch 12 [70/220] loss=0.0314 mask=0.8675 depth=0.0314
  Epoch 12 [80/220] loss=0.0335 mask=0.8679 depth=0.0335
  Epoch 12 [90/220] loss=0.0315 mask=0.8688 depth=0.0315
  Epoch 12 [100/220] loss=0.0312 mask=0.8734 depth=0.0312
  Epoch 12 [110/220] loss=0.0307 mask=0.8737 depth=0.0307
  Epoch 12 [120/220] loss=0.0296 mask=0.8738 depth=0.0296
  Epoch 12 [130/220] loss=0.0289 mask=0.8705 depth=0.0289
  Epoch 12 [140/220] loss=0.0285 mask=0.8701 depth=0.0285
  Epoch 12 [150/220] loss=0.0281 mask=0.8709 depth=0.0281
  Epoch 12 [160/220] loss=0.0287 mask=0.8712 depth=0.0287
  Epoch 12 [170/220] loss=0.0289 mask=0.8716 depth=0.0289
  Epoch 12 [180/220] loss=0.0291 mask=0.8705 depth=0.0291
  Epoch 12 [190/220] loss=0.0291 mask=0.8680 depth=0.0291
  Epoch 12 [200/220] loss=0.0286 mask=0.8669 depth=0.0286
  Epoch 12 [210/220] loss=0.0283 mask=0.8674 depth=0.0283
  Epoch 12 [220/220] loss=0.0279 mask=0.8683 depth=0.0279
  Train: loss=0.0279 mask=0.8683 depth=0.0279 time=243.0s
  Val epoch 12: loss=0.2652
  Saved best phase2 model (val_loss=0.2652)

=== Phase2 Epoch 13/49 ===
  Epoch 13 [10/220] loss=0.0205 mask=0.8171 depth=0.0205
  Epoch 13 [20/220] loss=0.0202 mask=0.8402 depth=0.0202
  Epoch 13 [30/220] loss=0.0214 mask=0.8548 depth=0.0214
  Epoch 13 [40/220] loss=0.0229 mask=0.8575 depth=0.0229
  Epoch 13 [50/220] loss=0.0243 mask=0.8553 depth=0.0243
  Epoch 13 [60/220] loss=0.0251 mask=0.8543 depth=0.0251
  Epoch 13 [70/220] loss=0.0258 mask=0.8598 depth=0.0258
  Epoch 13 [80/220] loss=0.0272 mask=0.8662 depth=0.0272
  Epoch 13 [90/220] loss=0.0268 mask=0.8701 depth=0.0268
  Epoch 13 [100/220] loss=0.0276 mask=0.8695 depth=0.0276
  Epoch 13 [110/220] loss=0.0273 mask=0.8680 depth=0.0273
  Epoch 13 [120/220] loss=0.0271 mask=0.8706 depth=0.0271
  Epoch 13 [130/220] loss=0.0274 mask=0.8729 depth=0.0274
  Epoch 13 [140/220] loss=0.0271 mask=0.8718 depth=0.0271
  Epoch 13 [150/220] loss=0.0265 mask=0.8720 depth=0.0265
  Epoch 13 [160/220] loss=0.0259 mask=0.8726 depth=0.0259
  Epoch 13 [170/220] loss=0.0256 mask=0.8726 depth=0.0256
  Epoch 13 [180/220] loss=0.0264 mask=0.8737 depth=0.0264
  Epoch 13 [190/220] loss=0.0260 mask=0.8751 depth=0.0260
  Epoch 13 [200/220] loss=0.0254 mask=0.8755 depth=0.0254
  Epoch 13 [210/220] loss=0.0261 mask=0.8757 depth=0.0261
  Epoch 13 [220/220] loss=0.0256 mask=0.8750 depth=0.0256
  Train: loss=0.0256 mask=0.8750 depth=0.0256 time=243.3s
  Val epoch 13: loss=0.2777

=== Phase2 Epoch 14/49 ===
  Epoch 14 [10/220] loss=0.0243 mask=0.8791 depth=0.0243
  Epoch 14 [20/220] loss=0.0195 mask=0.8746 depth=0.0195
  Epoch 14 [30/220] loss=0.0200 mask=0.8650 depth=0.0200
  Epoch 14 [40/220] loss=0.0236 mask=0.8747 depth=0.0236
  Epoch 14 [50/220] loss=0.0254 mask=0.8680 depth=0.0254
  Epoch 14 [60/220] loss=0.0253 mask=0.8700 depth=0.0253
  Epoch 14 [70/220] loss=0.0262 mask=0.8722 depth=0.0262
  Epoch 14 [80/220] loss=0.0253 mask=0.8737 depth=0.0253
  Epoch 14 [90/220] loss=0.0258 mask=0.8760 depth=0.0258
  Epoch 14 [100/220] loss=0.0256 mask=0.8772 depth=0.0256
  Epoch 14 [110/220] loss=0.0261 mask=0.8769 depth=0.0261
  Epoch 14 [120/220] loss=0.0255 mask=0.8784 depth=0.0255
  Epoch 14 [130/220] loss=0.0252 mask=0.8784 depth=0.0252
  Epoch 14 [140/220] loss=0.0249 mask=0.8798 depth=0.0249
  Epoch 14 [150/220] loss=0.0246 mask=0.8796 depth=0.0246
  Epoch 14 [160/220] loss=0.0243 mask=0.8788 depth=0.0243
  Epoch 14 [170/220] loss=0.0240 mask=0.8763 depth=0.0240
  Epoch 14 [180/220] loss=0.0242 mask=0.8754 depth=0.0242
  Epoch 14 [190/220] loss=0.0240 mask=0.8771 depth=0.0240
  Epoch 14 [200/220] loss=0.0237 mask=0.8771 depth=0.0237
  Epoch 14 [210/220] loss=0.0237 mask=0.8773 depth=0.0237
  Epoch 14 [220/220] loss=0.0236 mask=0.8752 depth=0.0236
  Train: loss=0.0236 mask=0.8752 depth=0.0236 time=242.4s
  Val epoch 14: loss=0.2708

=== Phase2 Epoch 15/49 ===
  Epoch 15 [10/220] loss=0.0161 mask=0.8870 depth=0.0161
  Epoch 15 [20/220] loss=0.0185 mask=0.8722 depth=0.0185
  Epoch 15 [30/220] loss=0.0182 mask=0.8604 depth=0.0182
  Epoch 15 [40/220] loss=0.0171 mask=0.8595 depth=0.0171
  Epoch 15 [50/220] loss=0.0180 mask=0.8560 depth=0.0180
  Epoch 15 [60/220] loss=0.0173 mask=0.8615 depth=0.0173
  Epoch 15 [70/220] loss=0.0169 mask=0.8608 depth=0.0169
  Epoch 15 [80/220] loss=0.0181 mask=0.8614 depth=0.0181
  Epoch 15 [90/220] loss=0.0185 mask=0.8590 depth=0.0185
  Epoch 15 [100/220] loss=0.0194 mask=0.8585 depth=0.0194
  Epoch 15 [110/220] loss=0.0189 mask=0.8643 depth=0.0189
  Epoch 15 [120/220] loss=0.0197 mask=0.8631 depth=0.0197
  Epoch 15 [130/220] loss=0.0206 mask=0.8649 depth=0.0206
  Epoch 15 [140/220] loss=0.0201 mask=0.8668 depth=0.0201
  Epoch 15 [150/220] loss=0.0211 mask=0.8692 depth=0.0211
  Epoch 15 [160/220] loss=0.0214 mask=0.8717 depth=0.0214
  Epoch 15 [170/220] loss=0.0211 mask=0.8706 depth=0.0211
  Epoch 15 [180/220] loss=0.0213 mask=0.8712 depth=0.0213
  Epoch 15 [190/220] loss=0.0213 mask=0.8694 depth=0.0213
  Epoch 15 [200/220] loss=0.0211 mask=0.8695 depth=0.0211
  Epoch 15 [210/220] loss=0.0213 mask=0.8696 depth=0.0213
  Epoch 15 [220/220] loss=0.0214 mask=0.8683 depth=0.0214
  Train: loss=0.0214 mask=0.8683 depth=0.0214 time=240.7s
  Val epoch 15: loss=0.2707

=== Phase2 Epoch 16/49 ===
  Epoch 16 [10/220] loss=0.0220 mask=0.8953 depth=0.0220
  Epoch 16 [20/220] loss=0.0252 mask=0.8950 depth=0.0252
  Epoch 16 [30/220] loss=0.0234 mask=0.8847 depth=0.0234
  Epoch 16 [40/220] loss=0.0223 mask=0.8741 depth=0.0223
  Epoch 16 [50/220] loss=0.0204 mask=0.8797 depth=0.0204
  Epoch 16 [60/220] loss=0.0201 mask=0.8769 depth=0.0201
  Epoch 16 [70/220] loss=0.0191 mask=0.8770 depth=0.0191
  Epoch 16 [80/220] loss=0.0198 mask=0.8761 depth=0.0198
  Epoch 16 [90/220] loss=0.0203 mask=0.8730 depth=0.0203
  Epoch 16 [100/220] loss=0.0203 mask=0.8708 depth=0.0203
  Epoch 16 [110/220] loss=0.0204 mask=0.8708 depth=0.0204
  Epoch 16 [120/220] loss=0.0203 mask=0.8692 depth=0.0203
  Epoch 16 [130/220] loss=0.0205 mask=0.8700 depth=0.0205
  Epoch 16 [140/220] loss=0.0198 mask=0.8706 depth=0.0198
  Epoch 16 [150/220] loss=0.0202 mask=0.8724 depth=0.0202
  Epoch 16 [160/220] loss=0.0202 mask=0.8712 depth=0.0202
  Epoch 16 [170/220] loss=0.0209 mask=0.8703 depth=0.0209
  Epoch 16 [180/220] loss=0.0211 mask=0.8696 depth=0.0211
  Epoch 16 [190/220] loss=0.0218 mask=0.8711 depth=0.0218
  Epoch 16 [200/220] loss=0.0215 mask=0.8714 depth=0.0215
  Epoch 16 [210/220] loss=0.0214 mask=0.8708 depth=0.0214
  Epoch 16 [220/220] loss=0.0216 mask=0.8717 depth=0.0216
  Train: loss=0.0216 mask=0.8717 depth=0.0216 time=242.6s
  Val epoch 16: loss=0.2655

=== Phase2 Epoch 17/49 ===
  Epoch 17 [10/220] loss=0.0203 mask=0.8719 depth=0.0203
  Epoch 17 [20/220] loss=0.0200 mask=0.8651 depth=0.0200
  Epoch 17 [30/220] loss=0.0217 mask=0.8490 depth=0.0217
  Epoch 17 [40/220] loss=0.0212 mask=0.8547 depth=0.0212
  Epoch 17 [50/220] loss=0.0196 mask=0.8521 depth=0.0196
  Epoch 17 [60/220] loss=0.0186 mask=0.8516 depth=0.0186
  Epoch 17 [70/220] loss=0.0179 mask=0.8541 depth=0.0179
  Epoch 17 [80/220] loss=0.0201 mask=0.8575 depth=0.0201
  Epoch 17 [90/220] loss=0.0202 mask=0.8583 depth=0.0202
  Epoch 17 [100/220] loss=0.0200 mask=0.8621 depth=0.0200
  Epoch 17 [110/220] loss=0.0201 mask=0.8647 depth=0.0201
  Epoch 17 [120/220] loss=0.0196 mask=0.8651 depth=0.0196
  Epoch 17 [130/220] loss=0.0193 mask=0.8673 depth=0.0193
  Epoch 17 [140/220] loss=0.0191 mask=0.8694 depth=0.0191
  Epoch 17 [150/220] loss=0.0190 mask=0.8713 depth=0.0190
  Epoch 17 [160/220] loss=0.0188 mask=0.8701 depth=0.0188
  Epoch 17 [170/220] loss=0.0186 mask=0.8683 depth=0.0186
  Epoch 17 [180/220] loss=0.0191 mask=0.8693 depth=0.0191
  Epoch 17 [190/220] loss=0.0192 mask=0.8694 depth=0.0192
  Epoch 17 [200/220] loss=0.0190 mask=0.8687 depth=0.0190
  Epoch 17 [210/220] loss=0.0188 mask=0.8679 depth=0.0188
  Epoch 17 [220/220] loss=0.0189 mask=0.8685 depth=0.0189
  Train: loss=0.0189 mask=0.8685 depth=0.0189 time=241.0s
  Val epoch 17: loss=0.2662

=== Phase2 Epoch 18/49 ===
  Epoch 18 [10/220] loss=0.0176 mask=0.9010 depth=0.0176
  Epoch 18 [20/220] loss=0.0156 mask=0.8936 depth=0.0156
  Epoch 18 [30/220] loss=0.0149 mask=0.8869 depth=0.0149
  Epoch 18 [40/220] loss=0.0152 mask=0.8704 depth=0.0152
  Epoch 18 [50/220] loss=0.0197 mask=0.8725 depth=0.0197
  Epoch 18 [60/220] loss=0.0200 mask=0.8708 depth=0.0200
  Epoch 18 [70/220] loss=0.0196 mask=0.8682 depth=0.0196
  Epoch 18 [80/220] loss=0.0192 mask=0.8665 depth=0.0192
  Epoch 18 [90/220] loss=0.0185 mask=0.8684 depth=0.0185
  Epoch 18 [100/220] loss=0.0178 mask=0.8709 depth=0.0178
  Epoch 18 [110/220] loss=0.0174 mask=0.8705 depth=0.0174
  Epoch 18 [120/220] loss=0.0180 mask=0.8694 depth=0.0180
  Epoch 18 [130/220] loss=0.0180 mask=0.8681 depth=0.0180
  Epoch 18 [140/220] loss=0.0180 mask=0.8694 depth=0.0180
  Epoch 18 [150/220] loss=0.0181 mask=0.8709 depth=0.0181
  Epoch 18 [160/220] loss=0.0184 mask=0.8697 depth=0.0184
  Epoch 18 [170/220] loss=0.0181 mask=0.8681 depth=0.0181
  Epoch 18 [180/220] loss=0.0179 mask=0.8684 depth=0.0179
  Epoch 18 [190/220] loss=0.0182 mask=0.8669 depth=0.0182
  Epoch 18 [200/220] loss=0.0180 mask=0.8677 depth=0.0180
  Epoch 18 [210/220] loss=0.0178 mask=0.8681 depth=0.0178
  Epoch 18 [220/220] loss=0.0178 mask=0.8676 depth=0.0178
  Train: loss=0.0178 mask=0.8676 depth=0.0178 time=244.1s
  Val epoch 18: loss=0.2617
  Saved best phase2 model (val_loss=0.2617)

=== Phase2 Epoch 19/49 ===
  Epoch 19 [10/220] loss=0.0176 mask=0.8990 depth=0.0176
  Epoch 19 [20/220] loss=0.0195 mask=0.8823 depth=0.0195
  Epoch 19 [30/220] loss=0.0178 mask=0.8760 depth=0.0178
  Epoch 19 [40/220] loss=0.0179 mask=0.8713 depth=0.0179
  Epoch 19 [50/220] loss=0.0177 mask=0.8637 depth=0.0177
  Epoch 19 [60/220] loss=0.0179 mask=0.8594 depth=0.0179
  Epoch 19 [70/220] loss=0.0171 mask=0.8592 depth=0.0171
  Epoch 19 [80/220] loss=0.0173 mask=0.8612 depth=0.0173
  Epoch 19 [90/220] loss=0.0173 mask=0.8670 depth=0.0173
  Epoch 19 [100/220] loss=0.0174 mask=0.8692 depth=0.0174
  Epoch 19 [110/220] loss=0.0172 mask=0.8717 depth=0.0172
  Epoch 19 [120/220] loss=0.0172 mask=0.8708 depth=0.0172
  Epoch 19 [130/220] loss=0.0179 mask=0.8714 depth=0.0179
  Epoch 19 [140/220] loss=0.0178 mask=0.8676 depth=0.0178
  Epoch 19 [150/220] loss=0.0175 mask=0.8690 depth=0.0175
  Epoch 19 [160/220] loss=0.0176 mask=0.8693 depth=0.0176
  Epoch 19 [170/220] loss=0.0178 mask=0.8698 depth=0.0178
  Epoch 19 [180/220] loss=0.0175 mask=0.8683 depth=0.0175
  Epoch 19 [190/220] loss=0.0172 mask=0.8690 depth=0.0172
  Epoch 19 [200/220] loss=0.0170 mask=0.8685 depth=0.0170
  Epoch 19 [210/220] loss=0.0169 mask=0.8672 depth=0.0169
  Epoch 19 [220/220] loss=0.0167 mask=0.8663 depth=0.0167
  Train: loss=0.0167 mask=0.8663 depth=0.0167 time=239.6s
  Val epoch 19: loss=0.2599
  Saved best phase2 model (val_loss=0.2599)

=== Phase2 Epoch 20/49 ===
  Epoch 20 [10/220] loss=0.0122 mask=0.8663 depth=0.0122
  Epoch 20 [20/220] loss=0.0133 mask=0.8796 depth=0.0133
  Epoch 20 [30/220] loss=0.0136 mask=0.8799 depth=0.0136
  Epoch 20 [40/220] loss=0.0136 mask=0.8743 depth=0.0136
  Epoch 20 [50/220] loss=0.0132 mask=0.8794 depth=0.0132
  Epoch 20 [60/220] loss=0.0139 mask=0.8812 depth=0.0139
  Epoch 20 [70/220] loss=0.0138 mask=0.8851 depth=0.0138
  Epoch 20 [80/220] loss=0.0132 mask=0.8750 depth=0.0132
  Epoch 20 [90/220] loss=0.0129 mask=0.8732 depth=0.0129
  Epoch 20 [100/220] loss=0.0135 mask=0.8708 depth=0.0135
  Epoch 20 [110/220] loss=0.0144 mask=0.8714 depth=0.0144
  Epoch 20 [120/220] loss=0.0145 mask=0.8659 depth=0.0145
  Epoch 20 [130/220] loss=0.0143 mask=0.8635 depth=0.0143
  Epoch 20 [140/220] loss=0.0141 mask=0.8649 depth=0.0141
  Epoch 20 [150/220] loss=0.0139 mask=0.8658 depth=0.0139
  Epoch 20 [160/220] loss=0.0138 mask=0.8651 depth=0.0138
  Epoch 20 [170/220] loss=0.0139 mask=0.8656 depth=0.0139
  Epoch 20 [180/220] loss=0.0138 mask=0.8652 depth=0.0138
  Epoch 20 [190/220] loss=0.0136 mask=0.8649 depth=0.0136
  Epoch 20 [200/220] loss=0.0139 mask=0.8659 depth=0.0139
  Epoch 20 [210/220] loss=0.0142 mask=0.8653 depth=0.0142
  Epoch 20 [220/220] loss=0.0146 mask=0.8651 depth=0.0146
  Train: loss=0.0146 mask=0.8651 depth=0.0146 time=240.7s
  Val epoch 20: loss=0.2585
  Saved best phase2 model (val_loss=0.2585)

=== Phase2 Epoch 21/49 ===
  Epoch 21 [10/220] loss=0.0093 mask=0.8709 depth=0.0093
  Epoch 21 [20/220] loss=0.0122 mask=0.8744 depth=0.0122
  Epoch 21 [30/220] loss=0.0138 mask=0.8904 depth=0.0138
  Epoch 21 [40/220] loss=0.0161 mask=0.8883 depth=0.0161
  Epoch 21 [50/220] loss=0.0148 mask=0.8838 depth=0.0148
  Epoch 21 [60/220] loss=0.0147 mask=0.8856 depth=0.0147
  Epoch 21 [70/220] loss=0.0148 mask=0.8869 depth=0.0148
  Epoch 21 [80/220] loss=0.0145 mask=0.8837 depth=0.0145
  Epoch 21 [90/220] loss=0.0141 mask=0.8800 depth=0.0141
  Epoch 21 [100/220] loss=0.0140 mask=0.8799 depth=0.0140
  Epoch 21 [110/220] loss=0.0136 mask=0.8790 depth=0.0136
  Epoch 21 [120/220] loss=0.0136 mask=0.8786 depth=0.0136
  Epoch 21 [130/220] loss=0.0135 mask=0.8783 depth=0.0135
  Epoch 21 [140/220] loss=0.0138 mask=0.8786 depth=0.0138
  Epoch 21 [150/220] loss=0.0138 mask=0.8788 depth=0.0138
  Epoch 21 [160/220] loss=0.0136 mask=0.8782 depth=0.0136
  Epoch 21 [170/220] loss=0.0135 mask=0.8795 depth=0.0135
  Epoch 21 [180/220] loss=0.0133 mask=0.8779 depth=0.0133
  Epoch 21 [190/220] loss=0.0134 mask=0.8760 depth=0.0134
  Epoch 21 [200/220] loss=0.0133 mask=0.8748 depth=0.0133
  Epoch 21 [210/220] loss=0.0131 mask=0.8751 depth=0.0131
  Epoch 21 [220/220] loss=0.0130 mask=0.8728 depth=0.0130
  Train: loss=0.0130 mask=0.8728 depth=0.0130 time=237.2s
  Val epoch 21: loss=0.2664

=== Phase2 Epoch 22/49 ===
  Epoch 22 [10/220] loss=0.0127 mask=0.8509 depth=0.0127
  Epoch 22 [20/220] loss=0.0129 mask=0.8645 depth=0.0129
  Epoch 22 [30/220] loss=0.0116 mask=0.8693 depth=0.0116
  Epoch 22 [40/220] loss=0.0116 mask=0.8585 depth=0.0116
  Epoch 22 [50/220] loss=0.0120 mask=0.8487 depth=0.0120
  Epoch 22 [60/220] loss=0.0116 mask=0.8495 depth=0.0116
  Epoch 22 [70/220] loss=0.0117 mask=0.8585 depth=0.0117
  Epoch 22 [80/220] loss=0.0119 mask=0.8628 depth=0.0119
  Epoch 22 [90/220] loss=0.0124 mask=0.8638 depth=0.0124
  Epoch 22 [100/220] loss=0.0127 mask=0.8678 depth=0.0127
  Epoch 22 [110/220] loss=0.0129 mask=0.8685 depth=0.0129
  Epoch 22 [120/220] loss=0.0126 mask=0.8707 depth=0.0126
  Epoch 22 [130/220] loss=0.0126 mask=0.8710 depth=0.0126
  Epoch 22 [140/220] loss=0.0127 mask=0.8713 depth=0.0127
  Epoch 22 [150/220] loss=0.0126 mask=0.8721 depth=0.0126
  Epoch 22 [160/220] loss=0.0125 mask=0.8722 depth=0.0125
  Epoch 22 [170/220] loss=0.0124 mask=0.8740 depth=0.0124
  Epoch 22 [180/220] loss=0.0124 mask=0.8757 depth=0.0124
  Epoch 22 [190/220] loss=0.0122 mask=0.8735 depth=0.0122
  Epoch 22 [200/220] loss=0.0123 mask=0.8741 depth=0.0123
  Epoch 22 [210/220] loss=0.0125 mask=0.8749 depth=0.0125
  Epoch 22 [220/220] loss=0.0126 mask=0.8746 depth=0.0126
  Train: loss=0.0126 mask=0.8746 depth=0.0126 time=220.3s
  Val epoch 22: loss=0.2654

=== Phase2 Epoch 23/49 ===
  Epoch 23 [10/220] loss=0.0080 mask=0.8829 depth=0.0080
  Epoch 23 [20/220] loss=0.0098 mask=0.8683 depth=0.0098
  Epoch 23 [30/220] loss=0.0122 mask=0.8782 depth=0.0122
  Epoch 23 [40/220] loss=0.0112 mask=0.8685 depth=0.0112
  Epoch 23 [50/220] loss=0.0111 mask=0.8724 depth=0.0111
  Epoch 23 [60/220] loss=0.0120 mask=0.8685 depth=0.0120
  Epoch 23 [70/220] loss=0.0117 mask=0.8675 depth=0.0117
  Epoch 23 [80/220] loss=0.0122 mask=0.8676 depth=0.0122
  Epoch 23 [90/220] loss=0.0123 mask=0.8637 depth=0.0123
  Epoch 23 [100/220] loss=0.0130 mask=0.8610 depth=0.0130
  Epoch 23 [110/220] loss=0.0129 mask=0.8651 depth=0.0129
  Epoch 23 [120/220] loss=0.0131 mask=0.8643 depth=0.0131
  Epoch 23 [130/220] loss=0.0131 mask=0.8639 depth=0.0131
  Epoch 23 [140/220] loss=0.0128 mask=0.8639 depth=0.0128
  Epoch 23 [150/220] loss=0.0126 mask=0.8680 depth=0.0126
  Epoch 23 [160/220] loss=0.0127 mask=0.8710 depth=0.0127
  Epoch 23 [170/220] loss=0.0125 mask=0.8700 depth=0.0125
  Epoch 23 [180/220] loss=0.0124 mask=0.8689 depth=0.0124
  Epoch 23 [190/220] loss=0.0124 mask=0.8721 depth=0.0124
  Epoch 23 [200/220] loss=0.0126 mask=0.8730 depth=0.0126
  Epoch 23 [210/220] loss=0.0127 mask=0.8715 depth=0.0127
  Epoch 23 [220/220] loss=0.0125 mask=0.8710 depth=0.0125
  Train: loss=0.0125 mask=0.8710 depth=0.0125 time=241.3s
  Val epoch 23: loss=0.2657

=== Phase2 Epoch 24/49 ===
  Epoch 24 [10/220] loss=0.0157 mask=0.8837 depth=0.0157
  Epoch 24 [20/220] loss=0.0120 mask=0.8876 depth=0.0120
  Epoch 24 [30/220] loss=0.0137 mask=0.8865 depth=0.0137
  Epoch 24 [40/220] loss=0.0137 mask=0.8867 depth=0.0137
  Epoch 24 [50/220] loss=0.0124 mask=0.8792 depth=0.0124
  Epoch 24 [60/220] loss=0.0126 mask=0.8808 depth=0.0126
  Epoch 24 [70/220] loss=0.0125 mask=0.8797 depth=0.0125
  Epoch 24 [80/220] loss=0.0122 mask=0.8795 depth=0.0122
  Epoch 24 [90/220] loss=0.0124 mask=0.8763 depth=0.0124
  Epoch 24 [100/220] loss=0.0123 mask=0.8784 depth=0.0123
  Epoch 24 [110/220] loss=0.0119 mask=0.8779 depth=0.0119
  Epoch 24 [120/220] loss=0.0117 mask=0.8780 depth=0.0117
  Epoch 24 [130/220] loss=0.0115 mask=0.8789 depth=0.0115
  Epoch 24 [140/220] loss=0.0116 mask=0.8773 depth=0.0116
  Epoch 24 [150/220] loss=0.0117 mask=0.8772 depth=0.0117
  Epoch 24 [160/220] loss=0.0116 mask=0.8739 depth=0.0116
  Epoch 24 [170/220] loss=0.0115 mask=0.8718 depth=0.0115
  Epoch 24 [180/220] loss=0.0117 mask=0.8706 depth=0.0117
  Epoch 24 [190/220] loss=0.0117 mask=0.8709 depth=0.0117
  Epoch 24 [200/220] loss=0.0116 mask=0.8708 depth=0.0116
  Epoch 24 [210/220] loss=0.0117 mask=0.8704 depth=0.0117
  Epoch 24 [220/220] loss=0.0116 mask=0.8709 depth=0.0116
  Train: loss=0.0116 mask=0.8709 depth=0.0116 time=224.5s
  Val epoch 24: loss=0.2621

=== Phase2 Epoch 25/49 ===
  Epoch 25 [10/220] loss=0.0107 mask=0.8824 depth=0.0107
  Epoch 25 [20/220] loss=0.0106 mask=0.8676 depth=0.0106
  Epoch 25 [30/220] loss=0.0113 mask=0.8708 depth=0.0113
  Epoch 25 [40/220] loss=0.0114 mask=0.8654 depth=0.0114
  Epoch 25 [50/220] loss=0.0122 mask=0.8575 depth=0.0122
  Epoch 25 [60/220] loss=0.0118 mask=0.8617 depth=0.0118
  Epoch 25 [70/220] loss=0.0121 mask=0.8666 depth=0.0121
  Epoch 25 [80/220] loss=0.0119 mask=0.8658 depth=0.0119
  Epoch 25 [90/220] loss=0.0114 mask=0.8642 depth=0.0114
  Epoch 25 [100/220] loss=0.0112 mask=0.8658 depth=0.0112
  Epoch 25 [110/220] loss=0.0108 mask=0.8643 depth=0.0108
  Epoch 25 [120/220] loss=0.0109 mask=0.8662 depth=0.0109
  Epoch 25 [130/220] loss=0.0108 mask=0.8674 depth=0.0108
  Epoch 25 [140/220] loss=0.0108 mask=0.8683 depth=0.0108
  Epoch 25 [150/220] loss=0.0110 mask=0.8691 depth=0.0110
  Epoch 25 [160/220] loss=0.0111 mask=0.8719 depth=0.0111
  Epoch 25 [170/220] loss=0.0112 mask=0.8710 depth=0.0112
  Epoch 25 [180/220] loss=0.0110 mask=0.8706 depth=0.0110
  Epoch 25 [190/220] loss=0.0110 mask=0.8712 depth=0.0110
  Epoch 25 [200/220] loss=0.0112 mask=0.8725 depth=0.0112
  Epoch 25 [210/220] loss=0.0112 mask=0.8735 depth=0.0112
  Epoch 25 [220/220] loss=0.0111 mask=0.8709 depth=0.0111
  Train: loss=0.0111 mask=0.8709 depth=0.0111 time=253.2s
  Val epoch 25: loss=0.2599

=== Phase2 Epoch 26/49 ===
  Epoch 26 [10/220] loss=0.0156 mask=0.8400 depth=0.0156
  Epoch 26 [20/220] loss=0.0117 mask=0.8582 depth=0.0117
  Epoch 26 [30/220] loss=0.0106 mask=0.8614 depth=0.0106
  Epoch 26 [40/220] loss=0.0112 mask=0.8722 depth=0.0112
  Epoch 26 [50/220] loss=0.0105 mask=0.8708 depth=0.0105
  Epoch 26 [60/220] loss=0.0106 mask=0.8713 depth=0.0106
  Epoch 26 [70/220] loss=0.0105 mask=0.8669 depth=0.0105
  Epoch 26 [80/220] loss=0.0109 mask=0.8713 depth=0.0109
  Epoch 26 [90/220] loss=0.0111 mask=0.8719 depth=0.0111
  Epoch 26 [100/220] loss=0.0110 mask=0.8682 depth=0.0110
  Epoch 26 [110/220] loss=0.0114 mask=0.8694 depth=0.0114
  Epoch 26 [120/220] loss=0.0114 mask=0.8688 depth=0.0114
  Epoch 26 [130/220] loss=0.0117 mask=0.8720 depth=0.0117
  Epoch 26 [140/220] loss=0.0114 mask=0.8724 depth=0.0114
  Epoch 26 [150/220] loss=0.0118 mask=0.8718 depth=0.0118
  Epoch 26 [160/220] loss=0.0116 mask=0.8718 depth=0.0116
  Epoch 26 [170/220] loss=0.0115 mask=0.8740 depth=0.0115
  Epoch 26 [180/220] loss=0.0115 mask=0.8764 depth=0.0115
  Epoch 26 [190/220] loss=0.0115 mask=0.8741 depth=0.0115
  Epoch 26 [200/220] loss=0.0114 mask=0.8732 depth=0.0114
  Epoch 26 [210/220] loss=0.0113 mask=0.8750 depth=0.0113
  Epoch 26 [220/220] loss=0.0113 mask=0.8719 depth=0.0113
  Train: loss=0.0113 mask=0.8719 depth=0.0113 time=258.0s
  Val epoch 26: loss=0.2607

=== Phase2 Epoch 27/49 ===
  Epoch 27 [10/220] loss=0.0083 mask=0.8581 depth=0.0083
  Epoch 27 [20/220] loss=0.0083 mask=0.8723 depth=0.0083
  Epoch 27 [30/220] loss=0.0078 mask=0.8768 depth=0.0078
  Epoch 27 [40/220] loss=0.0081 mask=0.8752 depth=0.0081
  Epoch 27 [50/220] loss=0.0081 mask=0.8735 depth=0.0081
  Epoch 27 [60/220] loss=0.0083 mask=0.8717 depth=0.0083
  Epoch 27 [70/220] loss=0.0082 mask=0.8698 depth=0.0082
  Epoch 27 [80/220] loss=0.0084 mask=0.8712 depth=0.0084
  Epoch 27 [90/220] loss=0.0086 mask=0.8692 depth=0.0086
  Epoch 27 [100/220] loss=0.0086 mask=0.8694 depth=0.0086
  Epoch 27 [110/220] loss=0.0088 mask=0.8722 depth=0.0088
  Epoch 27 [120/220] loss=0.0099 mask=0.8734 depth=0.0099
  Epoch 27 [130/220] loss=0.0104 mask=0.8749 depth=0.0104
  Epoch 27 [140/220] loss=0.0104 mask=0.8739 depth=0.0104
  Epoch 27 [150/220] loss=0.0107 mask=0.8730 depth=0.0107
  Epoch 27 [160/220] loss=0.0106 mask=0.8744 depth=0.0106
  Epoch 27 [170/220] loss=0.0107 mask=0.8760 depth=0.0107
  Epoch 27 [180/220] loss=0.0105 mask=0.8748 depth=0.0105
  Epoch 27 [190/220] loss=0.0106 mask=0.8728 depth=0.0106
  Epoch 27 [200/220] loss=0.0110 mask=0.8717 depth=0.0110
  Epoch 27 [210/220] loss=0.0111 mask=0.8701 depth=0.0111
  Epoch 27 [220/220] loss=0.0110 mask=0.8704 depth=0.0110
  Train: loss=0.0110 mask=0.8704 depth=0.0110 time=249.7s
  Val epoch 27: loss=0.2615

=== Phase2 Epoch 28/49 ===
  Epoch 28 [10/220] loss=0.0103 mask=0.9021 depth=0.0103
  Epoch 28 [20/220] loss=0.0108 mask=0.8872 depth=0.0108
  Epoch 28 [30/220] loss=0.0101 mask=0.8819 depth=0.0101
  Epoch 28 [40/220] loss=0.0106 mask=0.8831 depth=0.0106
  Epoch 28 [50/220] loss=0.0103 mask=0.8721 depth=0.0103
  Epoch 28 [60/220] loss=0.0103 mask=0.8727 depth=0.0103
  Epoch 28 [70/220] loss=0.0101 mask=0.8727 depth=0.0101
  Epoch 28 [80/220] loss=0.0104 mask=0.8738 depth=0.0104
  Epoch 28 [90/220] loss=0.0103 mask=0.8748 depth=0.0103
  Epoch 28 [100/220] loss=0.0100 mask=0.8720 depth=0.0100
  Epoch 28 [110/220] loss=0.0101 mask=0.8701 depth=0.0101
  Epoch 28 [120/220] loss=0.0101 mask=0.8734 depth=0.0101
  Epoch 28 [130/220] loss=0.0101 mask=0.8699 depth=0.0101
  Epoch 28 [140/220] loss=0.0101 mask=0.8707 depth=0.0101
  Epoch 28 [150/220] loss=0.0100 mask=0.8731 depth=0.0100
  Epoch 28 [160/220] loss=0.0099 mask=0.8715 depth=0.0099
  Epoch 28 [170/220] loss=0.0098 mask=0.8713 depth=0.0098
  Epoch 28 [180/220] loss=0.0098 mask=0.8704 depth=0.0098
  Epoch 28 [190/220] loss=0.0100 mask=0.8700 depth=0.0100
  Epoch 28 [200/220] loss=0.0101 mask=0.8704 depth=0.0101
  Epoch 28 [210/220] loss=0.0101 mask=0.8699 depth=0.0101
  Epoch 28 [220/220] loss=0.0101 mask=0.8708 depth=0.0101
  Train: loss=0.0101 mask=0.8708 depth=0.0101 time=251.2s
  Val epoch 28: loss=0.2647

=== Phase2 Epoch 29/49 ===
  Epoch 29 [10/220] loss=0.0077 mask=0.8644 depth=0.0077
  Epoch 29 [20/220] loss=0.0089 mask=0.8567 depth=0.0089
  Epoch 29 [30/220] loss=0.0091 mask=0.8611 depth=0.0091
  Epoch 29 [40/220] loss=0.0091 mask=0.8612 depth=0.0091
  Epoch 29 [50/220] loss=0.0089 mask=0.8640 depth=0.0089
  Epoch 29 [60/220] loss=0.0088 mask=0.8689 depth=0.0088
  Epoch 29 [70/220] loss=0.0101 mask=0.8703 depth=0.0101
  Epoch 29 [80/220] loss=0.0100 mask=0.8717 depth=0.0100
  Epoch 29 [90/220] loss=0.0099 mask=0.8728 depth=0.0099
  Epoch 29 [100/220] loss=0.0097 mask=0.8740 depth=0.0097
  Epoch 29 [110/220] loss=0.0095 mask=0.8736 depth=0.0095
  Epoch 29 [120/220] loss=0.0091 mask=0.8745 depth=0.0091
  Epoch 29 [130/220] loss=0.0093 mask=0.8753 depth=0.0093
  Epoch 29 [140/220] loss=0.0091 mask=0.8733 depth=0.0091
  Epoch 29 [150/220] loss=0.0093 mask=0.8718 depth=0.0093
  Epoch 29 [160/220] loss=0.0091 mask=0.8681 depth=0.0091
  Epoch 29 [170/220] loss=0.0090 mask=0.8695 depth=0.0090
  Epoch 29 [180/220] loss=0.0093 mask=0.8707 depth=0.0093
  Epoch 29 [190/220] loss=0.0093 mask=0.8704 depth=0.0093
  Epoch 29 [200/220] loss=0.0094 mask=0.8705 depth=0.0094
  Epoch 29 [210/220] loss=0.0093 mask=0.8694 depth=0.0093
  Epoch 29 [220/220] loss=0.0093 mask=0.8699 depth=0.0093
  Train: loss=0.0093 mask=0.8699 depth=0.0093 time=256.8s
  Val epoch 29: loss=0.2581
  Saved best phase2 model (val_loss=0.2581)

=== Phase2 Epoch 30/49 ===
  Epoch 30 [10/220] loss=0.0072 mask=0.8713 depth=0.0072
  Epoch 30 [20/220] loss=0.0065 mask=0.8721 depth=0.0065
  Epoch 30 [30/220] loss=0.0074 mask=0.8713 depth=0.0074
  Epoch 30 [40/220] loss=0.0073 mask=0.8797 depth=0.0073
  Epoch 30 [50/220] loss=0.0082 mask=0.8808 depth=0.0082
  Epoch 30 [60/220] loss=0.0084 mask=0.8815 depth=0.0084
  Epoch 30 [70/220] loss=0.0088 mask=0.8789 depth=0.0088
  Epoch 30 [80/220] loss=0.0084 mask=0.8746 depth=0.0084
  Epoch 30 [90/220] loss=0.0083 mask=0.8773 depth=0.0083
  Epoch 30 [100/220] loss=0.0083 mask=0.8723 depth=0.0083
  Epoch 30 [110/220] loss=0.0082 mask=0.8749 depth=0.0082
  Epoch 30 [120/220] loss=0.0082 mask=0.8733 depth=0.0082
  Epoch 30 [130/220] loss=0.0082 mask=0.8734 depth=0.0082
  Epoch 30 [140/220] loss=0.0081 mask=0.8742 depth=0.0081
  Epoch 30 [150/220] loss=0.0085 mask=0.8757 depth=0.0085
  Epoch 30 [160/220] loss=0.0085 mask=0.8771 depth=0.0085
  Epoch 30 [170/220] loss=0.0087 mask=0.8745 depth=0.0087
  Epoch 30 [180/220] loss=0.0090 mask=0.8755 depth=0.0090
  Epoch 30 [190/220] loss=0.0089 mask=0.8759 depth=0.0089
  Epoch 30 [200/220] loss=0.0089 mask=0.8758 depth=0.0089
  Epoch 30 [210/220] loss=0.0088 mask=0.8756 depth=0.0088
  Epoch 30 [220/220] loss=0.0087 mask=0.8745 depth=0.0087
  Train: loss=0.0087 mask=0.8745 depth=0.0087 time=246.6s
  Val epoch 30: loss=0.2598

=== Phase2 Epoch 31/49 ===
  Epoch 31 [10/220] loss=0.0058 mask=0.8819 depth=0.0058
  Epoch 31 [20/220] loss=0.0067 mask=0.8825 depth=0.0067
  Epoch 31 [30/220] loss=0.0079 mask=0.8738 depth=0.0079
  Epoch 31 [40/220] loss=0.0075 mask=0.8682 depth=0.0075
  Epoch 31 [50/220] loss=0.0074 mask=0.8766 depth=0.0074
  Epoch 31 [60/220] loss=0.0073 mask=0.8782 depth=0.0073
  Epoch 31 [70/220] loss=0.0077 mask=0.8806 depth=0.0077
  Epoch 31 [80/220] loss=0.0076 mask=0.8757 depth=0.0076
  Epoch 31 [90/220] loss=0.0074 mask=0.8756 depth=0.0074
  Epoch 31 [100/220] loss=0.0076 mask=0.8786 depth=0.0076
  Epoch 31 [110/220] loss=0.0077 mask=0.8778 depth=0.0077
  Epoch 31 [120/220] loss=0.0076 mask=0.8740 depth=0.0076
  Epoch 31 [130/220] loss=0.0075 mask=0.8716 depth=0.0075
  Epoch 31 [140/220] loss=0.0074 mask=0.8689 depth=0.0074
  Epoch 31 [150/220] loss=0.0076 mask=0.8665 depth=0.0076
  Epoch 31 [160/220] loss=0.0080 mask=0.8681 depth=0.0080
  Epoch 31 [170/220] loss=0.0080 mask=0.8662 depth=0.0080
  Epoch 31 [180/220] loss=0.0080 mask=0.8669 depth=0.0080
  Epoch 31 [190/220] loss=0.0080 mask=0.8661 depth=0.0080
  Epoch 31 [200/220] loss=0.0080 mask=0.8662 depth=0.0080
  Epoch 31 [210/220] loss=0.0081 mask=0.8689 depth=0.0081
  Epoch 31 [220/220] loss=0.0081 mask=0.8699 depth=0.0081
  Train: loss=0.0081 mask=0.8699 depth=0.0081 time=232.7s
  Val epoch 31: loss=0.2580
  Saved best phase2 model (val_loss=0.2580)

=== Phase2 Epoch 32/49 ===
  Epoch 32 [10/220] loss=0.0056 mask=0.8716 depth=0.0056
  Epoch 32 [20/220] loss=0.0077 mask=0.8782 depth=0.0077
  Epoch 32 [30/220] loss=0.0075 mask=0.8657 depth=0.0075
  Epoch 32 [40/220] loss=0.0081 mask=0.8699 depth=0.0081
  Epoch 32 [50/220] loss=0.0084 mask=0.8725 depth=0.0084
  Epoch 32 [60/220] loss=0.0080 mask=0.8737 depth=0.0080
  Epoch 32 [70/220] loss=0.0078 mask=0.8808 depth=0.0078
  Epoch 32 [80/220] loss=0.0082 mask=0.8789 depth=0.0082
  Epoch 32 [90/220] loss=0.0083 mask=0.8775 depth=0.0083
  Epoch 32 [100/220] loss=0.0081 mask=0.8773 depth=0.0081
  Epoch 32 [110/220] loss=0.0080 mask=0.8798 depth=0.0080
  Epoch 32 [120/220] loss=0.0081 mask=0.8797 depth=0.0081
  Epoch 32 [130/220] loss=0.0082 mask=0.8773 depth=0.0082
  Epoch 32 [140/220] loss=0.0081 mask=0.8731 depth=0.0081
  Epoch 32 [150/220] loss=0.0083 mask=0.8711 depth=0.0083
  Epoch 32 [160/220] loss=0.0081 mask=0.8693 depth=0.0081
  Epoch 32 [170/220] loss=0.0080 mask=0.8674 depth=0.0080
  Epoch 32 [180/220] loss=0.0081 mask=0.8678 depth=0.0081
  Epoch 32 [190/220] loss=0.0080 mask=0.8688 depth=0.0080
  Epoch 32 [200/220] loss=0.0081 mask=0.8688 depth=0.0081
  Epoch 32 [210/220] loss=0.0081 mask=0.8686 depth=0.0081
  Epoch 32 [220/220] loss=0.0083 mask=0.8686 depth=0.0083
  Train: loss=0.0083 mask=0.8686 depth=0.0083 time=224.8s
  Val epoch 32: loss=0.2586

=== Phase2 Epoch 33/49 ===
  Epoch 33 [10/220] loss=0.0074 mask=0.8487 depth=0.0074
  Epoch 33 [20/220] loss=0.0075 mask=0.8512 depth=0.0075
  Epoch 33 [30/220] loss=0.0082 mask=0.8573 depth=0.0082
  Epoch 33 [40/220] loss=0.0078 mask=0.8655 depth=0.0078
  Epoch 33 [50/220] loss=0.0074 mask=0.8591 depth=0.0074
  Epoch 33 [60/220] loss=0.0079 mask=0.8608 depth=0.0079
  Epoch 33 [70/220] loss=0.0084 mask=0.8612 depth=0.0084
  Epoch 33 [80/220] loss=0.0087 mask=0.8644 depth=0.0087
  Epoch 33 [90/220] loss=0.0085 mask=0.8652 depth=0.0085
  Epoch 33 [100/220] loss=0.0084 mask=0.8675 depth=0.0084
  Epoch 33 [110/220] loss=0.0083 mask=0.8652 depth=0.0083
  Epoch 33 [120/220] loss=0.0082 mask=0.8668 depth=0.0082
  Epoch 33 [130/220] loss=0.0081 mask=0.8670 depth=0.0081
  Epoch 33 [140/220] loss=0.0081 mask=0.8699 depth=0.0081
  Epoch 33 [150/220] loss=0.0079 mask=0.8704 depth=0.0079
  Epoch 33 [160/220] loss=0.0080 mask=0.8693 depth=0.0080
  Epoch 33 [170/220] loss=0.0079 mask=0.8683 depth=0.0079
  Epoch 33 [180/220] loss=0.0079 mask=0.8677 depth=0.0079
  Epoch 33 [190/220] loss=0.0079 mask=0.8689 depth=0.0079
  Epoch 33 [200/220] loss=0.0079 mask=0.8679 depth=0.0079
  Epoch 33 [210/220] loss=0.0084 mask=0.8685 depth=0.0084
  Epoch 33 [220/220] loss=0.0084 mask=0.8687 depth=0.0084
  Train: loss=0.0084 mask=0.8687 depth=0.0084 time=237.4s
  Val epoch 33: loss=0.2587

=== Phase2 Epoch 34/49 ===
  Epoch 34 [10/220] loss=0.0072 mask=0.8994 depth=0.0072
  Epoch 34 [20/220] loss=0.0078 mask=0.8845 depth=0.0078
  Epoch 34 [30/220] loss=0.0077 mask=0.8632 depth=0.0077
  Epoch 34 [40/220] loss=0.0073 mask=0.8649 depth=0.0073
  Epoch 34 [50/220] loss=0.0070 mask=0.8626 depth=0.0070
  Epoch 34 [60/220] loss=0.0070 mask=0.8662 depth=0.0070
  Epoch 34 [70/220] loss=0.0073 mask=0.8689 depth=0.0073
  Epoch 34 [80/220] loss=0.0073 mask=0.8698 depth=0.0073
  Epoch 34 [90/220] loss=0.0074 mask=0.8733 depth=0.0074
  Epoch 34 [100/220] loss=0.0078 mask=0.8743 depth=0.0078
  Epoch 34 [110/220] loss=0.0077 mask=0.8783 depth=0.0077
  Epoch 34 [120/220] loss=0.0075 mask=0.8785 depth=0.0075
  Epoch 34 [130/220] loss=0.0074 mask=0.8774 depth=0.0074
  Epoch 34 [140/220] loss=0.0076 mask=0.8770 depth=0.0076
  Epoch 34 [150/220] loss=0.0075 mask=0.8770 depth=0.0075
  Epoch 34 [160/220] loss=0.0076 mask=0.8746 depth=0.0076
  Epoch 34 [170/220] loss=0.0076 mask=0.8734 depth=0.0076
  Epoch 34 [180/220] loss=0.0078 mask=0.8703 depth=0.0078
  Epoch 34 [190/220] loss=0.0080 mask=0.8710 depth=0.0080
  Epoch 34 [200/220] loss=0.0079 mask=0.8712 depth=0.0079
  Epoch 34 [210/220] loss=0.0079 mask=0.8717 depth=0.0079
  Epoch 34 [220/220] loss=0.0081 mask=0.8716 depth=0.0081
  Train: loss=0.0081 mask=0.8716 depth=0.0081 time=244.7s
  Val epoch 34: loss=0.2604

=== Phase2 Epoch 35/49 ===
  Epoch 35 [10/220] loss=0.0080 mask=0.8604 depth=0.0080
  Epoch 35 [20/220] loss=0.0073 mask=0.8734 depth=0.0073
  Epoch 35 [30/220] loss=0.0074 mask=0.8694 depth=0.0074
  Epoch 35 [40/220] loss=0.0107 mask=0.8699 depth=0.0107
  Epoch 35 [50/220] loss=0.0102 mask=0.8750 depth=0.0102
  Epoch 35 [60/220] loss=0.0098 mask=0.8732 depth=0.0098
  Epoch 35 [70/220] loss=0.0095 mask=0.8707 depth=0.0095
  Epoch 35 [80/220] loss=0.0096 mask=0.8714 depth=0.0096
  Epoch 35 [90/220] loss=0.0093 mask=0.8676 depth=0.0093
  Epoch 35 [100/220] loss=0.0092 mask=0.8689 depth=0.0092
  Epoch 35 [110/220] loss=0.0091 mask=0.8662 depth=0.0091
  Epoch 35 [120/220] loss=0.0089 mask=0.8666 depth=0.0089
  Epoch 35 [130/220] loss=0.0087 mask=0.8688 depth=0.0087
  Epoch 35 [140/220] loss=0.0085 mask=0.8697 depth=0.0085
  Epoch 35 [150/220] loss=0.0085 mask=0.8683 depth=0.0085
  Epoch 35 [160/220] loss=0.0085 mask=0.8680 depth=0.0085
  Epoch 35 [170/220] loss=0.0086 mask=0.8690 depth=0.0086
  Epoch 35 [180/220] loss=0.0085 mask=0.8679 depth=0.0085
  Epoch 35 [190/220] loss=0.0084 mask=0.8697 depth=0.0084
  Epoch 35 [200/220] loss=0.0083 mask=0.8707 depth=0.0083
  Epoch 35 [210/220] loss=0.0083 mask=0.8719 depth=0.0083
  Epoch 35 [220/220] loss=0.0082 mask=0.8725 depth=0.0082
  Train: loss=0.0082 mask=0.8725 depth=0.0082 time=247.7s
  Val epoch 35: loss=0.2572
  Saved best phase2 model (val_loss=0.2572)

=== Phase2 Epoch 36/49 ===
  Epoch 36 [10/220] loss=0.0068 mask=0.8885 depth=0.0068
  Epoch 36 [20/220] loss=0.0065 mask=0.8932 depth=0.0065
  Epoch 36 [30/220] loss=0.0066 mask=0.8875 depth=0.0066
  Epoch 36 [40/220] loss=0.0066 mask=0.8845 depth=0.0066
  Epoch 36 [50/220] loss=0.0066 mask=0.8806 depth=0.0066
  Epoch 36 [60/220] loss=0.0068 mask=0.8833 depth=0.0068
  Epoch 36 [70/220] loss=0.0071 mask=0.8836 depth=0.0071
  Epoch 36 [80/220] loss=0.0070 mask=0.8782 depth=0.0070
  Epoch 36 [90/220] loss=0.0070 mask=0.8798 depth=0.0070
  Epoch 36 [100/220] loss=0.0069 mask=0.8806 depth=0.0069
  Epoch 36 [110/220] loss=0.0070 mask=0.8762 depth=0.0070
  Epoch 36 [120/220] loss=0.0069 mask=0.8749 depth=0.0069
  Epoch 36 [130/220] loss=0.0073 mask=0.8751 depth=0.0073
  Epoch 36 [140/220] loss=0.0074 mask=0.8743 depth=0.0074
  Epoch 36 [150/220] loss=0.0077 mask=0.8748 depth=0.0077
  Epoch 36 [160/220] loss=0.0077 mask=0.8746 depth=0.0077
  Epoch 36 [170/220] loss=0.0076 mask=0.8753 depth=0.0076
  Epoch 36 [180/220] loss=0.0077 mask=0.8773 depth=0.0077
  Epoch 36 [190/220] loss=0.0078 mask=0.8755 depth=0.0078
  Epoch 36 [200/220] loss=0.0077 mask=0.8756 depth=0.0077
  Epoch 36 [210/220] loss=0.0075 mask=0.8745 depth=0.0075
  Epoch 36 [220/220] loss=0.0076 mask=0.8740 depth=0.0076
  Train: loss=0.0076 mask=0.8740 depth=0.0076 time=247.1s
  Val epoch 36: loss=0.2565
  Saved best phase2 model (val_loss=0.2565)

=== Phase2 Epoch 37/49 ===
  Epoch 37 [10/220] loss=0.0047 mask=0.8917 depth=0.0047
  Epoch 37 [20/220] loss=0.0053 mask=0.8915 depth=0.0053
  Epoch 37 [30/220] loss=0.0067 mask=0.8807 depth=0.0067
  Epoch 37 [40/220] loss=0.0073 mask=0.8808 depth=0.0073
  Epoch 37 [50/220] loss=0.0072 mask=0.8733 depth=0.0072
  Epoch 37 [60/220] loss=0.0071 mask=0.8799 depth=0.0071
  Epoch 37 [70/220] loss=0.0073 mask=0.8791 depth=0.0073
  Epoch 37 [80/220] loss=0.0071 mask=0.8766 depth=0.0071
  Epoch 37 [90/220] loss=0.0073 mask=0.8748 depth=0.0073
  Epoch 37 [100/220] loss=0.0071 mask=0.8737 depth=0.0071
  Epoch 37 [110/220] loss=0.0071 mask=0.8685 depth=0.0071
  Epoch 37 [120/220] loss=0.0070 mask=0.8699 depth=0.0070
  Epoch 37 [130/220] loss=0.0069 mask=0.8699 depth=0.0069
  Epoch 37 [140/220] loss=0.0069 mask=0.8714 depth=0.0069
  Epoch 37 [150/220] loss=0.0069 mask=0.8700 depth=0.0069
  Epoch 37 [160/220] loss=0.0069 mask=0.8679 depth=0.0069
  Epoch 37 [170/220] loss=0.0069 mask=0.8681 depth=0.0069
  Epoch 37 [180/220] loss=0.0070 mask=0.8718 depth=0.0070
  Epoch 37 [190/220] loss=0.0071 mask=0.8714 depth=0.0071
  Epoch 37 [200/220] loss=0.0072 mask=0.8702 depth=0.0072
  Epoch 37 [210/220] loss=0.0071 mask=0.8700 depth=0.0071
  Epoch 37 [220/220] loss=0.0072 mask=0.8696 depth=0.0072
  Train: loss=0.0072 mask=0.8696 depth=0.0072 time=244.1s
  Val epoch 37: loss=0.2578

=== Phase2 Epoch 38/49 ===
  Epoch 38 [10/220] loss=0.0047 mask=0.8796 depth=0.0047
  Epoch 38 [20/220] loss=0.0062 mask=0.8856 depth=0.0062
  Epoch 38 [30/220] loss=0.0063 mask=0.8845 depth=0.0063
  Epoch 38 [40/220] loss=0.0065 mask=0.8862 depth=0.0065
  Epoch 38 [50/220] loss=0.0063 mask=0.8781 depth=0.0063
  Epoch 38 [60/220] loss=0.0070 mask=0.8730 depth=0.0070
  Epoch 38 [70/220] loss=0.0073 mask=0.8749 depth=0.0073
  Epoch 38 [80/220] loss=0.0068 mask=0.8728 depth=0.0068
  Epoch 38 [90/220] loss=0.0069 mask=0.8723 depth=0.0069
  Epoch 38 [100/220] loss=0.0067 mask=0.8719 depth=0.0067
  Epoch 38 [110/220] loss=0.0067 mask=0.8717 depth=0.0067
  Epoch 38 [120/220] loss=0.0067 mask=0.8719 depth=0.0067
  Epoch 38 [130/220] loss=0.0070 mask=0.8737 depth=0.0070
  Epoch 38 [140/220] loss=0.0068 mask=0.8739 depth=0.0068
  Epoch 38 [150/220] loss=0.0068 mask=0.8752 depth=0.0068
  Epoch 38 [160/220] loss=0.0067 mask=0.8733 depth=0.0067
  Epoch 38 [170/220] loss=0.0070 mask=0.8729 depth=0.0070
  Epoch 38 [180/220] loss=0.0070 mask=0.8736 depth=0.0070
  Epoch 38 [190/220] loss=0.0069 mask=0.8708 depth=0.0069
  Epoch 38 [200/220] loss=0.0069 mask=0.8711 depth=0.0069
  Epoch 38 [210/220] loss=0.0070 mask=0.8691 depth=0.0070
  Epoch 38 [220/220] loss=0.0070 mask=0.8704 depth=0.0070
  Train: loss=0.0070 mask=0.8704 depth=0.0070 time=239.6s
  Val epoch 38: loss=0.2564
  Saved best phase2 model (val_loss=0.2564)

=== Phase2 Epoch 39/49 ===
  Epoch 39 [10/220] loss=0.0065 mask=0.8565 depth=0.0065
  Epoch 39 [20/220] loss=0.0064 mask=0.8586 depth=0.0064
  Epoch 39 [30/220] loss=0.0066 mask=0.8733 depth=0.0066
  Epoch 39 [40/220] loss=0.0072 mask=0.8760 depth=0.0072
  Epoch 39 [50/220] loss=0.0071 mask=0.8810 depth=0.0071
  Epoch 39 [60/220] loss=0.0070 mask=0.8811 depth=0.0070
  Epoch 39 [70/220] loss=0.0072 mask=0.8775 depth=0.0072
  Epoch 39 [80/220] loss=0.0072 mask=0.8749 depth=0.0072
  Epoch 39 [90/220] loss=0.0072 mask=0.8760 depth=0.0072
  Epoch 39 [100/220] loss=0.0074 mask=0.8784 depth=0.0074
  Epoch 39 [110/220] loss=0.0073 mask=0.8770 depth=0.0073
  Epoch 39 [120/220] loss=0.0075 mask=0.8755 depth=0.0075
  Epoch 39 [130/220] loss=0.0075 mask=0.8774 depth=0.0075
  Epoch 39 [140/220] loss=0.0075 mask=0.8782 depth=0.0075
  Epoch 39 [150/220] loss=0.0074 mask=0.8777 depth=0.0074
  Epoch 39 [160/220] loss=0.0074 mask=0.8754 depth=0.0074
  Epoch 39 [170/220] loss=0.0073 mask=0.8732 depth=0.0073
  Epoch 39 [180/220] loss=0.0073 mask=0.8732 depth=0.0073
  Epoch 39 [190/220] loss=0.0072 mask=0.8733 depth=0.0072
  Epoch 39 [200/220] loss=0.0072 mask=0.8733 depth=0.0072
  Epoch 39 [210/220] loss=0.0072 mask=0.8732 depth=0.0072
  Epoch 39 [220/220] loss=0.0072 mask=0.8725 depth=0.0072
  Train: loss=0.0072 mask=0.8725 depth=0.0072 time=227.6s
  Val epoch 39: loss=0.2569

=== Phase2 Epoch 40/49 ===
  Epoch 40 [10/220] loss=0.0079 mask=0.8633 depth=0.0079
  Epoch 40 [20/220] loss=0.0069 mask=0.8545 depth=0.0069
  Epoch 40 [30/220] loss=0.0065 mask=0.8564 depth=0.0065
  Epoch 40 [40/220] loss=0.0060 mask=0.8600 depth=0.0060
  Epoch 40 [50/220] loss=0.0058 mask=0.8639 depth=0.0058
  Epoch 40 [60/220] loss=0.0061 mask=0.8661 depth=0.0061
  Epoch 40 [70/220] loss=0.0060 mask=0.8710 depth=0.0060
  Epoch 40 [80/220] loss=0.0061 mask=0.8696 depth=0.0061
  Epoch 40 [90/220] loss=0.0062 mask=0.8718 depth=0.0062
  Epoch 40 [100/220] loss=0.0063 mask=0.8680 depth=0.0063
  Epoch 40 [110/220] loss=0.0064 mask=0.8670 depth=0.0064
  Epoch 40 [120/220] loss=0.0065 mask=0.8671 depth=0.0065
  Epoch 40 [130/220] loss=0.0065 mask=0.8662 depth=0.0065
  Epoch 40 [140/220] loss=0.0064 mask=0.8662 depth=0.0064
  Epoch 40 [150/220] loss=0.0064 mask=0.8665 depth=0.0064
  Epoch 40 [160/220] loss=0.0065 mask=0.8681 depth=0.0065
  Epoch 40 [170/220] loss=0.0065 mask=0.8681 depth=0.0065
  Epoch 40 [180/220] loss=0.0066 mask=0.8687 depth=0.0066
  Epoch 40 [190/220] loss=0.0066 mask=0.8715 depth=0.0066
  Epoch 40 [200/220] loss=0.0067 mask=0.8712 depth=0.0067
  Epoch 40 [210/220] loss=0.0067 mask=0.8722 depth=0.0067
  Epoch 40 [220/220] loss=0.0068 mask=0.8728 depth=0.0068
  Train: loss=0.0068 mask=0.8728 depth=0.0068 time=218.6s
  Val epoch 40: loss=0.2556
  Saved best phase2 model (val_loss=0.2556)

=== Phase2 Epoch 41/49 ===
  Epoch 41 [10/220] loss=0.0088 mask=0.8601 depth=0.0088
  Epoch 41 [20/220] loss=0.0066 mask=0.8541 depth=0.0066
  Epoch 41 [30/220] loss=0.0067 mask=0.8635 depth=0.0067
  Epoch 41 [40/220] loss=0.0063 mask=0.8684 depth=0.0063
  Epoch 41 [50/220] loss=0.0062 mask=0.8696 depth=0.0062
  Epoch 41 [60/220] loss=0.0060 mask=0.8638 depth=0.0060
  Epoch 41 [70/220] loss=0.0059 mask=0.8648 depth=0.0059
  Epoch 41 [80/220] loss=0.0061 mask=0.8650 depth=0.0061
  Epoch 41 [90/220] loss=0.0062 mask=0.8657 depth=0.0062
  Epoch 41 [100/220] loss=0.0063 mask=0.8672 depth=0.0063
  Epoch 41 [110/220] loss=0.0065 mask=0.8690 depth=0.0065
  Epoch 41 [120/220] loss=0.0065 mask=0.8731 depth=0.0065
  Epoch 41 [130/220] loss=0.0063 mask=0.8747 depth=0.0063
  Epoch 41 [140/220] loss=0.0063 mask=0.8709 depth=0.0063
  Epoch 41 [150/220] loss=0.0062 mask=0.8694 depth=0.0062
  Epoch 41 [160/220] loss=0.0063 mask=0.8703 depth=0.0063
  Epoch 41 [170/220] loss=0.0064 mask=0.8705 depth=0.0064
  Epoch 41 [180/220] loss=0.0063 mask=0.8696 depth=0.0063
  Epoch 41 [190/220] loss=0.0063 mask=0.8713 depth=0.0063
  Epoch 41 [200/220] loss=0.0063 mask=0.8722 depth=0.0063
  Epoch 41 [210/220] loss=0.0064 mask=0.8734 depth=0.0064
  Epoch 41 [220/220] loss=0.0063 mask=0.8727 depth=0.0063
  Train: loss=0.0063 mask=0.8727 depth=0.0063 time=242.8s
  Val epoch 41: loss=0.2562

=== Phase2 Epoch 42/49 ===
  Epoch 42 [10/220] loss=0.0074 mask=0.8876 depth=0.0074
  Epoch 42 [20/220] loss=0.0084 mask=0.8797 depth=0.0084
  Epoch 42 [30/220] loss=0.0078 mask=0.8822 depth=0.0078
  Epoch 42 [40/220] loss=0.0074 mask=0.8773 depth=0.0074
  Epoch 42 [50/220] loss=0.0069 mask=0.8799 depth=0.0069
  Epoch 42 [60/220] loss=0.0071 mask=0.8796 depth=0.0071
  Epoch 42 [70/220] loss=0.0069 mask=0.8803 depth=0.0069
  Epoch 42 [80/220] loss=0.0069 mask=0.8801 depth=0.0069
  Epoch 42 [90/220] loss=0.0070 mask=0.8746 depth=0.0070
  Epoch 42 [100/220] loss=0.0068 mask=0.8769 depth=0.0068
  Epoch 42 [110/220] loss=0.0067 mask=0.8761 depth=0.0067
  Epoch 42 [120/220] loss=0.0065 mask=0.8773 depth=0.0065
  Epoch 42 [130/220] loss=0.0066 mask=0.8778 depth=0.0066
  Epoch 42 [140/220] loss=0.0067 mask=0.8771 depth=0.0067
  Epoch 42 [150/220] loss=0.0066 mask=0.8745 depth=0.0066
  Epoch 42 [160/220] loss=0.0065 mask=0.8743 depth=0.0065
  Epoch 42 [170/220] loss=0.0065 mask=0.8753 depth=0.0065
  Epoch 42 [180/220] loss=0.0065 mask=0.8739 depth=0.0065
  Epoch 42 [190/220] loss=0.0064 mask=0.8732 depth=0.0064
  Epoch 42 [200/220] loss=0.0065 mask=0.8723 depth=0.0065
  Epoch 42 [210/220] loss=0.0064 mask=0.8707 depth=0.0064
  Epoch 42 [220/220] loss=0.0065 mask=0.8711 depth=0.0065
  Train: loss=0.0065 mask=0.8711 depth=0.0065 time=250.1s
  Val epoch 42: loss=0.2573

=== Phase2 Epoch 43/49 ===
  Epoch 43 [10/220] loss=0.0064 mask=0.8774 depth=0.0064
  Epoch 43 [20/220] loss=0.0065 mask=0.8783 depth=0.0065
  Epoch 43 [30/220] loss=0.0072 mask=0.8806 depth=0.0072
  Epoch 43 [40/220] loss=0.0080 mask=0.8886 depth=0.0080
  Epoch 43 [50/220] loss=0.0076 mask=0.8903 depth=0.0076
  Epoch 43 [60/220] loss=0.0072 mask=0.8890 depth=0.0072
  Epoch 43 [70/220] loss=0.0071 mask=0.8834 depth=0.0071
  Epoch 43 [80/220] loss=0.0070 mask=0.8835 depth=0.0070
  Epoch 43 [90/220] loss=0.0070 mask=0.8816 depth=0.0070
  Epoch 43 [100/220] loss=0.0069 mask=0.8775 depth=0.0069
  Epoch 43 [110/220] loss=0.0068 mask=0.8792 depth=0.0068
  Epoch 43 [120/220] loss=0.0067 mask=0.8754 depth=0.0067
  Epoch 43 [130/220] loss=0.0065 mask=0.8732 depth=0.0065
  Epoch 43 [140/220] loss=0.0066 mask=0.8730 depth=0.0066
  Epoch 43 [150/220] loss=0.0066 mask=0.8765 depth=0.0066
  Epoch 43 [160/220] loss=0.0066 mask=0.8768 depth=0.0066
  Epoch 43 [170/220] loss=0.0066 mask=0.8768 depth=0.0066
  Epoch 43 [180/220] loss=0.0066 mask=0.8765 depth=0.0066
  Epoch 43 [190/220] loss=0.0066 mask=0.8776 depth=0.0066
  Epoch 43 [200/220] loss=0.0065 mask=0.8770 depth=0.0065
  Epoch 43 [210/220] loss=0.0065 mask=0.8774 depth=0.0065
  Epoch 43 [220/220] loss=0.0064 mask=0.8752 depth=0.0064
  Train: loss=0.0064 mask=0.8752 depth=0.0064 time=238.1s
  Val epoch 43: loss=0.2562

=== Phase2 Epoch 44/49 ===
  Epoch 44 [10/220] loss=0.0060 mask=0.8726 depth=0.0060
  Epoch 44 [20/220] loss=0.0056 mask=0.8849 depth=0.0056
  Epoch 44 [30/220] loss=0.0058 mask=0.8669 depth=0.0058
  Epoch 44 [40/220] loss=0.0065 mask=0.8719 depth=0.0065
  Epoch 44 [50/220] loss=0.0065 mask=0.8799 depth=0.0065
  Epoch 44 [60/220] loss=0.0065 mask=0.8871 depth=0.0065
  Epoch 44 [70/220] loss=0.0065 mask=0.8834 depth=0.0065
  Epoch 44 [80/220] loss=0.0065 mask=0.8862 depth=0.0065
  Epoch 44 [90/220] loss=0.0066 mask=0.8832 depth=0.0066
  Epoch 44 [100/220] loss=0.0066 mask=0.8829 depth=0.0066
  Epoch 44 [110/220] loss=0.0066 mask=0.8825 depth=0.0066
  Epoch 44 [120/220] loss=0.0066 mask=0.8814 depth=0.0066
  Epoch 44 [130/220] loss=0.0066 mask=0.8807 depth=0.0066
  Epoch 44 [140/220] loss=0.0065 mask=0.8794 depth=0.0065
  Epoch 44 [150/220] loss=0.0065 mask=0.8786 depth=0.0065
  Epoch 44 [160/220] loss=0.0064 mask=0.8780 depth=0.0064
  Epoch 44 [170/220] loss=0.0062 mask=0.8756 depth=0.0062
  Epoch 44 [180/220] loss=0.0062 mask=0.8755 depth=0.0062
  Epoch 44 [190/220] loss=0.0061 mask=0.8738 depth=0.0061
  Epoch 44 [200/220] loss=0.0062 mask=0.8750 depth=0.0062
  Epoch 44 [210/220] loss=0.0061 mask=0.8742 depth=0.0061
  Epoch 44 [220/220] loss=0.0061 mask=0.8731 depth=0.0061
  Train: loss=0.0061 mask=0.8731 depth=0.0061 time=229.3s
  Val epoch 44: loss=0.2575

=== Phase2 Epoch 45/49 ===
  Epoch 45 [10/220] loss=0.0049 mask=0.8560 depth=0.0049
  Epoch 45 [20/220] loss=0.0051 mask=0.8541 depth=0.0051
  Epoch 45 [30/220] loss=0.0056 mask=0.8523 depth=0.0056
  Epoch 45 [40/220] loss=0.0058 mask=0.8638 depth=0.0058
  Epoch 45 [50/220] loss=0.0058 mask=0.8693 depth=0.0058
  Epoch 45 [60/220] loss=0.0060 mask=0.8706 depth=0.0060
  Epoch 45 [70/220] loss=0.0058 mask=0.8702 depth=0.0058
  Epoch 45 [80/220] loss=0.0059 mask=0.8697 depth=0.0059
  Epoch 45 [90/220] loss=0.0064 mask=0.8713 depth=0.0064
  Epoch 45 [100/220] loss=0.0062 mask=0.8731 depth=0.0062
  Epoch 45 [110/220] loss=0.0062 mask=0.8725 depth=0.0062
  Epoch 45 [120/220] loss=0.0061 mask=0.8743 depth=0.0061
  Epoch 45 [130/220] loss=0.0060 mask=0.8726 depth=0.0060
  Epoch 45 [140/220] loss=0.0061 mask=0.8747 depth=0.0061
  Epoch 45 [150/220] loss=0.0061 mask=0.8730 depth=0.0061
  Epoch 45 [160/220] loss=0.0062 mask=0.8739 depth=0.0062
  Epoch 45 [170/220] loss=0.0063 mask=0.8760 depth=0.0063
  Epoch 45 [180/220] loss=0.0062 mask=0.8741 depth=0.0062
  Epoch 45 [190/220] loss=0.0062 mask=0.8736 depth=0.0062
  Epoch 45 [200/220] loss=0.0062 mask=0.8734 depth=0.0062
  Epoch 45 [210/220] loss=0.0062 mask=0.8734 depth=0.0062
  Epoch 45 [220/220] loss=0.0063 mask=0.8738 depth=0.0063
  Train: loss=0.0063 mask=0.8738 depth=0.0063 time=235.6s
  Val epoch 45: loss=0.2569

=== Phase2 Epoch 46/49 ===
  Epoch 46 [10/220] loss=0.0069 mask=0.8613 depth=0.0069
  Epoch 46 [20/220] loss=0.0070 mask=0.8543 depth=0.0070
  Epoch 46 [30/220] loss=0.0064 mask=0.8624 depth=0.0064
  Epoch 46 [40/220] loss=0.0063 mask=0.8584 depth=0.0063
  Epoch 46 [50/220] loss=0.0062 mask=0.8612 depth=0.0062
  Epoch 46 [60/220] loss=0.0062 mask=0.8633 depth=0.0062
  Epoch 46 [70/220] loss=0.0061 mask=0.8652 depth=0.0061
  Epoch 46 [80/220] loss=0.0062 mask=0.8694 depth=0.0062
  Epoch 46 [90/220] loss=0.0062 mask=0.8727 depth=0.0062
  Epoch 46 [100/220] loss=0.0063 mask=0.8749 depth=0.0063
  Epoch 46 [110/220] loss=0.0064 mask=0.8754 depth=0.0064
  Epoch 46 [120/220] loss=0.0063 mask=0.8769 depth=0.0063
  Epoch 46 [130/220] loss=0.0061 mask=0.8712 depth=0.0061
  Epoch 46 [140/220] loss=0.0061 mask=0.8747 depth=0.0061
  Epoch 46 [150/220] loss=0.0060 mask=0.8732 depth=0.0060
  Epoch 46 [160/220] loss=0.0060 mask=0.8746 depth=0.0060
  Epoch 46 [170/220] loss=0.0060 mask=0.8736 depth=0.0060
  Epoch 46 [180/220] loss=0.0061 mask=0.8737 depth=0.0061
  Epoch 46 [190/220] loss=0.0060 mask=0.8723 depth=0.0060
  Epoch 46 [200/220] loss=0.0061 mask=0.8713 depth=0.0061
  Epoch 46 [210/220] loss=0.0061 mask=0.8737 depth=0.0061
  Epoch 46 [220/220] loss=0.0062 mask=0.8736 depth=0.0062
  Train: loss=0.0062 mask=0.8736 depth=0.0062 time=234.2s
  Val epoch 46: loss=0.2578

=== Phase2 Epoch 47/49 ===
  Epoch 47 [10/220] loss=0.0064 mask=0.8881 depth=0.0064
  Epoch 47 [20/220] loss=0.0056 mask=0.8783 depth=0.0056
  Epoch 47 [30/220] loss=0.0061 mask=0.8758 depth=0.0061
  Epoch 47 [40/220] loss=0.0064 mask=0.8787 depth=0.0064
  Epoch 47 [50/220] loss=0.0062 mask=0.8833 depth=0.0062
  Epoch 47 [60/220] loss=0.0060 mask=0.8814 depth=0.0060
  Epoch 47 [70/220] loss=0.0060 mask=0.8813 depth=0.0060
  Epoch 47 [80/220] loss=0.0065 mask=0.8760 depth=0.0065
  Epoch 47 [90/220] loss=0.0066 mask=0.8733 depth=0.0066
  Epoch 47 [100/220] loss=0.0068 mask=0.8780 depth=0.0068
  Epoch 47 [110/220] loss=0.0067 mask=0.8775 depth=0.0067
  Epoch 47 [120/220] loss=0.0065 mask=0.8756 depth=0.0065
  Epoch 47 [130/220] loss=0.0064 mask=0.8771 depth=0.0064
  Epoch 47 [140/220] loss=0.0064 mask=0.8748 depth=0.0064
  Epoch 47 [150/220] loss=0.0066 mask=0.8749 depth=0.0066
  Epoch 47 [160/220] loss=0.0065 mask=0.8726 depth=0.0065
  Epoch 47 [170/220] loss=0.0065 mask=0.8729 depth=0.0065
  Epoch 47 [180/220] loss=0.0065 mask=0.8734 depth=0.0065
  Epoch 47 [190/220] loss=0.0063 mask=0.8750 depth=0.0063
  Epoch 47 [200/220] loss=0.0064 mask=0.8760 depth=0.0064
  Epoch 47 [210/220] loss=0.0064 mask=0.8751 depth=0.0064
  Epoch 47 [220/220] loss=0.0064 mask=0.8755 depth=0.0064
  Train: loss=0.0064 mask=0.8755 depth=0.0064 time=235.2s
  Val epoch 47: loss=0.2576

=== Phase2 Epoch 48/49 ===
  Epoch 48 [10/220] loss=0.0074 mask=0.8843 depth=0.0074
  Epoch 48 [20/220] loss=0.0069 mask=0.8663 depth=0.0069
  Epoch 48 [30/220] loss=0.0072 mask=0.8716 depth=0.0072
  Epoch 48 [40/220] loss=0.0067 mask=0.8715 depth=0.0067
  Epoch 48 [50/220] loss=0.0061 mask=0.8709 depth=0.0061
  Epoch 48 [60/220] loss=0.0065 mask=0.8747 depth=0.0065
  Epoch 48 [70/220] loss=0.0065 mask=0.8796 depth=0.0065
  Epoch 48 [80/220] loss=0.0064 mask=0.8824 depth=0.0064
  Epoch 48 [90/220] loss=0.0063 mask=0.8852 depth=0.0063
  Epoch 48 [100/220] loss=0.0064 mask=0.8841 depth=0.0064
  Epoch 48 [110/220] loss=0.0062 mask=0.8817 depth=0.0062
  Epoch 48 [120/220] loss=0.0061 mask=0.8747 depth=0.0061
  Epoch 48 [130/220] loss=0.0062 mask=0.8740 depth=0.0062
  Epoch 48 [140/220] loss=0.0061 mask=0.8765 depth=0.0061
  Epoch 48 [150/220] loss=0.0060 mask=0.8747 depth=0.0060
  Epoch 48 [160/220] loss=0.0061 mask=0.8734 depth=0.0061
  Epoch 48 [170/220] loss=0.0061 mask=0.8747 depth=0.0061
  Epoch 48 [180/220] loss=0.0061 mask=0.8748 depth=0.0061
  Epoch 48 [190/220] loss=0.0061 mask=0.8761 depth=0.0061
  Epoch 48 [200/220] loss=0.0060 mask=0.8743 depth=0.0060
  Epoch 48 [210/220] loss=0.0060 mask=0.8747 depth=0.0060
  Epoch 48 [220/220] loss=0.0060 mask=0.8743 depth=0.0060
  Train: loss=0.0060 mask=0.8743 depth=0.0060 time=237.3s
  Val epoch 48: loss=0.2566

=== Phase2 Epoch 49/49 ===
  Epoch 49 [10/220] loss=0.0043 mask=0.9144 depth=0.0043
  Epoch 49 [20/220] loss=0.0049 mask=0.8993 depth=0.0049
  Epoch 49 [30/220] loss=0.0045 mask=0.8875 depth=0.0045
  Epoch 49 [40/220] loss=0.0052 mask=0.8878 depth=0.0052
  Epoch 49 [50/220] loss=0.0052 mask=0.8912 depth=0.0052
  Epoch 49 [60/220] loss=0.0055 mask=0.8939 depth=0.0055
  Epoch 49 [70/220] loss=0.0057 mask=0.8960 depth=0.0057
  Epoch 49 [80/220] loss=0.0058 mask=0.8921 depth=0.0058
  Epoch 49 [90/220] loss=0.0057 mask=0.8870 depth=0.0057
  Epoch 49 [100/220] loss=0.0057 mask=0.8884 depth=0.0057
  Epoch 49 [110/220] loss=0.0057 mask=0.8884 depth=0.0057
  Epoch 49 [120/220] loss=0.0056 mask=0.8882 depth=0.0056
  Epoch 49 [130/220] loss=0.0056 mask=0.8887 depth=0.0056
  Epoch 49 [140/220] loss=0.0057 mask=0.8896 depth=0.0057
  Epoch 49 [150/220] loss=0.0057 mask=0.8874 depth=0.0057
  Epoch 49 [160/220] loss=0.0057 mask=0.8859 depth=0.0057
  Epoch 49 [170/220] loss=0.0058 mask=0.8839 depth=0.0058
  Epoch 49 [180/220] loss=0.0058 mask=0.8803 depth=0.0058
  Epoch 49 [190/220] loss=0.0059 mask=0.8798 depth=0.0059
  Epoch 49 [200/220] loss=0.0060 mask=0.8798 depth=0.0060
  Epoch 49 [210/220] loss=0.0060 mask=0.8781 depth=0.0060
  Epoch 49 [220/220] loss=0.0060 mask=0.8778 depth=0.0060
  Train: loss=0.0060 mask=0.8778 depth=0.0060 time=237.7s
  Val epoch 49: loss=0.2563

Phase 2 complete. Best val loss: 0.2556
