nohup: ignoring input
/home/LXT/.conda/envs/dinov3-sam/lib/python3.10/runpy.py:126: RuntimeWarning: 'dinosam.train.trainer' found in sys.modules after import of package 'dinosam.train', but prior to execution of 'dinosam.train.trainer'; this may result in unpredictable behaviour
  warn(RuntimeWarning(msg))
Initialized depth branch from SAM inner weights (depth_prediction_head random)
Train samples: 880  Val samples: 220

============================================================
PHASE 2: Depth training (depth loss, only depth branch trainable)
============================================================
Loading phase 1 checkpoint: /data3/LXT/DINOv3-SAM/model_sam/nolit_sam_0/phase1_best.pt
Initialized depth branch from SAM inner weights (depth_prediction_head random)
Phase 2: Total params: 97,379,069  Trainable: 3,643,597

=== Phase2 Epoch 0/49 ===
  Epoch 0 [10/220] loss=0.3382 mask=0.2592 depth=0.3382
  Epoch 0 [20/220] loss=0.3841 mask=0.2877 depth=0.3841
  Epoch 0 [30/220] loss=0.3762 mask=0.2885 depth=0.3762
  Epoch 0 [40/220] loss=0.3668 mask=0.2794 depth=0.3668
  Epoch 0 [50/220] loss=0.3572 mask=0.2808 depth=0.3572
  Epoch 0 [60/220] loss=0.3453 mask=0.2805 depth=0.3453
  Epoch 0 [70/220] loss=0.3341 mask=0.2717 depth=0.3341
  Epoch 0 [80/220] loss=0.3253 mask=0.2757 depth=0.3253
  Epoch 0 [90/220] loss=0.3188 mask=0.2652 depth=0.3188
  Epoch 0 [100/220] loss=0.3184 mask=0.2660 depth=0.3184
  Epoch 0 [110/220] loss=0.3151 mask=0.2668 depth=0.3151
  Epoch 0 [120/220] loss=0.3219 mask=0.2644 depth=0.3219
  Epoch 0 [130/220] loss=0.3242 mask=0.2697 depth=0.3242
  Epoch 0 [140/220] loss=0.3228 mask=0.2733 depth=0.3228
  Epoch 0 [150/220] loss=0.3252 mask=0.2731 depth=0.3252
  Epoch 0 [160/220] loss=0.3189 mask=0.2734 depth=0.3189
  Epoch 0 [170/220] loss=0.3169 mask=0.2740 depth=0.3169
  Epoch 0 [180/220] loss=0.3088 mask=0.2697 depth=0.3088
  Epoch 0 [190/220] loss=0.3091 mask=0.2677 depth=0.3091
  Epoch 0 [200/220] loss=0.3087 mask=0.2695 depth=0.3087
  Epoch 0 [210/220] loss=0.3046 mask=0.2699 depth=0.3046
  Epoch 0 [220/220] loss=0.2974 mask=0.2716 depth=0.2974
  Train: loss=0.2974 mask=0.2716 depth=0.2974 time=114.2s
  Val epoch 0: loss=0.2422
  Saved best phase2 model (val_loss=0.2422)

=== Phase2 Epoch 1/49 ===
  Epoch 1 [10/220] loss=0.1870 mask=0.2485 depth=0.1870
  Epoch 1 [20/220] loss=0.1886 mask=0.2377 depth=0.1886
  Epoch 1 [30/220] loss=0.2053 mask=0.2537 depth=0.2053
  Epoch 1 [40/220] loss=0.2058 mask=0.2467 depth=0.2058
  Epoch 1 [50/220] loss=0.2180 mask=0.2414 depth=0.2180
  Epoch 1 [60/220] loss=0.2329 mask=0.2353 depth=0.2329
  Epoch 1 [70/220] loss=0.2394 mask=0.2461 depth=0.2394
  Epoch 1 [80/220] loss=0.2258 mask=0.2528 depth=0.2258
  Epoch 1 [90/220] loss=0.2286 mask=0.2593 depth=0.2286
  Epoch 1 [100/220] loss=0.2267 mask=0.2679 depth=0.2267
  Epoch 1 [110/220] loss=0.2306 mask=0.2698 depth=0.2306
  Epoch 1 [120/220] loss=0.2249 mask=0.2707 depth=0.2249
  Epoch 1 [130/220] loss=0.2248 mask=0.2758 depth=0.2248
  Epoch 1 [140/220] loss=0.2219 mask=0.2768 depth=0.2219
  Epoch 1 [150/220] loss=0.2153 mask=0.2782 depth=0.2153
  Epoch 1 [160/220] loss=0.2146 mask=0.2786 depth=0.2146
  Epoch 1 [170/220] loss=0.2132 mask=0.2796 depth=0.2132
  Epoch 1 [180/220] loss=0.2115 mask=0.2796 depth=0.2115
  Epoch 1 [190/220] loss=0.2140 mask=0.2783 depth=0.2140
  Epoch 1 [200/220] loss=0.2118 mask=0.2746 depth=0.2118
  Epoch 1 [210/220] loss=0.2125 mask=0.2743 depth=0.2125
  Epoch 1 [220/220] loss=0.2141 mask=0.2722 depth=0.2141
  Train: loss=0.2141 mask=0.2722 depth=0.2141 time=116.3s
  Val epoch 1: loss=0.1869
  Saved best phase2 model (val_loss=0.1869)

=== Phase2 Epoch 2/49 ===
  Epoch 2 [10/220] loss=0.2203 mask=0.2601 depth=0.2203
  Epoch 2 [20/220] loss=0.1994 mask=0.2661 depth=0.1994
  Epoch 2 [30/220] loss=0.1788 mask=0.2615 depth=0.1788
  Epoch 2 [40/220] loss=0.1703 mask=0.2907 depth=0.1703
  Epoch 2 [50/220] loss=0.1593 mask=0.2949 depth=0.1593
  Epoch 2 [60/220] loss=0.1482 mask=0.2856 depth=0.1482
  Epoch 2 [70/220] loss=0.1604 mask=0.2822 depth=0.1604
  Epoch 2 [80/220] loss=0.1672 mask=0.2765 depth=0.1672
  Epoch 2 [90/220] loss=0.1666 mask=0.2726 depth=0.1666
  Epoch 2 [100/220] loss=0.1591 mask=0.2684 depth=0.1591
  Epoch 2 [110/220] loss=0.1587 mask=0.2689 depth=0.1587
  Epoch 2 [120/220] loss=0.1593 mask=0.2758 depth=0.1593
  Epoch 2 [130/220] loss=0.1602 mask=0.2789 depth=0.1602
  Epoch 2 [140/220] loss=0.1578 mask=0.2784 depth=0.1578
  Epoch 2 [150/220] loss=0.1561 mask=0.2762 depth=0.1561
  Epoch 2 [160/220] loss=0.1578 mask=0.2774 depth=0.1578
  Epoch 2 [170/220] loss=0.1539 mask=0.2708 depth=0.1539
  Epoch 2 [180/220] loss=0.1568 mask=0.2729 depth=0.1568
  Epoch 2 [190/220] loss=0.1529 mask=0.2729 depth=0.1529
  Epoch 2 [200/220] loss=0.1526 mask=0.2722 depth=0.1526
  Epoch 2 [210/220] loss=0.1530 mask=0.2709 depth=0.1530
  Epoch 2 [220/220] loss=0.1501 mask=0.2725 depth=0.1501
  Train: loss=0.1501 mask=0.2725 depth=0.1501 time=114.9s
  Val epoch 2: loss=0.1599
  Saved best phase2 model (val_loss=0.1599)

=== Phase2 Epoch 3/49 ===
  Epoch 3 [10/220] loss=0.1120 mask=0.2514 depth=0.1120
  Epoch 3 [20/220] loss=0.1237 mask=0.2644 depth=0.1237
  Epoch 3 [30/220] loss=0.1094 mask=0.2601 depth=0.1094
  Epoch 3 [40/220] loss=0.0980 mask=0.2781 depth=0.0980
  Epoch 3 [50/220] loss=0.1010 mask=0.2662 depth=0.1010
  Epoch 3 [60/220] loss=0.1035 mask=0.2518 depth=0.1035
  Epoch 3 [70/220] loss=0.1038 mask=0.2478 depth=0.1038
  Epoch 3 [80/220] loss=0.1110 mask=0.2578 depth=0.1110
  Epoch 3 [90/220] loss=0.1107 mask=0.2584 depth=0.1107
  Epoch 3 [100/220] loss=0.1147 mask=0.2622 depth=0.1147
  Epoch 3 [110/220] loss=0.1155 mask=0.2606 depth=0.1155
  Epoch 3 [120/220] loss=0.1141 mask=0.2665 depth=0.1141
  Epoch 3 [130/220] loss=0.1150 mask=0.2663 depth=0.1150
  Epoch 3 [140/220] loss=0.1119 mask=0.2602 depth=0.1119
  Epoch 3 [150/220] loss=0.1124 mask=0.2604 depth=0.1124
  Epoch 3 [160/220] loss=0.1099 mask=0.2632 depth=0.1099
  Epoch 3 [170/220] loss=0.1065 mask=0.2635 depth=0.1065
  Epoch 3 [180/220] loss=0.1108 mask=0.2618 depth=0.1108
  Epoch 3 [190/220] loss=0.1104 mask=0.2641 depth=0.1104
  Epoch 3 [200/220] loss=0.1073 mask=0.2678 depth=0.1073
  Epoch 3 [210/220] loss=0.1085 mask=0.2687 depth=0.1085
  Epoch 3 [220/220] loss=0.1101 mask=0.2706 depth=0.1101
  Train: loss=0.1101 mask=0.2706 depth=0.1101 time=118.0s
  Val epoch 3: loss=0.1399
  Saved best phase2 model (val_loss=0.1399)

=== Phase2 Epoch 4/49 ===
  Epoch 4 [10/220] loss=0.0633 mask=0.2542 depth=0.0633
  Epoch 4 [20/220] loss=0.0558 mask=0.2259 depth=0.0558
  Epoch 4 [30/220] loss=0.0960 mask=0.2643 depth=0.0960
  Epoch 4 [40/220] loss=0.0860 mask=0.2514 depth=0.0860
  Epoch 4 [50/220] loss=0.0914 mask=0.2561 depth=0.0914
  Epoch 4 [60/220] loss=0.0920 mask=0.2661 depth=0.0920
  Epoch 4 [70/220] loss=0.0914 mask=0.2736 depth=0.0914
  Epoch 4 [80/220] loss=0.0884 mask=0.2781 depth=0.0884
  Epoch 4 [90/220] loss=0.0845 mask=0.2662 depth=0.0845
  Epoch 4 [100/220] loss=0.0809 mask=0.2689 depth=0.0809
  Epoch 4 [110/220] loss=0.0848 mask=0.2769 depth=0.0848
  Epoch 4 [120/220] loss=0.0884 mask=0.2717 depth=0.0884
  Epoch 4 [130/220] loss=0.0918 mask=0.2738 depth=0.0918
  Epoch 4 [140/220] loss=0.0913 mask=0.2741 depth=0.0913
  Epoch 4 [150/220] loss=0.0906 mask=0.2734 depth=0.0906
  Epoch 4 [160/220] loss=0.0896 mask=0.2760 depth=0.0896
  Epoch 4 [170/220] loss=0.0899 mask=0.2742 depth=0.0899
  Epoch 4 [180/220] loss=0.0904 mask=0.2706 depth=0.0904
  Epoch 4 [190/220] loss=0.0881 mask=0.2729 depth=0.0881
  Epoch 4 [200/220] loss=0.0893 mask=0.2730 depth=0.0893
  Epoch 4 [210/220] loss=0.0885 mask=0.2747 depth=0.0885
  Epoch 4 [220/220] loss=0.0868 mask=0.2733 depth=0.0868
  Train: loss=0.0868 mask=0.2733 depth=0.0868 time=118.6s
  Val epoch 4: loss=0.1167
  Saved best phase2 model (val_loss=0.1167)

=== Phase2 Epoch 5/49 ===
  Epoch 5 [10/220] loss=0.0557 mask=0.2156 depth=0.0557
  Epoch 5 [20/220] loss=0.0485 mask=0.2522 depth=0.0485
  Epoch 5 [30/220] loss=0.0532 mask=0.2518 depth=0.0532
  Epoch 5 [40/220] loss=0.0495 mask=0.2636 depth=0.0495
  Epoch 5 [50/220] loss=0.0523 mask=0.2558 depth=0.0523
  Epoch 5 [60/220] loss=0.0560 mask=0.2696 depth=0.0560
  Epoch 5 [70/220] loss=0.0545 mask=0.2764 depth=0.0545
  Epoch 5 [80/220] loss=0.0562 mask=0.2791 depth=0.0562
  Epoch 5 [90/220] loss=0.0558 mask=0.2772 depth=0.0558
  Epoch 5 [100/220] loss=0.0546 mask=0.2770 depth=0.0546
  Epoch 5 [110/220] loss=0.0600 mask=0.2749 depth=0.0600
  Epoch 5 [120/220] loss=0.0587 mask=0.2729 depth=0.0587
  Epoch 5 [130/220] loss=0.0557 mask=0.2693 depth=0.0557
  Epoch 5 [140/220] loss=0.0559 mask=0.2768 depth=0.0559
  Epoch 5 [150/220] loss=0.0556 mask=0.2768 depth=0.0556
  Epoch 5 [160/220] loss=0.0559 mask=0.2764 depth=0.0559
  Epoch 5 [170/220] loss=0.0555 mask=0.2789 depth=0.0555
  Epoch 5 [180/220] loss=0.0570 mask=0.2820 depth=0.0570
  Epoch 5 [190/220] loss=0.0580 mask=0.2796 depth=0.0580
  Epoch 5 [200/220] loss=0.0605 mask=0.2782 depth=0.0605
  Epoch 5 [210/220] loss=0.0598 mask=0.2724 depth=0.0598
  Epoch 5 [220/220] loss=0.0605 mask=0.2735 depth=0.0605
  Train: loss=0.0605 mask=0.2735 depth=0.0605 time=120.5s
  Val epoch 5: loss=0.1056
  Saved best phase2 model (val_loss=0.1056)

=== Phase2 Epoch 6/49 ===
  Epoch 6 [10/220] loss=0.0391 mask=0.2564 depth=0.0391
  Epoch 6 [20/220] loss=0.0417 mask=0.2716 depth=0.0417
  Epoch 6 [30/220] loss=0.0430 mask=0.2561 depth=0.0430
  Epoch 6 [40/220] loss=0.0391 mask=0.2759 depth=0.0391
  Epoch 6 [50/220] loss=0.0443 mask=0.2768 depth=0.0443
  Epoch 6 [60/220] loss=0.0417 mask=0.2758 depth=0.0417
  Epoch 6 [70/220] loss=0.0459 mask=0.2685 depth=0.0459
  Epoch 6 [80/220] loss=0.0442 mask=0.2648 depth=0.0442
  Epoch 6 [90/220] loss=0.0464 mask=0.2670 depth=0.0464
  Epoch 6 [100/220] loss=0.0488 mask=0.2653 depth=0.0488
  Epoch 6 [110/220] loss=0.0495 mask=0.2674 depth=0.0495
  Epoch 6 [120/220] loss=0.0492 mask=0.2727 depth=0.0492
  Epoch 6 [130/220] loss=0.0476 mask=0.2691 depth=0.0476
  Epoch 6 [140/220] loss=0.0472 mask=0.2704 depth=0.0472
  Epoch 6 [150/220] loss=0.0456 mask=0.2709 depth=0.0456
  Epoch 6 [160/220] loss=0.0453 mask=0.2699 depth=0.0453
  Epoch 6 [170/220] loss=0.0441 mask=0.2704 depth=0.0441
  Epoch 6 [180/220] loss=0.0452 mask=0.2753 depth=0.0452
  Epoch 6 [190/220] loss=0.0446 mask=0.2755 depth=0.0446
  Epoch 6 [200/220] loss=0.0443 mask=0.2773 depth=0.0443
  Epoch 6 [210/220] loss=0.0453 mask=0.2754 depth=0.0453
  Epoch 6 [220/220] loss=0.0454 mask=0.2723 depth=0.0454
  Train: loss=0.0454 mask=0.2723 depth=0.0454 time=126.3s
  Val epoch 6: loss=0.0879
  Saved best phase2 model (val_loss=0.0879)

=== Phase2 Epoch 7/49 ===
  Epoch 7 [10/220] loss=0.0333 mask=0.3200 depth=0.0333
  Epoch 7 [20/220] loss=0.0339 mask=0.3017 depth=0.0339
  Epoch 7 [30/220] loss=0.0325 mask=0.2742 depth=0.0325
  Epoch 7 [40/220] loss=0.0298 mask=0.2617 depth=0.0298
  Epoch 7 [50/220] loss=0.0277 mask=0.2894 depth=0.0277
  Epoch 7 [60/220] loss=0.0312 mask=0.2841 depth=0.0312
  Epoch 7 [70/220] loss=0.0312 mask=0.2797 depth=0.0312
  Epoch 7 [80/220] loss=0.0302 mask=0.2770 depth=0.0302
  Epoch 7 [90/220] loss=0.0297 mask=0.2793 depth=0.0297
  Epoch 7 [100/220] loss=0.0297 mask=0.2768 depth=0.0297
  Epoch 7 [110/220] loss=0.0301 mask=0.2752 depth=0.0301
  Epoch 7 [120/220] loss=0.0293 mask=0.2659 depth=0.0293
  Epoch 7 [130/220] loss=0.0289 mask=0.2649 depth=0.0289
  Epoch 7 [140/220] loss=0.0282 mask=0.2657 depth=0.0282
  Epoch 7 [150/220] loss=0.0290 mask=0.2675 depth=0.0290
  Epoch 7 [160/220] loss=0.0283 mask=0.2712 depth=0.0283
  Epoch 7 [170/220] loss=0.0280 mask=0.2683 depth=0.0280
  Epoch 7 [180/220] loss=0.0277 mask=0.2734 depth=0.0277
  Epoch 7 [190/220] loss=0.0277 mask=0.2735 depth=0.0277
  Epoch 7 [200/220] loss=0.0274 mask=0.2743 depth=0.0274
  Epoch 7 [210/220] loss=0.0271 mask=0.2718 depth=0.0271
  Epoch 7 [220/220] loss=0.0268 mask=0.2733 depth=0.0268
  Train: loss=0.0268 mask=0.2733 depth=0.0268 time=120.5s
  Val epoch 7: loss=0.0844
  Saved best phase2 model (val_loss=0.0844)

=== Phase2 Epoch 8/49 ===
  Epoch 8 [10/220] loss=0.0238 mask=0.2961 depth=0.0238
  Epoch 8 [20/220] loss=0.0209 mask=0.2826 depth=0.0209
  Epoch 8 [30/220] loss=0.0189 mask=0.2806 depth=0.0189
  Epoch 8 [40/220] loss=0.0282 mask=0.2842 depth=0.0282
  Epoch 8 [50/220] loss=0.0270 mask=0.2904 depth=0.0270
  Epoch 8 [60/220] loss=0.0296 mask=0.2921 depth=0.0296
  Epoch 8 [70/220] loss=0.0346 mask=0.2846 depth=0.0346
  Epoch 8 [80/220] loss=0.0385 mask=0.2880 depth=0.0385
  Epoch 8 [90/220] loss=0.0367 mask=0.2862 depth=0.0367
  Epoch 8 [100/220] loss=0.0345 mask=0.2799 depth=0.0345
  Epoch 8 [110/220] loss=0.0321 mask=0.2804 depth=0.0321
  Epoch 8 [120/220] loss=0.0319 mask=0.2776 depth=0.0319
  Epoch 8 [130/220] loss=0.0310 mask=0.2768 depth=0.0310
  Epoch 8 [140/220] loss=0.0304 mask=0.2757 depth=0.0304
  Epoch 8 [150/220] loss=0.0298 mask=0.2745 depth=0.0298
  Epoch 8 [160/220] loss=0.0297 mask=0.2717 depth=0.0297
  Epoch 8 [170/220] loss=0.0299 mask=0.2668 depth=0.0299
  Epoch 8 [180/220] loss=0.0295 mask=0.2689 depth=0.0295
  Epoch 8 [190/220] loss=0.0292 mask=0.2702 depth=0.0292
  Epoch 8 [200/220] loss=0.0300 mask=0.2740 depth=0.0300
  Epoch 8 [210/220] loss=0.0302 mask=0.2758 depth=0.0302
  Epoch 8 [220/220] loss=0.0298 mask=0.2736 depth=0.0298
  Train: loss=0.0298 mask=0.2736 depth=0.0298 time=127.1s
  Val epoch 8: loss=0.0672
  Saved best phase2 model (val_loss=0.0672)

=== Phase2 Epoch 9/49 ===
  Epoch 9 [10/220] loss=0.0174 mask=0.3149 depth=0.0174
  Epoch 9 [20/220] loss=0.0224 mask=0.2584 depth=0.0224
  Epoch 9 [30/220] loss=0.0215 mask=0.2909 depth=0.0215
  Epoch 9 [40/220] loss=0.0208 mask=0.2718 depth=0.0208
  Epoch 9 [50/220] loss=0.0200 mask=0.2748 depth=0.0200
  Epoch 9 [60/220] loss=0.0213 mask=0.2722 depth=0.0213
  Epoch 9 [70/220] loss=0.0204 mask=0.2853 depth=0.0204
  Epoch 9 [80/220] loss=0.0200 mask=0.2764 depth=0.0200
  Epoch 9 [90/220] loss=0.0205 mask=0.2681 depth=0.0205
  Epoch 9 [100/220] loss=0.0200 mask=0.2672 depth=0.0200
  Epoch 9 [110/220] loss=0.0207 mask=0.2642 depth=0.0207
  Epoch 9 [120/220] loss=0.0201 mask=0.2675 depth=0.0201
  Epoch 9 [130/220] loss=0.0199 mask=0.2690 depth=0.0199
  Epoch 9 [140/220] loss=0.0196 mask=0.2734 depth=0.0196
  Epoch 9 [150/220] loss=0.0193 mask=0.2705 depth=0.0193
  Epoch 9 [160/220] loss=0.0192 mask=0.2716 depth=0.0192
  Epoch 9 [170/220] loss=0.0189 mask=0.2750 depth=0.0189
  Epoch 9 [180/220] loss=0.0187 mask=0.2729 depth=0.0187
  Epoch 9 [190/220] loss=0.0186 mask=0.2720 depth=0.0186
  Epoch 9 [200/220] loss=0.0183 mask=0.2737 depth=0.0183
  Epoch 9 [210/220] loss=0.0186 mask=0.2738 depth=0.0186
  Epoch 9 [220/220] loss=0.0187 mask=0.2739 depth=0.0187
  Train: loss=0.0187 mask=0.2739 depth=0.0187 time=158.8s
  Val epoch 9: loss=0.0854

=== Phase2 Epoch 10/49 ===
  Epoch 10 [10/220] loss=0.0119 mask=0.2505 depth=0.0119
  Epoch 10 [20/220] loss=0.0136 mask=0.2169 depth=0.0136
  Epoch 10 [30/220] loss=0.0128 mask=0.2534 depth=0.0128
  Epoch 10 [40/220] loss=0.0125 mask=0.2453 depth=0.0125
  Epoch 10 [50/220] loss=0.0143 mask=0.2586 depth=0.0143
  Epoch 10 [60/220] loss=0.0134 mask=0.2706 depth=0.0134
  Epoch 10 [70/220] loss=0.0130 mask=0.2798 depth=0.0130
  Epoch 10 [80/220] loss=0.0131 mask=0.2704 depth=0.0131
  Epoch 10 [90/220] loss=0.0130 mask=0.2743 depth=0.0130
  Epoch 10 [100/220] loss=0.0123 mask=0.2777 depth=0.0123
  Epoch 10 [110/220] loss=0.0125 mask=0.2777 depth=0.0125
  Epoch 10 [120/220] loss=0.0125 mask=0.2733 depth=0.0125
  Epoch 10 [130/220] loss=0.0125 mask=0.2732 depth=0.0125
  Epoch 10 [140/220] loss=0.0127 mask=0.2753 depth=0.0127
  Epoch 10 [150/220] loss=0.0129 mask=0.2755 depth=0.0129
  Epoch 10 [160/220] loss=0.0129 mask=0.2775 depth=0.0129
  Epoch 10 [170/220] loss=0.0129 mask=0.2741 depth=0.0129
  Epoch 10 [180/220] loss=0.0126 mask=0.2721 depth=0.0126
  Epoch 10 [190/220] loss=0.0126 mask=0.2691 depth=0.0126
  Epoch 10 [200/220] loss=0.0122 mask=0.2704 depth=0.0122
  Epoch 10 [210/220] loss=0.0123 mask=0.2717 depth=0.0123
  Epoch 10 [220/220] loss=0.0125 mask=0.2726 depth=0.0125
  Train: loss=0.0125 mask=0.2726 depth=0.0125 time=130.4s
  Val epoch 10: loss=0.0688

=== Phase2 Epoch 11/49 ===
  Epoch 11 [10/220] loss=0.0113 mask=0.1964 depth=0.0113
  Epoch 11 [20/220] loss=0.0087 mask=0.2081 depth=0.0087
  Epoch 11 [30/220] loss=0.0079 mask=0.2357 depth=0.0079
  Epoch 11 [40/220] loss=0.0077 mask=0.2356 depth=0.0077
  Epoch 11 [50/220] loss=0.0084 mask=0.2358 depth=0.0084
  Epoch 11 [60/220] loss=0.0098 mask=0.2413 depth=0.0098
  Epoch 11 [70/220] loss=0.0102 mask=0.2503 depth=0.0102
  Epoch 11 [80/220] loss=0.0103 mask=0.2580 depth=0.0103
  Epoch 11 [90/220] loss=0.0101 mask=0.2580 depth=0.0101
  Epoch 11 [100/220] loss=0.0097 mask=0.2587 depth=0.0097
  Epoch 11 [110/220] loss=0.0096 mask=0.2599 depth=0.0096
  Epoch 11 [120/220] loss=0.0096 mask=0.2649 depth=0.0096
  Epoch 11 [130/220] loss=0.0093 mask=0.2662 depth=0.0093
  Epoch 11 [140/220] loss=0.0092 mask=0.2727 depth=0.0092
  Epoch 11 [150/220] loss=0.0093 mask=0.2646 depth=0.0093
  Epoch 11 [160/220] loss=0.0093 mask=0.2679 depth=0.0093
  Epoch 11 [170/220] loss=0.0095 mask=0.2664 depth=0.0095
  Epoch 11 [180/220] loss=0.0097 mask=0.2675 depth=0.0097
  Epoch 11 [190/220] loss=0.0095 mask=0.2651 depth=0.0095
  Epoch 11 [200/220] loss=0.0095 mask=0.2684 depth=0.0095
  Epoch 11 [210/220] loss=0.0097 mask=0.2701 depth=0.0097
  Epoch 11 [220/220] loss=0.0097 mask=0.2720 depth=0.0097
  Train: loss=0.0097 mask=0.2720 depth=0.0097 time=188.9s
  Val epoch 11: loss=0.0655
  Saved best phase2 model (val_loss=0.0655)

=== Phase2 Epoch 12/49 ===
  Epoch 12 [10/220] loss=0.0078 mask=0.2430 depth=0.0078
  Epoch 12 [20/220] loss=0.0075 mask=0.2662 depth=0.0075
  Epoch 12 [30/220] loss=0.0074 mask=0.2695 depth=0.0074
  Epoch 12 [40/220] loss=0.0075 mask=0.2757 depth=0.0075
  Epoch 12 [50/220] loss=0.0083 mask=0.2747 depth=0.0083
  Epoch 12 [60/220] loss=0.0083 mask=0.2804 depth=0.0083
  Epoch 12 [70/220] loss=0.0079 mask=0.2790 depth=0.0079
  Epoch 12 [80/220] loss=0.0082 mask=0.2824 depth=0.0082
  Epoch 12 [90/220] loss=0.0080 mask=0.2827 depth=0.0080
  Epoch 12 [100/220] loss=0.0080 mask=0.2819 depth=0.0080
  Epoch 12 [110/220] loss=0.0081 mask=0.2813 depth=0.0081
  Epoch 12 [120/220] loss=0.0080 mask=0.2893 depth=0.0080
  Epoch 12 [130/220] loss=0.0084 mask=0.2883 depth=0.0084
  Epoch 12 [140/220] loss=0.0084 mask=0.2818 depth=0.0084
  Epoch 12 [150/220] loss=0.0085 mask=0.2805 depth=0.0085
  Epoch 12 [160/220] loss=0.0084 mask=0.2781 depth=0.0084
  Epoch 12 [170/220] loss=0.0086 mask=0.2735 depth=0.0086
  Epoch 12 [180/220] loss=0.0085 mask=0.2737 depth=0.0085
  Epoch 12 [190/220] loss=0.0084 mask=0.2749 depth=0.0084
  Epoch 12 [200/220] loss=0.0084 mask=0.2762 depth=0.0084
  Epoch 12 [210/220] loss=0.0085 mask=0.2734 depth=0.0085
  Epoch 12 [220/220] loss=0.0084 mask=0.2717 depth=0.0084
  Train: loss=0.0084 mask=0.2717 depth=0.0084 time=112.0s
  Val epoch 12: loss=0.0662

=== Phase2 Epoch 13/49 ===
  Epoch 13 [10/220] loss=0.0061 mask=0.2370 depth=0.0061
  Epoch 13 [20/220] loss=0.0052 mask=0.2698 depth=0.0052
  Epoch 13 [30/220] loss=0.0067 mask=0.2673 depth=0.0067
  Epoch 13 [40/220] loss=0.0073 mask=0.2674 depth=0.0073
  Epoch 13 [50/220] loss=0.0073 mask=0.2655 depth=0.0073
  Epoch 13 [60/220] loss=0.0074 mask=0.2740 depth=0.0074
  Epoch 13 [70/220] loss=0.0071 mask=0.2777 depth=0.0071
  Epoch 13 [80/220] loss=0.0071 mask=0.2709 depth=0.0071
  Epoch 13 [90/220] loss=0.0068 mask=0.2679 depth=0.0068
  Epoch 13 [100/220] loss=0.0067 mask=0.2750 depth=0.0067
  Epoch 13 [110/220] loss=0.0066 mask=0.2710 depth=0.0066
  Epoch 13 [120/220] loss=0.0071 mask=0.2751 depth=0.0071
  Epoch 13 [130/220] loss=0.0073 mask=0.2801 depth=0.0073
  Epoch 13 [140/220] loss=0.0073 mask=0.2765 depth=0.0073
  Epoch 13 [150/220] loss=0.0072 mask=0.2766 depth=0.0072
  Epoch 13 [160/220] loss=0.0073 mask=0.2769 depth=0.0073
  Epoch 13 [170/220] loss=0.0073 mask=0.2731 depth=0.0073
  Epoch 13 [180/220] loss=0.0074 mask=0.2726 depth=0.0074
  Epoch 13 [190/220] loss=0.0075 mask=0.2733 depth=0.0075
  Epoch 13 [200/220] loss=0.0076 mask=0.2732 depth=0.0076
  Epoch 13 [210/220] loss=0.0077 mask=0.2727 depth=0.0077
  Epoch 13 [220/220] loss=0.0077 mask=0.2733 depth=0.0077
  Train: loss=0.0077 mask=0.2733 depth=0.0077 time=122.5s
  Val epoch 13: loss=0.0705

=== Phase2 Epoch 14/49 ===
  Epoch 14 [10/220] loss=0.0092 mask=0.2816 depth=0.0092
  Epoch 14 [20/220] loss=0.0066 mask=0.2270 depth=0.0066
  Epoch 14 [30/220] loss=0.0059 mask=0.2656 depth=0.0059
  Epoch 14 [40/220] loss=0.0058 mask=0.2679 depth=0.0058
  Epoch 14 [50/220] loss=0.0057 mask=0.2764 depth=0.0057
  Epoch 14 [60/220] loss=0.0055 mask=0.2829 depth=0.0055
  Epoch 14 [70/220] loss=0.0059 mask=0.2777 depth=0.0059
  Epoch 14 [80/220] loss=0.0059 mask=0.2783 depth=0.0059
  Epoch 14 [90/220] loss=0.0057 mask=0.2751 depth=0.0057
  Epoch 14 [100/220] loss=0.0059 mask=0.2656 depth=0.0059
  Epoch 14 [110/220] loss=0.0057 mask=0.2656 depth=0.0057
  Epoch 14 [120/220] loss=0.0055 mask=0.2689 depth=0.0055
  Epoch 14 [130/220] loss=0.0054 mask=0.2729 depth=0.0054
  Epoch 14 [140/220] loss=0.0055 mask=0.2699 depth=0.0055
  Epoch 14 [150/220] loss=0.0055 mask=0.2734 depth=0.0055
  Epoch 14 [160/220] loss=0.0056 mask=0.2693 depth=0.0056
  Epoch 14 [170/220] loss=0.0059 mask=0.2712 depth=0.0059
  Epoch 14 [180/220] loss=0.0063 mask=0.2691 depth=0.0063
  Epoch 14 [190/220] loss=0.0063 mask=0.2700 depth=0.0063
  Epoch 14 [200/220] loss=0.0063 mask=0.2700 depth=0.0063
  Epoch 14 [210/220] loss=0.0064 mask=0.2720 depth=0.0064
  Epoch 14 [220/220] loss=0.0063 mask=0.2729 depth=0.0063
  Train: loss=0.0063 mask=0.2729 depth=0.0063 time=122.3s
  Val epoch 14: loss=0.0653
  Saved best phase2 model (val_loss=0.0653)

=== Phase2 Epoch 15/49 ===
  Epoch 15 [10/220] loss=0.0062 mask=0.2472 depth=0.0062
  Epoch 15 [20/220] loss=0.0053 mask=0.2276 depth=0.0053
  Epoch 15 [30/220] loss=0.0060 mask=0.2577 depth=0.0060
  Epoch 15 [40/220] loss=0.0059 mask=0.2618 depth=0.0059
  Epoch 15 [50/220] loss=0.0059 mask=0.2375 depth=0.0059
  Epoch 15 [60/220] loss=0.0056 mask=0.2399 depth=0.0056
  Epoch 15 [70/220] loss=0.0056 mask=0.2410 depth=0.0056
  Epoch 15 [80/220] loss=0.0058 mask=0.2428 depth=0.0058
  Epoch 15 [90/220] loss=0.0058 mask=0.2594 depth=0.0058
  Epoch 15 [100/220] loss=0.0058 mask=0.2542 depth=0.0058
  Epoch 15 [110/220] loss=0.0058 mask=0.2504 depth=0.0058
  Epoch 15 [120/220] loss=0.0058 mask=0.2561 depth=0.0058
  Epoch 15 [130/220] loss=0.0059 mask=0.2581 depth=0.0059
  Epoch 15 [140/220] loss=0.0063 mask=0.2597 depth=0.0063
  Epoch 15 [150/220] loss=0.0061 mask=0.2621 depth=0.0061
  Epoch 15 [160/220] loss=0.0061 mask=0.2650 depth=0.0061
  Epoch 15 [170/220] loss=0.0061 mask=0.2641 depth=0.0061
  Epoch 15 [180/220] loss=0.0061 mask=0.2681 depth=0.0061
  Epoch 15 [190/220] loss=0.0060 mask=0.2712 depth=0.0060
  Epoch 15 [200/220] loss=0.0060 mask=0.2756 depth=0.0060
  Epoch 15 [210/220] loss=0.0061 mask=0.2760 depth=0.0061
  Epoch 15 [220/220] loss=0.0060 mask=0.2723 depth=0.0060
  Train: loss=0.0060 mask=0.2723 depth=0.0060 time=197.3s
  Val epoch 15: loss=0.0678

=== Phase2 Epoch 16/49 ===
  Epoch 16 [10/220] loss=0.0073 mask=0.2341 depth=0.0073
  Epoch 16 [20/220] loss=0.0050 mask=0.2968 depth=0.0050
  Epoch 16 [30/220] loss=0.0046 mask=0.2657 depth=0.0046
  Epoch 16 [40/220] loss=0.0049 mask=0.2851 depth=0.0049
  Epoch 16 [50/220] loss=0.0047 mask=0.2717 depth=0.0047
  Epoch 16 [60/220] loss=0.0047 mask=0.2753 depth=0.0047
  Epoch 16 [70/220] loss=0.0047 mask=0.2893 depth=0.0047
  Epoch 16 [80/220] loss=0.0048 mask=0.2837 depth=0.0048
  Epoch 16 [90/220] loss=0.0048 mask=0.2813 depth=0.0048
  Epoch 16 [100/220] loss=0.0049 mask=0.2809 depth=0.0049
  Epoch 16 [110/220] loss=0.0049 mask=0.2729 depth=0.0049
  Epoch 16 [120/220] loss=0.0051 mask=0.2721 depth=0.0051
  Epoch 16 [130/220] loss=0.0052 mask=0.2775 depth=0.0052
  Epoch 16 [140/220] loss=0.0052 mask=0.2786 depth=0.0052
  Epoch 16 [150/220] loss=0.0052 mask=0.2778 depth=0.0052
  Epoch 16 [160/220] loss=0.0052 mask=0.2753 depth=0.0052
  Epoch 16 [170/220] loss=0.0052 mask=0.2756 depth=0.0052
  Epoch 16 [180/220] loss=0.0051 mask=0.2757 depth=0.0051
  Epoch 16 [190/220] loss=0.0050 mask=0.2744 depth=0.0050
  Epoch 16 [200/220] loss=0.0052 mask=0.2760 depth=0.0052
  Epoch 16 [210/220] loss=0.0053 mask=0.2708 depth=0.0053
  Epoch 16 [220/220] loss=0.0053 mask=0.2731 depth=0.0053
  Train: loss=0.0053 mask=0.2731 depth=0.0053 time=133.5s
  Val epoch 16: loss=0.0678

=== Phase2 Epoch 17/49 ===
  Epoch 17 [10/220] loss=0.0037 mask=0.3065 depth=0.0037
  Epoch 17 [20/220] loss=0.0037 mask=0.2641 depth=0.0037
  Epoch 17 [30/220] loss=0.0046 mask=0.2900 depth=0.0046
  Epoch 17 [40/220] loss=0.0044 mask=0.2685 depth=0.0044
  Epoch 17 [50/220] loss=0.0043 mask=0.2779 depth=0.0043
  Epoch 17 [60/220] loss=0.0043 mask=0.2825 depth=0.0043
  Epoch 17 [70/220] loss=0.0043 mask=0.2764 depth=0.0043
  Epoch 17 [80/220] loss=0.0043 mask=0.2791 depth=0.0043
  Epoch 17 [90/220] loss=0.0044 mask=0.2837 depth=0.0044
  Epoch 17 [100/220] loss=0.0046 mask=0.2751 depth=0.0046
  Epoch 17 [110/220] loss=0.0047 mask=0.2786 depth=0.0047
  Epoch 17 [120/220] loss=0.0049 mask=0.2825 depth=0.0049
  Epoch 17 [130/220] loss=0.0048 mask=0.2764 depth=0.0048
  Epoch 17 [140/220] loss=0.0048 mask=0.2785 depth=0.0048
  Epoch 17 [150/220] loss=0.0048 mask=0.2809 depth=0.0048
  Epoch 17 [160/220] loss=0.0047 mask=0.2778 depth=0.0047
  Epoch 17 [170/220] loss=0.0046 mask=0.2750 depth=0.0046
  Epoch 17 [180/220] loss=0.0047 mask=0.2707 depth=0.0047
  Epoch 17 [190/220] loss=0.0046 mask=0.2707 depth=0.0046
  Epoch 17 [200/220] loss=0.0046 mask=0.2694 depth=0.0046
  Epoch 17 [210/220] loss=0.0046 mask=0.2734 depth=0.0046
  Epoch 17 [220/220] loss=0.0047 mask=0.2734 depth=0.0047
  Train: loss=0.0047 mask=0.2734 depth=0.0047 time=155.4s
  Val epoch 17: loss=0.0650
  Saved best phase2 model (val_loss=0.0650)

=== Phase2 Epoch 18/49 ===
  Epoch 18 [10/220] loss=0.0033 mask=0.2977 depth=0.0033
  Epoch 18 [20/220] loss=0.0040 mask=0.2717 depth=0.0040
  Epoch 18 [30/220] loss=0.0036 mask=0.2798 depth=0.0036
  Epoch 18 [40/220] loss=0.0042 mask=0.2618 depth=0.0042
  Epoch 18 [50/220] loss=0.0041 mask=0.2567 depth=0.0041
  Epoch 18 [60/220] loss=0.0038 mask=0.2650 depth=0.0038
  Epoch 18 [70/220] loss=0.0037 mask=0.2668 depth=0.0037
  Epoch 18 [80/220] loss=0.0037 mask=0.2724 depth=0.0037
  Epoch 18 [90/220] loss=0.0039 mask=0.2816 depth=0.0039
  Epoch 18 [100/220] loss=0.0041 mask=0.2803 depth=0.0041
  Epoch 18 [110/220] loss=0.0040 mask=0.2770 depth=0.0040
  Epoch 18 [120/220] loss=0.0042 mask=0.2700 depth=0.0042
  Epoch 18 [130/220] loss=0.0042 mask=0.2712 depth=0.0042
  Epoch 18 [140/220] loss=0.0041 mask=0.2749 depth=0.0041
  Epoch 18 [150/220] loss=0.0042 mask=0.2719 depth=0.0042
  Epoch 18 [160/220] loss=0.0041 mask=0.2766 depth=0.0041
  Epoch 18 [170/220] loss=0.0042 mask=0.2784 depth=0.0042
  Epoch 18 [180/220] loss=0.0041 mask=0.2734 depth=0.0041
  Epoch 18 [190/220] loss=0.0042 mask=0.2708 depth=0.0042
  Epoch 18 [200/220] loss=0.0042 mask=0.2675 depth=0.0042
  Epoch 18 [210/220] loss=0.0042 mask=0.2688 depth=0.0042
  Epoch 18 [220/220] loss=0.0042 mask=0.2708 depth=0.0042
  Train: loss=0.0042 mask=0.2708 depth=0.0042 time=115.9s
  Val epoch 18: loss=0.0655

=== Phase2 Epoch 19/49 ===
  Epoch 19 [10/220] loss=0.0039 mask=0.2386 depth=0.0039
  Epoch 19 [20/220] loss=0.0046 mask=0.2604 depth=0.0046
  Epoch 19 [30/220] loss=0.0040 mask=0.2802 depth=0.0040
  Epoch 19 [40/220] loss=0.0036 mask=0.2813 depth=0.0036
  Epoch 19 [50/220] loss=0.0033 mask=0.2679 depth=0.0033
  Epoch 19 [60/220] loss=0.0034 mask=0.2614 depth=0.0034
  Epoch 19 [70/220] loss=0.0035 mask=0.2688 depth=0.0035
  Epoch 19 [80/220] loss=0.0037 mask=0.2720 depth=0.0037
  Epoch 19 [90/220] loss=0.0037 mask=0.2672 depth=0.0037
  Epoch 19 [100/220] loss=0.0039 mask=0.2699 depth=0.0039
  Epoch 19 [110/220] loss=0.0039 mask=0.2711 depth=0.0039
  Epoch 19 [120/220] loss=0.0039 mask=0.2756 depth=0.0039
  Epoch 19 [130/220] loss=0.0040 mask=0.2752 depth=0.0040
  Epoch 19 [140/220] loss=0.0041 mask=0.2737 depth=0.0041
  Epoch 19 [150/220] loss=0.0041 mask=0.2803 depth=0.0041
  Epoch 19 [160/220] loss=0.0042 mask=0.2785 depth=0.0042
  Epoch 19 [170/220] loss=0.0042 mask=0.2780 depth=0.0042
  Epoch 19 [180/220] loss=0.0041 mask=0.2759 depth=0.0041
  Epoch 19 [190/220] loss=0.0040 mask=0.2724 depth=0.0040
  Epoch 19 [200/220] loss=0.0040 mask=0.2718 depth=0.0040
  Epoch 19 [210/220] loss=0.0040 mask=0.2707 depth=0.0040
  Epoch 19 [220/220] loss=0.0043 mask=0.2736 depth=0.0043
  Train: loss=0.0043 mask=0.2736 depth=0.0043 time=123.2s
  Val epoch 19: loss=0.0707

=== Phase2 Epoch 20/49 ===
  Epoch 20 [10/220] loss=0.0063 mask=0.2710 depth=0.0063
  Epoch 20 [20/220] loss=0.0059 mask=0.2546 depth=0.0059
  Epoch 20 [30/220] loss=0.0053 mask=0.2758 depth=0.0053
  Epoch 20 [40/220] loss=0.0050 mask=0.2750 depth=0.0050
  Epoch 20 [50/220] loss=0.0045 mask=0.2784 depth=0.0045
  Epoch 20 [60/220] loss=0.0044 mask=0.2877 depth=0.0044
  Epoch 20 [70/220] loss=0.0043 mask=0.2796 depth=0.0043
  Epoch 20 [80/220] loss=0.0040 mask=0.2789 depth=0.0040
  Epoch 20 [90/220] loss=0.0041 mask=0.2793 depth=0.0041
  Epoch 20 [100/220] loss=0.0041 mask=0.2762 depth=0.0041
  Epoch 20 [110/220] loss=0.0041 mask=0.2715 depth=0.0041
  Epoch 20 [120/220] loss=0.0042 mask=0.2780 depth=0.0042
  Epoch 20 [130/220] loss=0.0042 mask=0.2731 depth=0.0042
  Epoch 20 [140/220] loss=0.0041 mask=0.2764 depth=0.0041
  Epoch 20 [150/220] loss=0.0041 mask=0.2799 depth=0.0041
  Epoch 20 [160/220] loss=0.0041 mask=0.2767 depth=0.0041
  Epoch 20 [170/220] loss=0.0040 mask=0.2714 depth=0.0040
  Epoch 20 [180/220] loss=0.0040 mask=0.2705 depth=0.0040
  Epoch 20 [190/220] loss=0.0039 mask=0.2746 depth=0.0039
  Epoch 20 [200/220] loss=0.0039 mask=0.2743 depth=0.0039
  Epoch 20 [210/220] loss=0.0039 mask=0.2730 depth=0.0039
  Epoch 20 [220/220] loss=0.0040 mask=0.2721 depth=0.0040
  Train: loss=0.0040 mask=0.2721 depth=0.0040 time=125.3s
  Val epoch 20: loss=0.0648
  Saved best phase2 model (val_loss=0.0648)

=== Phase2 Epoch 21/49 ===
  Epoch 21 [10/220] loss=0.0029 mask=0.3381 depth=0.0029
  Epoch 21 [20/220] loss=0.0027 mask=0.3077 depth=0.0027
  Epoch 21 [30/220] loss=0.0028 mask=0.2901 depth=0.0028
  Epoch 21 [40/220] loss=0.0028 mask=0.2845 depth=0.0028
  Epoch 21 [50/220] loss=0.0030 mask=0.2678 depth=0.0030
  Epoch 21 [60/220] loss=0.0028 mask=0.2664 depth=0.0028
  Epoch 21 [70/220] loss=0.0027 mask=0.2612 depth=0.0027
  Epoch 21 [80/220] loss=0.0027 mask=0.2647 depth=0.0027
  Epoch 21 [90/220] loss=0.0027 mask=0.2655 depth=0.0027
  Epoch 21 [100/220] loss=0.0028 mask=0.2701 depth=0.0028
  Epoch 21 [110/220] loss=0.0028 mask=0.2730 depth=0.0028
  Epoch 21 [120/220] loss=0.0027 mask=0.2734 depth=0.0027
  Epoch 21 [130/220] loss=0.0027 mask=0.2727 depth=0.0027
  Epoch 21 [140/220] loss=0.0027 mask=0.2746 depth=0.0027
  Epoch 21 [150/220] loss=0.0028 mask=0.2742 depth=0.0028
  Epoch 21 [160/220] loss=0.0028 mask=0.2752 depth=0.0028
  Epoch 21 [170/220] loss=0.0028 mask=0.2765 depth=0.0028
  Epoch 21 [180/220] loss=0.0028 mask=0.2794 depth=0.0028
  Epoch 21 [190/220] loss=0.0027 mask=0.2779 depth=0.0027
  Epoch 21 [200/220] loss=0.0027 mask=0.2752 depth=0.0027
  Epoch 21 [210/220] loss=0.0027 mask=0.2758 depth=0.0027
  Epoch 21 [220/220] loss=0.0028 mask=0.2724 depth=0.0028
  Train: loss=0.0028 mask=0.2724 depth=0.0028 time=117.1s
  Val epoch 21: loss=0.0655

=== Phase2 Epoch 22/49 ===
  Epoch 22 [10/220] loss=0.0021 mask=0.3019 depth=0.0021
  Epoch 22 [20/220] loss=0.0028 mask=0.2709 depth=0.0028
  Epoch 22 [30/220] loss=0.0026 mask=0.2606 depth=0.0026
  Epoch 22 [40/220] loss=0.0027 mask=0.2482 depth=0.0027
  Epoch 22 [50/220] loss=0.0026 mask=0.2498 depth=0.0026
  Epoch 22 [60/220] loss=0.0025 mask=0.2636 depth=0.0025
  Epoch 22 [70/220] loss=0.0026 mask=0.2666 depth=0.0026
  Epoch 22 [80/220] loss=0.0026 mask=0.2694 depth=0.0026
  Epoch 22 [90/220] loss=0.0025 mask=0.2749 depth=0.0025
  Epoch 22 [100/220] loss=0.0025 mask=0.2839 depth=0.0025
  Epoch 22 [110/220] loss=0.0025 mask=0.2852 depth=0.0025
  Epoch 22 [120/220] loss=0.0024 mask=0.2846 depth=0.0024
  Epoch 22 [130/220] loss=0.0024 mask=0.2813 depth=0.0024
  Epoch 22 [140/220] loss=0.0024 mask=0.2762 depth=0.0024
  Epoch 22 [150/220] loss=0.0024 mask=0.2753 depth=0.0024
  Epoch 22 [160/220] loss=0.0024 mask=0.2780 depth=0.0024
  Epoch 22 [170/220] loss=0.0025 mask=0.2781 depth=0.0025
  Epoch 22 [180/220] loss=0.0025 mask=0.2754 depth=0.0025
  Epoch 22 [190/220] loss=0.0026 mask=0.2736 depth=0.0026
  Epoch 22 [200/220] loss=0.0026 mask=0.2752 depth=0.0026
  Epoch 22 [210/220] loss=0.0026 mask=0.2726 depth=0.0026
  Epoch 22 [220/220] loss=0.0025 mask=0.2724 depth=0.0025
  Train: loss=0.0025 mask=0.2724 depth=0.0025 time=211.6s
  Val epoch 22: loss=0.0676

=== Phase2 Epoch 23/49 ===
  Epoch 23 [10/220] loss=0.0014 mask=0.1695 depth=0.0014
  Epoch 23 [20/220] loss=0.0014 mask=0.2282 depth=0.0014
  Epoch 23 [30/220] loss=0.0021 mask=0.2362 depth=0.0021
  Epoch 23 [40/220] loss=0.0021 mask=0.2414 depth=0.0021
  Epoch 23 [50/220] loss=0.0022 mask=0.2356 depth=0.0022
  Epoch 23 [60/220] loss=0.0024 mask=0.2288 depth=0.0024
  Epoch 23 [70/220] loss=0.0023 mask=0.2388 depth=0.0023
  Epoch 23 [80/220] loss=0.0023 mask=0.2505 depth=0.0023
  Epoch 23 [90/220] loss=0.0024 mask=0.2616 depth=0.0024
  Epoch 23 [100/220] loss=0.0024 mask=0.2663 depth=0.0024
  Epoch 23 [110/220] loss=0.0024 mask=0.2617 depth=0.0024
  Epoch 23 [120/220] loss=0.0024 mask=0.2649 depth=0.0024
  Epoch 23 [130/220] loss=0.0023 mask=0.2716 depth=0.0023
  Epoch 23 [140/220] loss=0.0023 mask=0.2732 depth=0.0023
  Epoch 23 [150/220] loss=0.0023 mask=0.2727 depth=0.0023
  Epoch 23 [160/220] loss=0.0023 mask=0.2698 depth=0.0023
  Epoch 23 [170/220] loss=0.0023 mask=0.2687 depth=0.0023
  Epoch 23 [180/220] loss=0.0023 mask=0.2690 depth=0.0023
  Epoch 23 [190/220] loss=0.0023 mask=0.2692 depth=0.0023
  Epoch 23 [200/220] loss=0.0023 mask=0.2723 depth=0.0023
  Epoch 23 [210/220] loss=0.0023 mask=0.2714 depth=0.0023
  Epoch 23 [220/220] loss=0.0023 mask=0.2723 depth=0.0023
  Train: loss=0.0023 mask=0.2723 depth=0.0023 time=181.7s
  Val epoch 23: loss=0.0671

=== Phase2 Epoch 24/49 ===
  Epoch 24 [10/220] loss=0.0019 mask=0.2852 depth=0.0019
  Epoch 24 [20/220] loss=0.0016 mask=0.2850 depth=0.0016
  Epoch 24 [30/220] loss=0.0016 mask=0.2853 depth=0.0016
  Epoch 24 [40/220] loss=0.0017 mask=0.2917 depth=0.0017
  Epoch 24 [50/220] loss=0.0016 mask=0.2790 depth=0.0016
  Epoch 24 [60/220] loss=0.0018 mask=0.2665 depth=0.0018
  Epoch 24 [70/220] loss=0.0019 mask=0.2627 depth=0.0019
  Epoch 24 [80/220] loss=0.0020 mask=0.2777 depth=0.0020
  Epoch 24 [90/220] loss=0.0020 mask=0.2747 depth=0.0020
  Epoch 24 [100/220] loss=0.0019 mask=0.2725 depth=0.0019
  Epoch 24 [110/220] loss=0.0019 mask=0.2733 depth=0.0019
  Epoch 24 [120/220] loss=0.0019 mask=0.2724 depth=0.0019
  Epoch 24 [130/220] loss=0.0019 mask=0.2716 depth=0.0019
  Epoch 24 [140/220] loss=0.0020 mask=0.2736 depth=0.0020
  Epoch 24 [150/220] loss=0.0021 mask=0.2733 depth=0.0021
  Epoch 24 [160/220] loss=0.0022 mask=0.2748 depth=0.0022
  Epoch 24 [170/220] loss=0.0023 mask=0.2676 depth=0.0023
  Epoch 24 [180/220] loss=0.0023 mask=0.2705 depth=0.0023
  Epoch 24 [190/220] loss=0.0024 mask=0.2702 depth=0.0024
  Epoch 24 [200/220] loss=0.0024 mask=0.2738 depth=0.0024
  Epoch 24 [210/220] loss=0.0024 mask=0.2724 depth=0.0024
  Epoch 24 [220/220] loss=0.0024 mask=0.2721 depth=0.0024
  Train: loss=0.0024 mask=0.2721 depth=0.0024 time=123.0s
  Val epoch 24: loss=0.0640
  Saved best phase2 model (val_loss=0.0640)

=== Phase2 Epoch 25/49 ===
  Epoch 25 [10/220] loss=0.0032 mask=0.2434 depth=0.0032
  Epoch 25 [20/220] loss=0.0025 mask=0.3045 depth=0.0025
  Epoch 25 [30/220] loss=0.0028 mask=0.2958 depth=0.0028
  Epoch 25 [40/220] loss=0.0029 mask=0.2863 depth=0.0029
  Epoch 25 [50/220] loss=0.0032 mask=0.3051 depth=0.0032
  Epoch 25 [60/220] loss=0.0029 mask=0.3052 depth=0.0029
  Epoch 25 [70/220] loss=0.0028 mask=0.3120 depth=0.0028
  Epoch 25 [80/220] loss=0.0028 mask=0.3072 depth=0.0028
  Epoch 25 [90/220] loss=0.0027 mask=0.2993 depth=0.0027
  Epoch 25 [100/220] loss=0.0028 mask=0.2959 depth=0.0028
  Epoch 25 [110/220] loss=0.0027 mask=0.2827 depth=0.0027
  Epoch 25 [120/220] loss=0.0026 mask=0.2856 depth=0.0026
  Epoch 25 [130/220] loss=0.0026 mask=0.2889 depth=0.0026
  Epoch 25 [140/220] loss=0.0025 mask=0.2877 depth=0.0025
  Epoch 25 [150/220] loss=0.0025 mask=0.2835 depth=0.0025
  Epoch 25 [160/220] loss=0.0025 mask=0.2829 depth=0.0025
  Epoch 25 [170/220] loss=0.0026 mask=0.2762 depth=0.0026
  Epoch 25 [180/220] loss=0.0026 mask=0.2758 depth=0.0026
  Epoch 25 [190/220] loss=0.0025 mask=0.2732 depth=0.0025
  Epoch 25 [200/220] loss=0.0026 mask=0.2732 depth=0.0026
  Epoch 25 [210/220] loss=0.0026 mask=0.2730 depth=0.0026
  Epoch 25 [220/220] loss=0.0025 mask=0.2743 depth=0.0025
  Train: loss=0.0025 mask=0.2743 depth=0.0025 time=120.4s
  Val epoch 25: loss=0.0637
  Saved best phase2 model (val_loss=0.0637)

=== Phase2 Epoch 26/49 ===
  Epoch 26 [10/220] loss=0.0013 mask=0.2499 depth=0.0013
  Epoch 26 [20/220] loss=0.0023 mask=0.2813 depth=0.0023
  Epoch 26 [30/220] loss=0.0025 mask=0.2884 depth=0.0025
  Epoch 26 [40/220] loss=0.0023 mask=0.3025 depth=0.0023
  Epoch 26 [50/220] loss=0.0023 mask=0.2863 depth=0.0023
  Epoch 26 [60/220] loss=0.0022 mask=0.2679 depth=0.0022
  Epoch 26 [70/220] loss=0.0021 mask=0.2699 depth=0.0021
  Epoch 26 [80/220] loss=0.0021 mask=0.2770 depth=0.0021
  Epoch 26 [90/220] loss=0.0020 mask=0.2760 depth=0.0020
  Epoch 26 [100/220] loss=0.0020 mask=0.2781 depth=0.0020
  Epoch 26 [110/220] loss=0.0020 mask=0.2769 depth=0.0020
  Epoch 26 [120/220] loss=0.0021 mask=0.2723 depth=0.0021
  Epoch 26 [130/220] loss=0.0021 mask=0.2787 depth=0.0021
  Epoch 26 [140/220] loss=0.0021 mask=0.2765 depth=0.0021
  Epoch 26 [150/220] loss=0.0022 mask=0.2748 depth=0.0022
  Epoch 26 [160/220] loss=0.0021 mask=0.2751 depth=0.0021
  Epoch 26 [170/220] loss=0.0021 mask=0.2780 depth=0.0021
  Epoch 26 [180/220] loss=0.0021 mask=0.2743 depth=0.0021
  Epoch 26 [190/220] loss=0.0021 mask=0.2753 depth=0.0021
  Epoch 26 [200/220] loss=0.0021 mask=0.2746 depth=0.0021
  Epoch 26 [210/220] loss=0.0022 mask=0.2718 depth=0.0022
  Epoch 26 [220/220] loss=0.0022 mask=0.2717 depth=0.0022
  Train: loss=0.0022 mask=0.2717 depth=0.0022 time=117.9s
  Val epoch 26: loss=0.0642

=== Phase2 Epoch 27/49 ===
  Epoch 27 [10/220] loss=0.0017 mask=0.2894 depth=0.0017
  Epoch 27 [20/220] loss=0.0019 mask=0.3096 depth=0.0019
  Epoch 27 [30/220] loss=0.0017 mask=0.2953 depth=0.0017
  Epoch 27 [40/220] loss=0.0018 mask=0.2839 depth=0.0018
  Epoch 27 [50/220] loss=0.0018 mask=0.2864 depth=0.0018
  Epoch 27 [60/220] loss=0.0018 mask=0.2706 depth=0.0018
  Epoch 27 [70/220] loss=0.0018 mask=0.2634 depth=0.0018
  Epoch 27 [80/220] loss=0.0019 mask=0.2631 depth=0.0019
  Epoch 27 [90/220] loss=0.0019 mask=0.2615 depth=0.0019
  Epoch 27 [100/220] loss=0.0019 mask=0.2685 depth=0.0019
  Epoch 27 [110/220] loss=0.0019 mask=0.2715 depth=0.0019
  Epoch 27 [120/220] loss=0.0019 mask=0.2776 depth=0.0019
  Epoch 27 [130/220] loss=0.0019 mask=0.2746 depth=0.0019
  Epoch 27 [140/220] loss=0.0019 mask=0.2740 depth=0.0019
  Epoch 27 [150/220] loss=0.0019 mask=0.2790 depth=0.0019
  Epoch 27 [160/220] loss=0.0019 mask=0.2773 depth=0.0019
  Epoch 27 [170/220] loss=0.0019 mask=0.2765 depth=0.0019
  Epoch 27 [180/220] loss=0.0019 mask=0.2745 depth=0.0019
  Epoch 27 [190/220] loss=0.0019 mask=0.2764 depth=0.0019
  Epoch 27 [200/220] loss=0.0019 mask=0.2747 depth=0.0019
  Epoch 27 [210/220] loss=0.0020 mask=0.2736 depth=0.0020
  Epoch 27 [220/220] loss=0.0020 mask=0.2736 depth=0.0020
  Train: loss=0.0020 mask=0.2736 depth=0.0020 time=127.9s
  Val epoch 27: loss=0.0640

=== Phase2 Epoch 28/49 ===
  Epoch 28 [10/220] loss=0.0020 mask=0.2501 depth=0.0020
  Epoch 28 [20/220] loss=0.0017 mask=0.2648 depth=0.0017
  Epoch 28 [30/220] loss=0.0015 mask=0.2819 depth=0.0015
  Epoch 28 [40/220] loss=0.0016 mask=0.2928 depth=0.0016
  Epoch 28 [50/220] loss=0.0015 mask=0.2960 depth=0.0015
  Epoch 28 [60/220] loss=0.0015 mask=0.2974 depth=0.0015
  Epoch 28 [70/220] loss=0.0015 mask=0.2915 depth=0.0015
  Epoch 28 [80/220] loss=0.0015 mask=0.2861 depth=0.0015
  Epoch 28 [90/220] loss=0.0014 mask=0.2756 depth=0.0014
  Epoch 28 [100/220] loss=0.0015 mask=0.2706 depth=0.0015
  Epoch 28 [110/220] loss=0.0016 mask=0.2697 depth=0.0016
  Epoch 28 [120/220] loss=0.0016 mask=0.2684 depth=0.0016
  Epoch 28 [130/220] loss=0.0017 mask=0.2700 depth=0.0017
  Epoch 28 [140/220] loss=0.0017 mask=0.2778 depth=0.0017
  Epoch 28 [150/220] loss=0.0017 mask=0.2753 depth=0.0017
  Epoch 28 [160/220] loss=0.0017 mask=0.2725 depth=0.0017
  Epoch 28 [170/220] loss=0.0017 mask=0.2714 depth=0.0017
  Epoch 28 [180/220] loss=0.0018 mask=0.2716 depth=0.0018
  Epoch 28 [190/220] loss=0.0018 mask=0.2684 depth=0.0018
  Epoch 28 [200/220] loss=0.0018 mask=0.2698 depth=0.0018
  Epoch 28 [210/220] loss=0.0017 mask=0.2716 depth=0.0017
  Epoch 28 [220/220] loss=0.0018 mask=0.2724 depth=0.0018
  Train: loss=0.0018 mask=0.2724 depth=0.0018 time=139.4s
  Val epoch 28: loss=0.0623
  Saved best phase2 model (val_loss=0.0623)

=== Phase2 Epoch 29/49 ===
  Epoch 29 [10/220] loss=0.0020 mask=0.2672 depth=0.0020
  Epoch 29 [20/220] loss=0.0020 mask=0.2596 depth=0.0020
  Epoch 29 [30/220] loss=0.0019 mask=0.2781 depth=0.0019
  Epoch 29 [40/220] loss=0.0019 mask=0.2686 depth=0.0019
  Epoch 29 [50/220] loss=0.0019 mask=0.2861 depth=0.0019
  Epoch 29 [60/220] loss=0.0017 mask=0.2809 depth=0.0017
  Epoch 29 [70/220] loss=0.0016 mask=0.2724 depth=0.0016
  Epoch 29 [80/220] loss=0.0017 mask=0.2679 depth=0.0017
  Epoch 29 [90/220] loss=0.0017 mask=0.2675 depth=0.0017
  Epoch 29 [100/220] loss=0.0017 mask=0.2639 depth=0.0017
  Epoch 29 [110/220] loss=0.0017 mask=0.2663 depth=0.0017
  Epoch 29 [120/220] loss=0.0017 mask=0.2678 depth=0.0017
  Epoch 29 [130/220] loss=0.0017 mask=0.2663 depth=0.0017
  Epoch 29 [140/220] loss=0.0017 mask=0.2735 depth=0.0017
  Epoch 29 [150/220] loss=0.0017 mask=0.2745 depth=0.0017
  Epoch 29 [160/220] loss=0.0017 mask=0.2723 depth=0.0017
  Epoch 29 [170/220] loss=0.0017 mask=0.2718 depth=0.0017
  Epoch 29 [180/220] loss=0.0017 mask=0.2764 depth=0.0017
  Epoch 29 [190/220] loss=0.0017 mask=0.2735 depth=0.0017
  Epoch 29 [200/220] loss=0.0017 mask=0.2707 depth=0.0017
  Epoch 29 [210/220] loss=0.0017 mask=0.2721 depth=0.0017
  Epoch 29 [220/220] loss=0.0017 mask=0.2710 depth=0.0017
  Train: loss=0.0017 mask=0.2710 depth=0.0017 time=128.7s
  Val epoch 29: loss=0.0645

=== Phase2 Epoch 30/49 ===
  Epoch 30 [10/220] loss=0.0016 mask=0.2479 depth=0.0016
  Epoch 30 [20/220] loss=0.0016 mask=0.2531 depth=0.0016
  Epoch 30 [30/220] loss=0.0014 mask=0.2476 depth=0.0014
  Epoch 30 [40/220] loss=0.0016 mask=0.2508 depth=0.0016
  Epoch 30 [50/220] loss=0.0015 mask=0.2651 depth=0.0015
  Epoch 30 [60/220] loss=0.0016 mask=0.2680 depth=0.0016
  Epoch 30 [70/220] loss=0.0015 mask=0.2658 depth=0.0015
  Epoch 30 [80/220] loss=0.0015 mask=0.2771 depth=0.0015
  Epoch 30 [90/220] loss=0.0015 mask=0.2674 depth=0.0015
  Epoch 30 [100/220] loss=0.0015 mask=0.2660 depth=0.0015
  Epoch 30 [110/220] loss=0.0014 mask=0.2663 depth=0.0014
  Epoch 30 [120/220] loss=0.0015 mask=0.2689 depth=0.0015
  Epoch 30 [130/220] loss=0.0014 mask=0.2716 depth=0.0014
  Epoch 30 [140/220] loss=0.0015 mask=0.2729 depth=0.0015
  Epoch 30 [150/220] loss=0.0015 mask=0.2706 depth=0.0015
  Epoch 30 [160/220] loss=0.0015 mask=0.2741 depth=0.0015
  Epoch 30 [170/220] loss=0.0015 mask=0.2761 depth=0.0015
  Epoch 30 [180/220] loss=0.0015 mask=0.2742 depth=0.0015
  Epoch 30 [190/220] loss=0.0015 mask=0.2723 depth=0.0015
  Epoch 30 [200/220] loss=0.0015 mask=0.2779 depth=0.0015
  Epoch 30 [210/220] loss=0.0015 mask=0.2743 depth=0.0015
  Epoch 30 [220/220] loss=0.0015 mask=0.2722 depth=0.0015
  Train: loss=0.0015 mask=0.2722 depth=0.0015 time=187.3s
  Val epoch 30: loss=0.0634

=== Phase2 Epoch 31/49 ===
  Epoch 31 [10/220] loss=0.0018 mask=0.2834 depth=0.0018
  Epoch 31 [20/220] loss=0.0015 mask=0.2515 depth=0.0015
  Epoch 31 [30/220] loss=0.0014 mask=0.2400 depth=0.0014
  Epoch 31 [40/220] loss=0.0014 mask=0.2443 depth=0.0014
  Epoch 31 [50/220] loss=0.0013 mask=0.2451 depth=0.0013
  Epoch 31 [60/220] loss=0.0013 mask=0.2499 depth=0.0013
  Epoch 31 [70/220] loss=0.0014 mask=0.2501 depth=0.0014
  Epoch 31 [80/220] loss=0.0014 mask=0.2531 depth=0.0014
  Epoch 31 [90/220] loss=0.0013 mask=0.2620 depth=0.0013
  Epoch 31 [100/220] loss=0.0013 mask=0.2710 depth=0.0013
  Epoch 31 [110/220] loss=0.0013 mask=0.2761 depth=0.0013
  Epoch 31 [120/220] loss=0.0012 mask=0.2739 depth=0.0012
  Epoch 31 [130/220] loss=0.0013 mask=0.2675 depth=0.0013
  Epoch 31 [140/220] loss=0.0013 mask=0.2749 depth=0.0013
  Epoch 31 [150/220] loss=0.0013 mask=0.2723 depth=0.0013
  Epoch 31 [160/220] loss=0.0013 mask=0.2780 depth=0.0013
  Epoch 31 [170/220] loss=0.0013 mask=0.2736 depth=0.0013
  Epoch 31 [180/220] loss=0.0013 mask=0.2746 depth=0.0013
  Epoch 31 [190/220] loss=0.0013 mask=0.2736 depth=0.0013
  Epoch 31 [200/220] loss=0.0013 mask=0.2746 depth=0.0013
  Epoch 31 [210/220] loss=0.0013 mask=0.2721 depth=0.0013
  Epoch 31 [220/220] loss=0.0013 mask=0.2715 depth=0.0013
  Train: loss=0.0013 mask=0.2715 depth=0.0013 time=126.6s
  Val epoch 31: loss=0.0652

=== Phase2 Epoch 32/49 ===
  Epoch 32 [10/220] loss=0.0016 mask=0.3257 depth=0.0016
  Epoch 32 [20/220] loss=0.0013 mask=0.2519 depth=0.0013
  Epoch 32 [30/220] loss=0.0014 mask=0.2586 depth=0.0014
  Epoch 32 [40/220] loss=0.0013 mask=0.2507 depth=0.0013
  Epoch 32 [50/220] loss=0.0013 mask=0.2430 depth=0.0013
  Epoch 32 [60/220] loss=0.0012 mask=0.2498 depth=0.0012
  Epoch 32 [70/220] loss=0.0012 mask=0.2550 depth=0.0012
  Epoch 32 [80/220] loss=0.0012 mask=0.2549 depth=0.0012
  Epoch 32 [90/220] loss=0.0012 mask=0.2629 depth=0.0012
  Epoch 32 [100/220] loss=0.0012 mask=0.2653 depth=0.0012
  Epoch 32 [110/220] loss=0.0012 mask=0.2704 depth=0.0012
  Epoch 32 [120/220] loss=0.0012 mask=0.2743 depth=0.0012
  Epoch 32 [130/220] loss=0.0012 mask=0.2692 depth=0.0012
  Epoch 32 [140/220] loss=0.0012 mask=0.2632 depth=0.0012
  Epoch 32 [150/220] loss=0.0012 mask=0.2698 depth=0.0012
  Epoch 32 [160/220] loss=0.0012 mask=0.2693 depth=0.0012
  Epoch 32 [170/220] loss=0.0012 mask=0.2696 depth=0.0012
  Epoch 32 [180/220] loss=0.0012 mask=0.2690 depth=0.0012
  Epoch 32 [190/220] loss=0.0012 mask=0.2690 depth=0.0012
  Epoch 32 [200/220] loss=0.0012 mask=0.2697 depth=0.0012
  Epoch 32 [210/220] loss=0.0012 mask=0.2683 depth=0.0012
  Epoch 32 [220/220] loss=0.0012 mask=0.2718 depth=0.0012
  Train: loss=0.0012 mask=0.2718 depth=0.0012 time=116.0s
  Val epoch 32: loss=0.0634

=== Phase2 Epoch 33/49 ===
  Epoch 33 [10/220] loss=0.0015 mask=0.1989 depth=0.0015
  Epoch 33 [20/220] loss=0.0013 mask=0.2080 depth=0.0013
  Epoch 33 [30/220] loss=0.0014 mask=0.2544 depth=0.0014
  Epoch 33 [40/220] loss=0.0013 mask=0.2565 depth=0.0013
  Epoch 33 [50/220] loss=0.0012 mask=0.2736 depth=0.0012
  Epoch 33 [60/220] loss=0.0012 mask=0.2729 depth=0.0012
  Epoch 33 [70/220] loss=0.0012 mask=0.2663 depth=0.0012
  Epoch 33 [80/220] loss=0.0012 mask=0.2597 depth=0.0012
  Epoch 33 [90/220] loss=0.0012 mask=0.2721 depth=0.0012
  Epoch 33 [100/220] loss=0.0012 mask=0.2759 depth=0.0012
  Epoch 33 [110/220] loss=0.0012 mask=0.2741 depth=0.0012
  Epoch 33 [120/220] loss=0.0012 mask=0.2719 depth=0.0012
  Epoch 33 [130/220] loss=0.0012 mask=0.2694 depth=0.0012
  Epoch 33 [140/220] loss=0.0012 mask=0.2678 depth=0.0012
  Epoch 33 [150/220] loss=0.0012 mask=0.2722 depth=0.0012
  Epoch 33 [160/220] loss=0.0012 mask=0.2758 depth=0.0012
  Epoch 33 [170/220] loss=0.0011 mask=0.2761 depth=0.0011
  Epoch 33 [180/220] loss=0.0011 mask=0.2736 depth=0.0011
  Epoch 33 [190/220] loss=0.0011 mask=0.2691 depth=0.0011
  Epoch 33 [200/220] loss=0.0011 mask=0.2699 depth=0.0011
  Epoch 33 [210/220] loss=0.0011 mask=0.2730 depth=0.0011
  Epoch 33 [220/220] loss=0.0012 mask=0.2729 depth=0.0012
  Train: loss=0.0012 mask=0.2729 depth=0.0012 time=111.4s
  Val epoch 33: loss=0.0636

=== Phase2 Epoch 34/49 ===
  Epoch 34 [10/220] loss=0.0009 mask=0.3173 depth=0.0009
  Epoch 34 [20/220] loss=0.0010 mask=0.3248 depth=0.0010
  Epoch 34 [30/220] loss=0.0011 mask=0.2823 depth=0.0011
  Epoch 34 [40/220] loss=0.0011 mask=0.2948 depth=0.0011
  Epoch 34 [50/220] loss=0.0011 mask=0.2832 depth=0.0011
  Epoch 34 [60/220] loss=0.0011 mask=0.2730 depth=0.0011
  Epoch 34 [70/220] loss=0.0011 mask=0.2721 depth=0.0011
  Epoch 34 [80/220] loss=0.0011 mask=0.2705 depth=0.0011
  Epoch 34 [90/220] loss=0.0011 mask=0.2644 depth=0.0011
  Epoch 34 [100/220] loss=0.0011 mask=0.2641 depth=0.0011
  Epoch 34 [110/220] loss=0.0011 mask=0.2603 depth=0.0011
  Epoch 34 [120/220] loss=0.0011 mask=0.2602 depth=0.0011
  Epoch 34 [130/220] loss=0.0011 mask=0.2622 depth=0.0011
  Epoch 34 [140/220] loss=0.0011 mask=0.2633 depth=0.0011
  Epoch 34 [150/220] loss=0.0010 mask=0.2589 depth=0.0010
  Epoch 34 [160/220] loss=0.0011 mask=0.2646 depth=0.0011
  Epoch 34 [170/220] loss=0.0011 mask=0.2667 depth=0.0011
  Epoch 34 [180/220] loss=0.0011 mask=0.2703 depth=0.0011
  Epoch 34 [190/220] loss=0.0011 mask=0.2703 depth=0.0011
  Epoch 34 [200/220] loss=0.0011 mask=0.2742 depth=0.0011
  Epoch 34 [210/220] loss=0.0011 mask=0.2713 depth=0.0011
  Epoch 34 [220/220] loss=0.0011 mask=0.2739 depth=0.0011
  Train: loss=0.0011 mask=0.2739 depth=0.0011 time=113.0s
  Val epoch 34: loss=0.0616
  Saved best phase2 model (val_loss=0.0616)

=== Phase2 Epoch 35/49 ===
  Epoch 35 [10/220] loss=0.0009 mask=0.3096 depth=0.0009
  Epoch 35 [20/220] loss=0.0012 mask=0.2933 depth=0.0012
  Epoch 35 [30/220] loss=0.0011 mask=0.2624 depth=0.0011
  Epoch 35 [40/220] loss=0.0012 mask=0.2574 depth=0.0012
  Epoch 35 [50/220] loss=0.0011 mask=0.2478 depth=0.0011
  Epoch 35 [60/220] loss=0.0011 mask=0.2508 depth=0.0011
  Epoch 35 [70/220] loss=0.0011 mask=0.2573 depth=0.0011
  Epoch 35 [80/220] loss=0.0010 mask=0.2619 depth=0.0010
  Epoch 35 [90/220] loss=0.0011 mask=0.2654 depth=0.0011
  Epoch 35 [100/220] loss=0.0011 mask=0.2651 depth=0.0011
  Epoch 35 [110/220] loss=0.0011 mask=0.2723 depth=0.0011
  Epoch 35 [120/220] loss=0.0012 mask=0.2686 depth=0.0012
  Epoch 35 [130/220] loss=0.0012 mask=0.2646 depth=0.0012
  Epoch 35 [140/220] loss=0.0011 mask=0.2653 depth=0.0011
  Epoch 35 [150/220] loss=0.0011 mask=0.2697 depth=0.0011
  Epoch 35 [160/220] loss=0.0011 mask=0.2675 depth=0.0011
  Epoch 35 [170/220] loss=0.0011 mask=0.2674 depth=0.0011
  Epoch 35 [180/220] loss=0.0011 mask=0.2705 depth=0.0011
  Epoch 35 [190/220] loss=0.0011 mask=0.2714 depth=0.0011
  Epoch 35 [200/220] loss=0.0011 mask=0.2704 depth=0.0011
  Epoch 35 [210/220] loss=0.0011 mask=0.2711 depth=0.0011
  Epoch 35 [220/220] loss=0.0011 mask=0.2716 depth=0.0011
  Train: loss=0.0011 mask=0.2716 depth=0.0011 time=122.3s
  Val epoch 35: loss=0.0634

=== Phase2 Epoch 36/49 ===
  Epoch 36 [10/220] loss=0.0008 mask=0.3080 depth=0.0008
  Epoch 36 [20/220] loss=0.0009 mask=0.3085 depth=0.0009
  Epoch 36 [30/220] loss=0.0009 mask=0.2852 depth=0.0009
  Epoch 36 [40/220] loss=0.0009 mask=0.2783 depth=0.0009
  Epoch 36 [50/220] loss=0.0009 mask=0.2508 depth=0.0009
  Epoch 36 [60/220] loss=0.0009 mask=0.2426 depth=0.0009
  Epoch 36 [70/220] loss=0.0009 mask=0.2403 depth=0.0009
  Epoch 36 [80/220] loss=0.0009 mask=0.2422 depth=0.0009
  Epoch 36 [90/220] loss=0.0009 mask=0.2481 depth=0.0009
  Epoch 36 [100/220] loss=0.0009 mask=0.2564 depth=0.0009
  Epoch 36 [110/220] loss=0.0009 mask=0.2633 depth=0.0009
  Epoch 36 [120/220] loss=0.0009 mask=0.2599 depth=0.0009
  Epoch 36 [130/220] loss=0.0008 mask=0.2593 depth=0.0008
  Epoch 36 [140/220] loss=0.0009 mask=0.2601 depth=0.0009
  Epoch 36 [150/220] loss=0.0009 mask=0.2619 depth=0.0009
  Epoch 36 [160/220] loss=0.0009 mask=0.2609 depth=0.0009
  Epoch 36 [170/220] loss=0.0009 mask=0.2652 depth=0.0009
  Epoch 36 [180/220] loss=0.0010 mask=0.2676 depth=0.0010
  Epoch 36 [190/220] loss=0.0010 mask=0.2704 depth=0.0010
  Epoch 36 [200/220] loss=0.0010 mask=0.2734 depth=0.0010
  Epoch 36 [210/220] loss=0.0010 mask=0.2725 depth=0.0010
  Epoch 36 [220/220] loss=0.0010 mask=0.2731 depth=0.0010
  Train: loss=0.0010 mask=0.2731 depth=0.0010 time=139.4s
  Val epoch 36: loss=0.0638

=== Phase2 Epoch 37/49 ===
  Epoch 37 [10/220] loss=0.0008 mask=0.2941 depth=0.0008
  Epoch 37 [20/220] loss=0.0009 mask=0.2964 depth=0.0009
  Epoch 37 [30/220] loss=0.0010 mask=0.3012 depth=0.0010
  Epoch 37 [40/220] loss=0.0010 mask=0.2879 depth=0.0010
  Epoch 37 [50/220] loss=0.0009 mask=0.2828 depth=0.0009
  Epoch 37 [60/220] loss=0.0010 mask=0.2793 depth=0.0010
  Epoch 37 [70/220] loss=0.0010 mask=0.2761 depth=0.0010
  Epoch 37 [80/220] loss=0.0010 mask=0.2649 depth=0.0010
  Epoch 37 [90/220] loss=0.0010 mask=0.2610 depth=0.0010
  Epoch 37 [100/220] loss=0.0010 mask=0.2588 depth=0.0010
  Epoch 37 [110/220] loss=0.0010 mask=0.2585 depth=0.0010
  Epoch 37 [120/220] loss=0.0010 mask=0.2581 depth=0.0010
  Epoch 37 [130/220] loss=0.0011 mask=0.2579 depth=0.0011
  Epoch 37 [140/220] loss=0.0011 mask=0.2669 depth=0.0011
  Epoch 37 [150/220] loss=0.0011 mask=0.2690 depth=0.0011
  Epoch 37 [160/220] loss=0.0011 mask=0.2661 depth=0.0011
  Epoch 37 [170/220] loss=0.0011 mask=0.2707 depth=0.0011
  Epoch 37 [180/220] loss=0.0010 mask=0.2699 depth=0.0010
  Epoch 37 [190/220] loss=0.0010 mask=0.2708 depth=0.0010
  Epoch 37 [200/220] loss=0.0010 mask=0.2710 depth=0.0010
  Epoch 37 [210/220] loss=0.0010 mask=0.2749 depth=0.0010
  Epoch 37 [220/220] loss=0.0010 mask=0.2721 depth=0.0010
  Train: loss=0.0010 mask=0.2721 depth=0.0010 time=141.0s
  Val epoch 37: loss=0.0643

=== Phase2 Epoch 38/49 ===
  Epoch 38 [10/220] loss=0.0009 mask=0.2648 depth=0.0009
  Epoch 38 [20/220] loss=0.0008 mask=0.2808 depth=0.0008
  Epoch 38 [30/220] loss=0.0011 mask=0.2915 depth=0.0011
  Epoch 38 [40/220] loss=0.0012 mask=0.2842 depth=0.0012
  Epoch 38 [50/220] loss=0.0011 mask=0.2880 depth=0.0011
  Epoch 38 [60/220] loss=0.0010 mask=0.2952 depth=0.0010
  Epoch 38 [70/220] loss=0.0011 mask=0.2834 depth=0.0011
  Epoch 38 [80/220] loss=0.0011 mask=0.2801 depth=0.0011
  Epoch 38 [90/220] loss=0.0011 mask=0.2826 depth=0.0011
  Epoch 38 [100/220] loss=0.0011 mask=0.2840 depth=0.0011
  Epoch 38 [110/220] loss=0.0011 mask=0.2766 depth=0.0011
  Epoch 38 [120/220] loss=0.0011 mask=0.2733 depth=0.0011
  Epoch 38 [130/220] loss=0.0011 mask=0.2810 depth=0.0011
  Epoch 38 [140/220] loss=0.0011 mask=0.2750 depth=0.0011
  Epoch 38 [150/220] loss=0.0010 mask=0.2770 depth=0.0010
  Epoch 38 [160/220] loss=0.0010 mask=0.2782 depth=0.0010
  Epoch 38 [170/220] loss=0.0010 mask=0.2783 depth=0.0010
  Epoch 38 [180/220] loss=0.0010 mask=0.2784 depth=0.0010
  Epoch 38 [190/220] loss=0.0010 mask=0.2732 depth=0.0010
  Epoch 38 [200/220] loss=0.0010 mask=0.2752 depth=0.0010
  Epoch 38 [210/220] loss=0.0010 mask=0.2733 depth=0.0010
  Epoch 38 [220/220] loss=0.0010 mask=0.2733 depth=0.0010
  Train: loss=0.0010 mask=0.2733 depth=0.0010 time=121.4s
  Val epoch 38: loss=0.0638

=== Phase2 Epoch 39/49 ===
  Epoch 39 [10/220] loss=0.0008 mask=0.2621 depth=0.0008
  Epoch 39 [20/220] loss=0.0012 mask=0.2775 depth=0.0012
  Epoch 39 [30/220] loss=0.0011 mask=0.2639 depth=0.0011
  Epoch 39 [40/220] loss=0.0011 mask=0.2968 depth=0.0011
  Epoch 39 [50/220] loss=0.0011 mask=0.2890 depth=0.0011
  Epoch 39 [60/220] loss=0.0010 mask=0.2693 depth=0.0010
  Epoch 39 [70/220] loss=0.0010 mask=0.2656 depth=0.0010
  Epoch 39 [80/220] loss=0.0010 mask=0.2639 depth=0.0010
  Epoch 39 [90/220] loss=0.0009 mask=0.2618 depth=0.0009
  Epoch 39 [100/220] loss=0.0009 mask=0.2548 depth=0.0009
  Epoch 39 [110/220] loss=0.0009 mask=0.2586 depth=0.0009
  Epoch 39 [120/220] loss=0.0009 mask=0.2640 depth=0.0009
  Epoch 39 [130/220] loss=0.0009 mask=0.2638 depth=0.0009
  Epoch 39 [140/220] loss=0.0009 mask=0.2675 depth=0.0009
  Epoch 39 [150/220] loss=0.0009 mask=0.2678 depth=0.0009
  Epoch 39 [160/220] loss=0.0009 mask=0.2707 depth=0.0009
  Epoch 39 [170/220] loss=0.0009 mask=0.2669 depth=0.0009
  Epoch 39 [180/220] loss=0.0009 mask=0.2663 depth=0.0009
  Epoch 39 [190/220] loss=0.0009 mask=0.2670 depth=0.0009
  Epoch 39 [200/220] loss=0.0009 mask=0.2674 depth=0.0009
  Epoch 39 [210/220] loss=0.0009 mask=0.2699 depth=0.0009
  Epoch 39 [220/220] loss=0.0009 mask=0.2732 depth=0.0009
  Train: loss=0.0009 mask=0.2732 depth=0.0009 time=128.8s
  Val epoch 39: loss=0.0674

=== Phase2 Epoch 40/49 ===
  Epoch 40 [10/220] loss=0.0008 mask=0.3293 depth=0.0008
  Epoch 40 [20/220] loss=0.0008 mask=0.2882 depth=0.0008
  Epoch 40 [30/220] loss=0.0008 mask=0.2888 depth=0.0008
  Epoch 40 [40/220] loss=0.0008 mask=0.2855 depth=0.0008
  Epoch 40 [50/220] loss=0.0008 mask=0.2840 depth=0.0008
  Epoch 40 [60/220] loss=0.0008 mask=0.2904 depth=0.0008
  Epoch 40 [70/220] loss=0.0008 mask=0.2824 depth=0.0008
  Epoch 40 [80/220] loss=0.0008 mask=0.2885 depth=0.0008
  Epoch 40 [90/220] loss=0.0008 mask=0.2823 depth=0.0008
  Epoch 40 [100/220] loss=0.0008 mask=0.2727 depth=0.0008
  Epoch 40 [110/220] loss=0.0008 mask=0.2692 depth=0.0008
  Epoch 40 [120/220] loss=0.0008 mask=0.2680 depth=0.0008
  Epoch 40 [130/220] loss=0.0008 mask=0.2752 depth=0.0008
  Epoch 40 [140/220] loss=0.0008 mask=0.2719 depth=0.0008
  Epoch 40 [150/220] loss=0.0008 mask=0.2692 depth=0.0008
  Epoch 40 [160/220] loss=0.0008 mask=0.2665 depth=0.0008
  Epoch 40 [170/220] loss=0.0008 mask=0.2687 depth=0.0008
  Epoch 40 [180/220] loss=0.0008 mask=0.2691 depth=0.0008
  Epoch 40 [190/220] loss=0.0008 mask=0.2689 depth=0.0008
  Epoch 40 [200/220] loss=0.0008 mask=0.2675 depth=0.0008
  Epoch 40 [210/220] loss=0.0008 mask=0.2691 depth=0.0008
  Epoch 40 [220/220] loss=0.0009 mask=0.2718 depth=0.0009
  Train: loss=0.0009 mask=0.2718 depth=0.0009 time=128.8s
  Val epoch 40: loss=0.0637

=== Phase2 Epoch 41/49 ===
  Epoch 41 [10/220] loss=0.0008 mask=0.3076 depth=0.0008
  Epoch 41 [20/220] loss=0.0009 mask=0.2658 depth=0.0009
  Epoch 41 [30/220] loss=0.0007 mask=0.2655 depth=0.0007
  Epoch 41 [40/220] loss=0.0007 mask=0.2717 depth=0.0007
  Epoch 41 [50/220] loss=0.0007 mask=0.2719 depth=0.0007
  Epoch 41 [60/220] loss=0.0007 mask=0.2810 depth=0.0007
  Epoch 41 [70/220] loss=0.0007 mask=0.2842 depth=0.0007
  Epoch 41 [80/220] loss=0.0008 mask=0.2866 depth=0.0008
  Epoch 41 [90/220] loss=0.0008 mask=0.2837 depth=0.0008
  Epoch 41 [100/220] loss=0.0008 mask=0.2746 depth=0.0008
  Epoch 41 [110/220] loss=0.0008 mask=0.2706 depth=0.0008
  Epoch 41 [120/220] loss=0.0008 mask=0.2784 depth=0.0008
  Epoch 41 [130/220] loss=0.0008 mask=0.2745 depth=0.0008
  Epoch 41 [140/220] loss=0.0007 mask=0.2744 depth=0.0007
  Epoch 41 [150/220] loss=0.0007 mask=0.2751 depth=0.0007
  Epoch 41 [160/220] loss=0.0007 mask=0.2772 depth=0.0007
  Epoch 41 [170/220] loss=0.0007 mask=0.2764 depth=0.0007
  Epoch 41 [180/220] loss=0.0007 mask=0.2750 depth=0.0007
  Epoch 41 [190/220] loss=0.0007 mask=0.2752 depth=0.0007
  Epoch 41 [200/220] loss=0.0007 mask=0.2773 depth=0.0007
  Epoch 41 [210/220] loss=0.0007 mask=0.2756 depth=0.0007
  Epoch 41 [220/220] loss=0.0007 mask=0.2744 depth=0.0007
  Train: loss=0.0007 mask=0.2744 depth=0.0007 time=131.0s
  Val epoch 41: loss=0.0641

=== Phase2 Epoch 42/49 ===
  Epoch 42 [10/220] loss=0.0005 mask=0.2604 depth=0.0005
  Epoch 42 [20/220] loss=0.0005 mask=0.2648 depth=0.0005
  Epoch 42 [30/220] loss=0.0009 mask=0.2585 depth=0.0009
  Epoch 42 [40/220] loss=0.0008 mask=0.2572 depth=0.0008
  Epoch 42 [50/220] loss=0.0008 mask=0.2630 depth=0.0008
  Epoch 42 [60/220] loss=0.0008 mask=0.2557 depth=0.0008
  Epoch 42 [70/220] loss=0.0008 mask=0.2727 depth=0.0008
  Epoch 42 [80/220] loss=0.0008 mask=0.2718 depth=0.0008
  Epoch 42 [90/220] loss=0.0008 mask=0.2698 depth=0.0008
  Epoch 42 [100/220] loss=0.0007 mask=0.2736 depth=0.0007
  Epoch 42 [110/220] loss=0.0007 mask=0.2777 depth=0.0007
  Epoch 42 [120/220] loss=0.0007 mask=0.2776 depth=0.0007
  Epoch 42 [130/220] loss=0.0007 mask=0.2756 depth=0.0007
  Epoch 42 [140/220] loss=0.0007 mask=0.2719 depth=0.0007
  Epoch 42 [150/220] loss=0.0007 mask=0.2734 depth=0.0007
  Epoch 42 [160/220] loss=0.0007 mask=0.2753 depth=0.0007
  Epoch 42 [170/220] loss=0.0007 mask=0.2760 depth=0.0007
  Epoch 42 [180/220] loss=0.0007 mask=0.2729 depth=0.0007
  Epoch 42 [190/220] loss=0.0007 mask=0.2693 depth=0.0007
  Epoch 42 [200/220] loss=0.0007 mask=0.2691 depth=0.0007
  Epoch 42 [210/220] loss=0.0007 mask=0.2697 depth=0.0007
  Epoch 42 [220/220] loss=0.0007 mask=0.2724 depth=0.0007
  Train: loss=0.0007 mask=0.2724 depth=0.0007 time=117.5s
  Val epoch 42: loss=0.0645

=== Phase2 Epoch 43/49 ===
  Epoch 43 [10/220] loss=0.0009 mask=0.2292 depth=0.0009
  Epoch 43 [20/220] loss=0.0009 mask=0.2179 depth=0.0009
  Epoch 43 [30/220] loss=0.0009 mask=0.2403 depth=0.0009
  Epoch 43 [40/220] loss=0.0009 mask=0.2442 depth=0.0009
  Epoch 43 [50/220] loss=0.0009 mask=0.2440 depth=0.0009
  Epoch 43 [60/220] loss=0.0008 mask=0.2425 depth=0.0008
  Epoch 43 [70/220] loss=0.0008 mask=0.2423 depth=0.0008
  Epoch 43 [80/220] loss=0.0008 mask=0.2540 depth=0.0008
  Epoch 43 [90/220] loss=0.0008 mask=0.2593 depth=0.0008
  Epoch 43 [100/220] loss=0.0008 mask=0.2690 depth=0.0008
  Epoch 43 [110/220] loss=0.0007 mask=0.2672 depth=0.0007
  Epoch 43 [120/220] loss=0.0007 mask=0.2648 depth=0.0007
  Epoch 43 [130/220] loss=0.0007 mask=0.2656 depth=0.0007
  Epoch 43 [140/220] loss=0.0007 mask=0.2627 depth=0.0007
  Epoch 43 [150/220] loss=0.0007 mask=0.2627 depth=0.0007
  Epoch 43 [160/220] loss=0.0007 mask=0.2680 depth=0.0007
  Epoch 43 [170/220] loss=0.0007 mask=0.2707 depth=0.0007
  Epoch 43 [180/220] loss=0.0008 mask=0.2703 depth=0.0008
  Epoch 43 [190/220] loss=0.0008 mask=0.2702 depth=0.0008
  Epoch 43 [200/220] loss=0.0007 mask=0.2732 depth=0.0007
  Epoch 43 [210/220] loss=0.0007 mask=0.2735 depth=0.0007
  Epoch 43 [220/220] loss=0.0007 mask=0.2718 depth=0.0007
  Train: loss=0.0007 mask=0.2718 depth=0.0007 time=141.3s
  Val epoch 43: loss=0.0629

=== Phase2 Epoch 44/49 ===
  Epoch 44 [10/220] loss=0.0004 mask=0.2917 depth=0.0004
  Epoch 44 [20/220] loss=0.0006 mask=0.2378 depth=0.0006
  Epoch 44 [30/220] loss=0.0006 mask=0.2330 depth=0.0006
  Epoch 44 [40/220] loss=0.0006 mask=0.2489 depth=0.0006
  Epoch 44 [50/220] loss=0.0006 mask=0.2518 depth=0.0006
  Epoch 44 [60/220] loss=0.0006 mask=0.2524 depth=0.0006
  Epoch 44 [70/220] loss=0.0006 mask=0.2639 depth=0.0006
  Epoch 44 [80/220] loss=0.0007 mask=0.2599 depth=0.0007
  Epoch 44 [90/220] loss=0.0007 mask=0.2566 depth=0.0007
  Epoch 44 [100/220] loss=0.0007 mask=0.2634 depth=0.0007
  Epoch 44 [110/220] loss=0.0007 mask=0.2708 depth=0.0007
  Epoch 44 [120/220] loss=0.0007 mask=0.2718 depth=0.0007
  Epoch 44 [130/220] loss=0.0007 mask=0.2685 depth=0.0007
  Epoch 44 [140/220] loss=0.0007 mask=0.2722 depth=0.0007
  Epoch 44 [150/220] loss=0.0007 mask=0.2759 depth=0.0007
  Epoch 44 [160/220] loss=0.0007 mask=0.2765 depth=0.0007
  Epoch 44 [170/220] loss=0.0007 mask=0.2743 depth=0.0007
  Epoch 44 [180/220] loss=0.0007 mask=0.2745 depth=0.0007
  Epoch 44 [190/220] loss=0.0007 mask=0.2766 depth=0.0007
  Epoch 44 [200/220] loss=0.0007 mask=0.2735 depth=0.0007
  Epoch 44 [210/220] loss=0.0007 mask=0.2742 depth=0.0007
  Epoch 44 [220/220] loss=0.0007 mask=0.2731 depth=0.0007
  Train: loss=0.0007 mask=0.2731 depth=0.0007 time=105.9s
  Val epoch 44: loss=0.0643

=== Phase2 Epoch 45/49 ===
  Epoch 45 [10/220] loss=0.0007 mask=0.3284 depth=0.0007
  Epoch 45 [20/220] loss=0.0007 mask=0.3315 depth=0.0007
  Epoch 45 [30/220] loss=0.0007 mask=0.2953 depth=0.0007
  Epoch 45 [40/220] loss=0.0008 mask=0.2869 depth=0.0008
  Epoch 45 [50/220] loss=0.0008 mask=0.2728 depth=0.0008
  Epoch 45 [60/220] loss=0.0008 mask=0.2573 depth=0.0008
  Epoch 45 [70/220] loss=0.0008 mask=0.2605 depth=0.0008
  Epoch 45 [80/220] loss=0.0008 mask=0.2631 depth=0.0008
  Epoch 45 [90/220] loss=0.0007 mask=0.2694 depth=0.0007
  Epoch 45 [100/220] loss=0.0007 mask=0.2704 depth=0.0007
  Epoch 45 [110/220] loss=0.0007 mask=0.2780 depth=0.0007
  Epoch 45 [120/220] loss=0.0007 mask=0.2744 depth=0.0007
  Epoch 45 [130/220] loss=0.0007 mask=0.2765 depth=0.0007
  Epoch 45 [140/220] loss=0.0007 mask=0.2755 depth=0.0007
  Epoch 45 [150/220] loss=0.0007 mask=0.2747 depth=0.0007
  Epoch 45 [160/220] loss=0.0007 mask=0.2733 depth=0.0007
  Epoch 45 [170/220] loss=0.0007 mask=0.2724 depth=0.0007
  Epoch 45 [180/220] loss=0.0007 mask=0.2722 depth=0.0007
  Epoch 45 [190/220] loss=0.0007 mask=0.2739 depth=0.0007
  Epoch 45 [200/220] loss=0.0007 mask=0.2760 depth=0.0007
  Epoch 45 [210/220] loss=0.0007 mask=0.2740 depth=0.0007
  Epoch 45 [220/220] loss=0.0007 mask=0.2739 depth=0.0007
  Train: loss=0.0007 mask=0.2739 depth=0.0007 time=112.9s
  Val epoch 45: loss=0.0641

=== Phase2 Epoch 46/49 ===
  Epoch 46 [10/220] loss=0.0006 mask=0.2755 depth=0.0006
  Epoch 46 [20/220] loss=0.0006 mask=0.3464 depth=0.0006
  Epoch 46 [30/220] loss=0.0005 mask=0.3129 depth=0.0005
  Epoch 46 [40/220] loss=0.0006 mask=0.2927 depth=0.0006
  Epoch 46 [50/220] loss=0.0007 mask=0.2960 depth=0.0007
  Epoch 46 [60/220] loss=0.0007 mask=0.2856 depth=0.0007
  Epoch 46 [70/220] loss=0.0007 mask=0.2775 depth=0.0007
  Epoch 46 [80/220] loss=0.0006 mask=0.2775 depth=0.0006
  Epoch 46 [90/220] loss=0.0006 mask=0.2711 depth=0.0006
  Epoch 46 [100/220] loss=0.0006 mask=0.2764 depth=0.0006
  Epoch 46 [110/220] loss=0.0006 mask=0.2751 depth=0.0006
  Epoch 46 [120/220] loss=0.0006 mask=0.2765 depth=0.0006
  Epoch 46 [130/220] loss=0.0006 mask=0.2743 depth=0.0006
  Epoch 46 [140/220] loss=0.0006 mask=0.2781 depth=0.0006
  Epoch 46 [150/220] loss=0.0006 mask=0.2795 depth=0.0006
  Epoch 46 [160/220] loss=0.0006 mask=0.2777 depth=0.0006
  Epoch 46 [170/220] loss=0.0006 mask=0.2762 depth=0.0006
  Epoch 46 [180/220] loss=0.0007 mask=0.2723 depth=0.0007
  Epoch 46 [190/220] loss=0.0006 mask=0.2740 depth=0.0006
  Epoch 46 [200/220] loss=0.0006 mask=0.2744 depth=0.0006
  Epoch 46 [210/220] loss=0.0006 mask=0.2746 depth=0.0006
  Epoch 46 [220/220] loss=0.0006 mask=0.2731 depth=0.0006
  Train: loss=0.0006 mask=0.2731 depth=0.0006 time=110.6s
  Val epoch 46: loss=0.0638

=== Phase2 Epoch 47/49 ===
  Epoch 47 [10/220] loss=0.0004 mask=0.2516 depth=0.0004
  Epoch 47 [20/220] loss=0.0004 mask=0.2786 depth=0.0004
  Epoch 47 [30/220] loss=0.0005 mask=0.2826 depth=0.0005
  Epoch 47 [40/220] loss=0.0005 mask=0.2944 depth=0.0005
  Epoch 47 [50/220] loss=0.0006 mask=0.2798 depth=0.0006
  Epoch 47 [60/220] loss=0.0006 mask=0.2750 depth=0.0006
  Epoch 47 [70/220] loss=0.0006 mask=0.2653 depth=0.0006
  Epoch 47 [80/220] loss=0.0006 mask=0.2654 depth=0.0006
  Epoch 47 [90/220] loss=0.0006 mask=0.2579 depth=0.0006
  Epoch 47 [100/220] loss=0.0006 mask=0.2649 depth=0.0006
  Epoch 47 [110/220] loss=0.0007 mask=0.2696 depth=0.0007
  Epoch 47 [120/220] loss=0.0007 mask=0.2631 depth=0.0007
  Epoch 47 [130/220] loss=0.0007 mask=0.2651 depth=0.0007
  Epoch 47 [140/220] loss=0.0006 mask=0.2601 depth=0.0006
  Epoch 47 [150/220] loss=0.0006 mask=0.2585 depth=0.0006
  Epoch 47 [160/220] loss=0.0006 mask=0.2554 depth=0.0006
  Epoch 47 [170/220] loss=0.0007 mask=0.2583 depth=0.0007
  Epoch 47 [180/220] loss=0.0006 mask=0.2658 depth=0.0006
  Epoch 47 [190/220] loss=0.0006 mask=0.2715 depth=0.0006
  Epoch 47 [200/220] loss=0.0006 mask=0.2728 depth=0.0006
  Epoch 47 [210/220] loss=0.0006 mask=0.2708 depth=0.0006
  Epoch 47 [220/220] loss=0.0006 mask=0.2732 depth=0.0006
  Train: loss=0.0006 mask=0.2732 depth=0.0006 time=111.1s
  Val epoch 47: loss=0.0640

=== Phase2 Epoch 48/49 ===
  Epoch 48 [10/220] loss=0.0004 mask=0.2470 depth=0.0004
  Epoch 48 [20/220] loss=0.0006 mask=0.2441 depth=0.0006
  Epoch 48 [30/220] loss=0.0006 mask=0.2651 depth=0.0006
  Epoch 48 [40/220] loss=0.0006 mask=0.2317 depth=0.0006
  Epoch 48 [50/220] loss=0.0006 mask=0.2497 depth=0.0006
  Epoch 48 [60/220] loss=0.0006 mask=0.2429 depth=0.0006
  Epoch 48 [70/220] loss=0.0006 mask=0.2623 depth=0.0006
  Epoch 48 [80/220] loss=0.0006 mask=0.2703 depth=0.0006
  Epoch 48 [90/220] loss=0.0006 mask=0.2670 depth=0.0006
  Epoch 48 [100/220] loss=0.0006 mask=0.2643 depth=0.0006
  Epoch 48 [110/220] loss=0.0006 mask=0.2668 depth=0.0006
  Epoch 48 [120/220] loss=0.0006 mask=0.2708 depth=0.0006
  Epoch 48 [130/220] loss=0.0006 mask=0.2806 depth=0.0006
  Epoch 48 [140/220] loss=0.0006 mask=0.2784 depth=0.0006
  Epoch 48 [150/220] loss=0.0006 mask=0.2777 depth=0.0006
  Epoch 48 [160/220] loss=0.0006 mask=0.2794 depth=0.0006
  Epoch 48 [170/220] loss=0.0006 mask=0.2797 depth=0.0006
  Epoch 48 [180/220] loss=0.0006 mask=0.2774 depth=0.0006
  Epoch 48 [190/220] loss=0.0006 mask=0.2787 depth=0.0006
  Epoch 48 [200/220] loss=0.0006 mask=0.2782 depth=0.0006
  Epoch 48 [210/220] loss=0.0006 mask=0.2761 depth=0.0006
  Epoch 48 [220/220] loss=0.0006 mask=0.2734 depth=0.0006
  Train: loss=0.0006 mask=0.2734 depth=0.0006 time=113.9s
  Val epoch 48: loss=0.0636

=== Phase2 Epoch 49/49 ===
  Epoch 49 [10/220] loss=0.0005 mask=0.2236 depth=0.0005
  Epoch 49 [20/220] loss=0.0006 mask=0.2242 depth=0.0006
  Epoch 49 [30/220] loss=0.0006 mask=0.2234 depth=0.0006
  Epoch 49 [40/220] loss=0.0006 mask=0.2340 depth=0.0006
  Epoch 49 [50/220] loss=0.0006 mask=0.2340 depth=0.0006
  Epoch 49 [60/220] loss=0.0006 mask=0.2415 depth=0.0006
  Epoch 49 [70/220] loss=0.0005 mask=0.2456 depth=0.0005
  Epoch 49 [80/220] loss=0.0006 mask=0.2386 depth=0.0006
  Epoch 49 [90/220] loss=0.0006 mask=0.2494 depth=0.0006
  Epoch 49 [100/220] loss=0.0006 mask=0.2498 depth=0.0006
  Epoch 49 [110/220] loss=0.0005 mask=0.2579 depth=0.0005
  Epoch 49 [120/220] loss=0.0005 mask=0.2589 depth=0.0005
  Epoch 49 [130/220] loss=0.0005 mask=0.2599 depth=0.0005
  Epoch 49 [140/220] loss=0.0006 mask=0.2630 depth=0.0006
  Epoch 49 [150/220] loss=0.0006 mask=0.2661 depth=0.0006
  Epoch 49 [160/220] loss=0.0006 mask=0.2684 depth=0.0006
  Epoch 49 [170/220] loss=0.0006 mask=0.2687 depth=0.0006
  Epoch 49 [180/220] loss=0.0006 mask=0.2713 depth=0.0006
  Epoch 49 [190/220] loss=0.0006 mask=0.2721 depth=0.0006
  Epoch 49 [200/220] loss=0.0006 mask=0.2707 depth=0.0006
  Epoch 49 [210/220] loss=0.0006 mask=0.2706 depth=0.0006
  Epoch 49 [220/220] loss=0.0006 mask=0.2725 depth=0.0006
  Train: loss=0.0006 mask=0.2725 depth=0.0006 time=115.1s
  Val epoch 49: loss=0.0638

Phase 2 complete. Best val loss: 0.0616
