nohup: ignoring input
/home/LXT/.conda/envs/dinov3-sam/lib/python3.10/runpy.py:126: RuntimeWarning: 'dinosam.train.trainer' found in sys.modules after import of package 'dinosam.train', but prior to execution of 'dinosam.train.trainer'; this may result in unpredictable behaviour
  warn(RuntimeWarning(msg))
Train samples: 880  Val samples: 220

============================================================
PHASE 1: Mask-only training (dice + iou loss)
============================================================
Phase 1: Total params: 97,379,069  Trainable: 4,064,560
Resumed from epoch 3, best_val_loss=0.1639

=== Phase1 Epoch 3/49 ===
  Epoch 3 [10/220] loss=1.0632 mask=0.8834 iou=0.1798
  Epoch 3 [20/220] loss=0.9225 mask=0.8063 iou=0.1162
  Epoch 3 [30/220] loss=0.7762 mask=0.6731 iou=0.1031
  Epoch 3 [40/220] loss=0.6609 mask=0.5699 iou=0.0910
  Epoch 3 [50/220] loss=0.5903 mask=0.5067 iou=0.0835
  Epoch 3 [60/220] loss=0.5388 mask=0.4605 iou=0.0783
  Epoch 3 [70/220] loss=0.5023 mask=0.4275 iou=0.0748
  Epoch 3 [80/220] loss=0.4706 mask=0.4002 iou=0.0704
  Epoch 3 [90/220] loss=0.4463 mask=0.3792 iou=0.0671
  Epoch 3 [100/220] loss=0.4246 mask=0.3613 iou=0.0633
  Epoch 3 [110/220] loss=0.4061 mask=0.3447 iou=0.0613
  Epoch 3 [120/220] loss=0.3923 mask=0.3329 iou=0.0593
  Epoch 3 [130/220] loss=0.3802 mask=0.3225 iou=0.0577
  Epoch 3 [140/220] loss=0.3643 mask=0.3091 iou=0.0553
  Epoch 3 [150/220] loss=0.3545 mask=0.3005 iou=0.0540
  Epoch 3 [160/220] loss=0.3461 mask=0.2931 iou=0.0530
  Epoch 3 [170/220] loss=0.3372 mask=0.2857 iou=0.0515
  Epoch 3 [180/220] loss=0.3272 mask=0.2772 iou=0.0501
  Epoch 3 [190/220] loss=0.3199 mask=0.2708 iou=0.0491
  Epoch 3 [200/220] loss=0.3140 mask=0.2659 iou=0.0481
  Epoch 3 [210/220] loss=0.3087 mask=0.2616 iou=0.0471
  Epoch 3 [220/220] loss=0.3012 mask=0.2552 iou=0.0460
  Train: loss=0.3012 mask=0.2552 iou=0.0460 time=197.5s
  Val epoch 3: loss=0.2207

=== Phase1 Epoch 4/49 ===
  Epoch 4 [10/220] loss=0.1813 mask=0.1531 iou=0.0281
  Epoch 4 [20/220] loss=0.1831 mask=0.1579 iou=0.0252
  Epoch 4 [30/220] loss=0.1747 mask=0.1507 iou=0.0240
  Epoch 4 [40/220] loss=0.1826 mask=0.1578 iou=0.0247
  Epoch 4 [50/220] loss=0.1871 mask=0.1616 iou=0.0255
  Epoch 4 [60/220] loss=0.1871 mask=0.1622 iou=0.0250
  Epoch 4 [70/220] loss=0.1802 mask=0.1565 iou=0.0237
  Epoch 4 [80/220] loss=0.1800 mask=0.1556 iou=0.0244
  Epoch 4 [90/220] loss=0.1779 mask=0.1534 iou=0.0245
  Epoch 4 [100/220] loss=0.1787 mask=0.1543 iou=0.0244
  Epoch 4 [110/220] loss=0.1738 mask=0.1505 iou=0.0233
  Epoch 4 [120/220] loss=0.1711 mask=0.1488 iou=0.0224
  Epoch 4 [130/220] loss=0.1723 mask=0.1495 iou=0.0228
  Epoch 4 [140/220] loss=0.1718 mask=0.1486 iou=0.0231
  Epoch 4 [150/220] loss=0.1706 mask=0.1476 iou=0.0230
  Epoch 4 [160/220] loss=0.1705 mask=0.1472 iou=0.0232
  Epoch 4 [170/220] loss=0.1687 mask=0.1458 iou=0.0229
  Epoch 4 [180/220] loss=0.1719 mask=0.1487 iou=0.0232
  Epoch 4 [190/220] loss=0.1701 mask=0.1475 iou=0.0226
  Epoch 4 [200/220] loss=0.1694 mask=0.1469 iou=0.0226
  Epoch 4 [210/220] loss=0.1694 mask=0.1470 iou=0.0224
  Epoch 4 [220/220] loss=0.1670 mask=0.1447 iou=0.0223
  Train: loss=0.1670 mask=0.1447 iou=0.0223 time=193.4s
  Val epoch 4: loss=0.1915

=== Phase1 Epoch 5/49 ===
  Epoch 5 [10/220] loss=0.1819 mask=0.1516 iou=0.0303
  Epoch 5 [20/220] loss=0.1729 mask=0.1465 iou=0.0265
  Epoch 5 [30/220] loss=0.1456 mask=0.1246 iou=0.0210
  Epoch 5 [40/220] loss=0.1460 mask=0.1259 iou=0.0201
  Epoch 5 [50/220] loss=0.1499 mask=0.1306 iou=0.0193
  Epoch 5 [60/220] loss=0.1480 mask=0.1289 iou=0.0191
  Epoch 5 [70/220] loss=0.1477 mask=0.1288 iou=0.0189
  Epoch 5 [80/220] loss=0.1478 mask=0.1285 iou=0.0193
  Epoch 5 [90/220] loss=0.1456 mask=0.1271 iou=0.0185
  Epoch 5 [100/220] loss=0.1442 mask=0.1263 iou=0.0178
  Epoch 5 [110/220] loss=0.1436 mask=0.1264 iou=0.0171
  Epoch 5 [120/220] loss=0.1441 mask=0.1273 iou=0.0168
  Epoch 5 [130/220] loss=0.1430 mask=0.1258 iou=0.0173
  Epoch 5 [140/220] loss=0.1407 mask=0.1235 iou=0.0171
  Epoch 5 [150/220] loss=0.1430 mask=0.1254 iou=0.0175
  Epoch 5 [160/220] loss=0.1438 mask=0.1259 iou=0.0180
  Epoch 5 [170/220] loss=0.1446 mask=0.1266 iou=0.0180
  Epoch 5 [180/220] loss=0.1473 mask=0.1288 iou=0.0185
  Epoch 5 [190/220] loss=0.1467 mask=0.1279 iou=0.0188
  Epoch 5 [200/220] loss=0.1469 mask=0.1285 iou=0.0184
  Epoch 5 [210/220] loss=0.1466 mask=0.1283 iou=0.0184
  Epoch 5 [220/220] loss=0.1459 mask=0.1279 iou=0.0179
  Train: loss=0.1459 mask=0.1279 iou=0.0179 time=200.9s
  Val epoch 5: loss=0.1770

=== Phase1 Epoch 6/49 ===
  Epoch 6 [10/220] loss=0.1599 mask=0.1391 iou=0.0209
  Epoch 6 [20/220] loss=0.1401 mask=0.1252 iou=0.0150
  Epoch 6 [30/220] loss=0.1477 mask=0.1311 iou=0.0166
  Epoch 6 [40/220] loss=0.1375 mask=0.1231 iou=0.0144
  Epoch 6 [50/220] loss=0.1336 mask=0.1196 iou=0.0140
  Epoch 6 [60/220] loss=0.1367 mask=0.1217 iou=0.0150
  Epoch 6 [70/220] loss=0.1330 mask=0.1188 iou=0.0143
  Epoch 6 [80/220] loss=0.1311 mask=0.1171 iou=0.0140
  Epoch 6 [90/220] loss=0.1315 mask=0.1170 iou=0.0144
  Epoch 6 [100/220] loss=0.1286 mask=0.1148 iou=0.0138
  Epoch 6 [110/220] loss=0.1320 mask=0.1178 iou=0.0142
  Epoch 6 [120/220] loss=0.1311 mask=0.1171 iou=0.0140
  Epoch 6 [130/220] loss=0.1299 mask=0.1158 iou=0.0141
  Epoch 6 [140/220] loss=0.1286 mask=0.1149 iou=0.0137
  Epoch 6 [150/220] loss=0.1288 mask=0.1150 iou=0.0138
  Epoch 6 [160/220] loss=0.1295 mask=0.1154 iou=0.0141
  Epoch 6 [170/220] loss=0.1300 mask=0.1154 iou=0.0146
  Epoch 6 [180/220] loss=0.1296 mask=0.1151 iou=0.0145
  Epoch 6 [190/220] loss=0.1306 mask=0.1160 iou=0.0146
  Epoch 6 [200/220] loss=0.1330 mask=0.1180 iou=0.0150
  Epoch 6 [210/220] loss=0.1347 mask=0.1191 iou=0.0156
  Epoch 6 [220/220] loss=0.1325 mask=0.1174 iou=0.0151
  Train: loss=0.1325 mask=0.1174 iou=0.0151 time=219.9s
  Val epoch 6: loss=0.1672

=== Phase1 Epoch 7/49 ===
  Epoch 7 [10/220] loss=0.1057 mask=0.0944 iou=0.0113
  Epoch 7 [20/220] loss=0.1093 mask=0.0987 iou=0.0106
  Epoch 7 [30/220] loss=0.1156 mask=0.1041 iou=0.0116
  Epoch 7 [40/220] loss=0.1240 mask=0.1121 iou=0.0119
  Epoch 7 [50/220] loss=0.1230 mask=0.1112 iou=0.0119
  Epoch 7 [60/220] loss=0.1258 mask=0.1134 iou=0.0125
  Epoch 7 [70/220] loss=0.1237 mask=0.1113 iou=0.0124
  Epoch 7 [80/220] loss=0.1243 mask=0.1118 iou=0.0124
  Epoch 7 [90/220] loss=0.1295 mask=0.1166 iou=0.0129
  Epoch 7 [100/220] loss=0.1283 mask=0.1154 iou=0.0129
  Epoch 7 [110/220] loss=0.1239 mask=0.1115 iou=0.0124
  Epoch 7 [120/220] loss=0.1231 mask=0.1104 iou=0.0127
  Epoch 7 [130/220] loss=0.1276 mask=0.1137 iou=0.0138
  Epoch 7 [140/220] loss=0.1266 mask=0.1131 iou=0.0135
  Epoch 7 [150/220] loss=0.1277 mask=0.1142 iou=0.0135
  Epoch 7 [160/220] loss=0.1281 mask=0.1146 iou=0.0136
  Epoch 7 [170/220] loss=0.1265 mask=0.1132 iou=0.0134
  Epoch 7 [180/220] loss=0.1260 mask=0.1128 iou=0.0132
  Epoch 7 [190/220] loss=0.1239 mask=0.1109 iou=0.0129
  Epoch 7 [200/220] loss=0.1252 mask=0.1120 iou=0.0132
  Epoch 7 [210/220] loss=0.1242 mask=0.1112 iou=0.0130
  Epoch 7 [220/220] loss=0.1253 mask=0.1119 iou=0.0134
  Train: loss=0.1253 mask=0.1119 iou=0.0134 time=193.3s
  Val epoch 7: loss=0.1628
  Saved best phase1 model (val_loss=0.1628)

=== Phase1 Epoch 8/49 ===
  Epoch 8 [10/220] loss=0.1126 mask=0.0992 iou=0.0133
  Epoch 8 [20/220] loss=0.1078 mask=0.0942 iou=0.0136
  Epoch 8 [30/220] loss=0.1144 mask=0.1019 iou=0.0126
  Epoch 8 [40/220] loss=0.1157 mask=0.1030 iou=0.0127
  Epoch 8 [50/220] loss=0.1099 mask=0.0982 iou=0.0117
  Epoch 8 [60/220] loss=0.1066 mask=0.0960 iou=0.0107
  Epoch 8 [70/220] loss=0.1049 mask=0.0947 iou=0.0103
  Epoch 8 [80/220] loss=0.1028 mask=0.0930 iou=0.0098
  Epoch 8 [90/220] loss=0.1034 mask=0.0937 iou=0.0097
  Epoch 8 [100/220] loss=0.1064 mask=0.0961 iou=0.0103
  Epoch 8 [110/220] loss=0.1072 mask=0.0967 iou=0.0105
  Epoch 8 [120/220] loss=0.1070 mask=0.0965 iou=0.0105
  Epoch 8 [130/220] loss=0.1059 mask=0.0957 iou=0.0102
  Epoch 8 [140/220] loss=0.1064 mask=0.0961 iou=0.0103
  Epoch 8 [150/220] loss=0.1077 mask=0.0971 iou=0.0106
  Epoch 8 [160/220] loss=0.1101 mask=0.0993 iou=0.0108
  Epoch 8 [170/220] loss=0.1133 mask=0.1017 iou=0.0115
  Epoch 8 [180/220] loss=0.1126 mask=0.1009 iou=0.0116
  Epoch 8 [190/220] loss=0.1150 mask=0.1031 iou=0.0119
  Epoch 8 [200/220] loss=0.1138 mask=0.1022 iou=0.0116
  Epoch 8 [210/220] loss=0.1136 mask=0.1018 iou=0.0118
  Epoch 8 [220/220] loss=0.1160 mask=0.1040 iou=0.0120
  Train: loss=0.1160 mask=0.1040 iou=0.0120 time=197.1s
  Val epoch 8: loss=0.1494
  Saved best phase1 model (val_loss=0.1494)

=== Phase1 Epoch 9/49 ===
  Epoch 9 [10/220] loss=0.0938 mask=0.0880 iou=0.0058
  Epoch 9 [20/220] loss=0.1139 mask=0.1047 iou=0.0092
  Epoch 9 [30/220] loss=0.1158 mask=0.1061 iou=0.0097
  Epoch 9 [40/220] loss=0.1175 mask=0.1071 iou=0.0104
  Epoch 9 [50/220] loss=0.1121 mask=0.1014 iou=0.0107
  Epoch 9 [60/220] loss=0.1111 mask=0.1012 iou=0.0099
  Epoch 9 [70/220] loss=0.1069 mask=0.0977 iou=0.0092
  Epoch 9 [80/220] loss=0.1056 mask=0.0963 iou=0.0093
  Epoch 9 [90/220] loss=0.1046 mask=0.0953 iou=0.0093
  Epoch 9 [100/220] loss=0.1033 mask=0.0943 iou=0.0091
  Epoch 9 [110/220] loss=0.1026 mask=0.0937 iou=0.0089
  Epoch 9 [120/220] loss=0.1019 mask=0.0928 iou=0.0090
  Epoch 9 [130/220] loss=0.1011 mask=0.0920 iou=0.0091
  Epoch 9 [140/220] loss=0.1035 mask=0.0943 iou=0.0092
  Epoch 9 [150/220] loss=0.1053 mask=0.0959 iou=0.0094
  Epoch 9 [160/220] loss=0.1042 mask=0.0950 iou=0.0092
  Epoch 9 [170/220] loss=0.1047 mask=0.0955 iou=0.0092
  Epoch 9 [180/220] loss=0.1060 mask=0.0965 iou=0.0095
  Epoch 9 [190/220] loss=0.1069 mask=0.0973 iou=0.0096
  Epoch 9 [200/220] loss=0.1082 mask=0.0985 iou=0.0098
  Epoch 9 [210/220] loss=0.1079 mask=0.0983 iou=0.0096
  Epoch 9 [220/220] loss=0.1092 mask=0.0993 iou=0.0099
  Train: loss=0.1092 mask=0.0993 iou=0.0099 time=195.4s
  Val epoch 9: loss=0.1511

=== Phase1 Epoch 10/49 ===
  Epoch 10 [10/220] loss=0.1784 mask=0.1574 iou=0.0210
  Epoch 10 [20/220] loss=0.1484 mask=0.1323 iou=0.0161
  Epoch 10 [30/220] loss=0.1318 mask=0.1190 iou=0.0128
  Epoch 10 [40/220] loss=0.1212 mask=0.1101 iou=0.0111
  Epoch 10 [50/220] loss=0.1197 mask=0.1086 iou=0.0111
  Epoch 10 [60/220] loss=0.1192 mask=0.1080 iou=0.0112
  Epoch 10 [70/220] loss=0.1154 mask=0.1045 iou=0.0109
  Epoch 10 [80/220] loss=0.1111 mask=0.1007 iou=0.0103
  Epoch 10 [90/220] loss=0.1107 mask=0.1007 iou=0.0100
  Epoch 10 [100/220] loss=0.1097 mask=0.0998 iou=0.0099
  Epoch 10 [110/220] loss=0.1091 mask=0.0991 iou=0.0099
  Epoch 10 [120/220] loss=0.1094 mask=0.0993 iou=0.0101
  Epoch 10 [130/220] loss=0.1096 mask=0.0996 iou=0.0100
  Epoch 10 [140/220] loss=0.1097 mask=0.0999 iou=0.0097
  Epoch 10 [150/220] loss=0.1076 mask=0.0979 iou=0.0096
  Epoch 10 [160/220] loss=0.1063 mask=0.0969 iou=0.0094
  Epoch 10 [170/220] loss=0.1069 mask=0.0975 iou=0.0094
  Epoch 10 [180/220] loss=0.1060 mask=0.0968 iou=0.0092
  Epoch 10 [190/220] loss=0.1068 mask=0.0977 iou=0.0091
  Epoch 10 [200/220] loss=0.1067 mask=0.0976 iou=0.0090
  Epoch 10 [210/220] loss=0.1049 mask=0.0961 iou=0.0088
  Epoch 10 [220/220] loss=0.1042 mask=0.0953 iou=0.0088
  Train: loss=0.1042 mask=0.0953 iou=0.0088 time=199.5s
  Val epoch 10: loss=0.1438
  Saved best phase1 model (val_loss=0.1438)

=== Phase1 Epoch 11/49 ===
  Epoch 11 [10/220] loss=0.0805 mask=0.0761 iou=0.0043
  Epoch 11 [20/220] loss=0.0990 mask=0.0892 iou=0.0098
  Epoch 11 [30/220] loss=0.0945 mask=0.0859 iou=0.0086
  Epoch 11 [40/220] loss=0.1004 mask=0.0913 iou=0.0091
  Epoch 11 [50/220] loss=0.1057 mask=0.0965 iou=0.0093
  Epoch 11 [60/220] loss=0.1067 mask=0.0977 iou=0.0091
  Epoch 11 [70/220] loss=0.1042 mask=0.0953 iou=0.0088
  Epoch 11 [80/220] loss=0.1026 mask=0.0943 iou=0.0084
  Epoch 11 [90/220] loss=0.1048 mask=0.0962 iou=0.0087
  Epoch 11 [100/220] loss=0.1070 mask=0.0979 iou=0.0090
  Epoch 11 [110/220] loss=0.1047 mask=0.0959 iou=0.0088
  Epoch 11 [120/220] loss=0.1037 mask=0.0950 iou=0.0087
  Epoch 11 [130/220] loss=0.1021 mask=0.0935 iou=0.0087
  Epoch 11 [140/220] loss=0.1009 mask=0.0925 iou=0.0085
  Epoch 11 [150/220] loss=0.1007 mask=0.0922 iou=0.0085
  Epoch 11 [160/220] loss=0.1005 mask=0.0921 iou=0.0084
  Epoch 11 [170/220] loss=0.1009 mask=0.0924 iou=0.0085
  Epoch 11 [180/220] loss=0.1017 mask=0.0932 iou=0.0085
  Epoch 11 [190/220] loss=0.1023 mask=0.0937 iou=0.0085
  Epoch 11 [200/220] loss=0.1019 mask=0.0935 iou=0.0084
  Epoch 11 [210/220] loss=0.1024 mask=0.0939 iou=0.0085
  Epoch 11 [220/220] loss=0.1022 mask=0.0937 iou=0.0084
  Train: loss=0.1022 mask=0.0937 iou=0.0084 time=198.0s
  Val epoch 11: loss=0.1427
  Saved best phase1 model (val_loss=0.1427)

=== Phase1 Epoch 12/49 ===
  Epoch 12 [10/220] loss=0.1107 mask=0.1026 iou=0.0081
  Epoch 12 [20/220] loss=0.0905 mask=0.0846 iou=0.0059
  Epoch 12 [30/220] loss=0.1010 mask=0.0938 iou=0.0073
  Epoch 12 [40/220] loss=0.0977 mask=0.0897 iou=0.0080
  Epoch 12 [50/220] loss=0.1018 mask=0.0939 iou=0.0079
  Epoch 12 [60/220] loss=0.1005 mask=0.0927 iou=0.0078
  Epoch 12 [70/220] loss=0.1048 mask=0.0962 iou=0.0086
  Epoch 12 [80/220] loss=0.1046 mask=0.0961 iou=0.0085
  Epoch 12 [90/220] loss=0.1049 mask=0.0965 iou=0.0084
  Epoch 12 [100/220] loss=0.1060 mask=0.0974 iou=0.0085
  Epoch 12 [110/220] loss=0.1042 mask=0.0958 iou=0.0084
  Epoch 12 [120/220] loss=0.1035 mask=0.0953 iou=0.0082
  Epoch 12 [130/220] loss=0.1040 mask=0.0957 iou=0.0084
  Epoch 12 [140/220] loss=0.1030 mask=0.0946 iou=0.0084
  Epoch 12 [150/220] loss=0.1015 mask=0.0933 iou=0.0082
  Epoch 12 [160/220] loss=0.1015 mask=0.0932 iou=0.0082
  Epoch 12 [170/220] loss=0.1006 mask=0.0924 iou=0.0082
  Epoch 12 [180/220] loss=0.1010 mask=0.0929 iou=0.0081
  Epoch 12 [190/220] loss=0.1003 mask=0.0923 iou=0.0080
  Epoch 12 [200/220] loss=0.0996 mask=0.0918 iou=0.0078
  Epoch 12 [210/220] loss=0.0999 mask=0.0920 iou=0.0079
  Epoch 12 [220/220] loss=0.1007 mask=0.0928 iou=0.0080
  Train: loss=0.1007 mask=0.0928 iou=0.0080 time=191.6s
  Val epoch 12: loss=0.1387
  Saved best phase1 model (val_loss=0.1387)

=== Phase1 Epoch 13/49 ===
  Epoch 13 [10/220] loss=0.0910 mask=0.0827 iou=0.0082
  Epoch 13 [20/220] loss=0.1051 mask=0.0936 iou=0.0116
  Epoch 13 [30/220] loss=0.1032 mask=0.0929 iou=0.0102
  Epoch 13 [40/220] loss=0.1002 mask=0.0913 iou=0.0089
  Epoch 13 [50/220] loss=0.0980 mask=0.0891 iou=0.0089
  Epoch 13 [60/220] loss=0.0990 mask=0.0903 iou=0.0087
  Epoch 13 [70/220] loss=0.0996 mask=0.0908 iou=0.0089
  Epoch 13 [80/220] loss=0.1003 mask=0.0920 iou=0.0083
  Epoch 13 [90/220] loss=0.1008 mask=0.0924 iou=0.0083
  Epoch 13 [100/220] loss=0.1008 mask=0.0926 iou=0.0082
  Epoch 13 [110/220] loss=0.1004 mask=0.0922 iou=0.0082
  Epoch 13 [120/220] loss=0.1002 mask=0.0921 iou=0.0081
  Epoch 13 [130/220] loss=0.1001 mask=0.0917 iou=0.0083
  Epoch 13 [140/220] loss=0.1004 mask=0.0923 iou=0.0081
  Epoch 13 [150/220] loss=0.1023 mask=0.0938 iou=0.0084
  Epoch 13 [160/220] loss=0.1019 mask=0.0935 iou=0.0084
  Epoch 13 [170/220] loss=0.1021 mask=0.0938 iou=0.0083
  Epoch 13 [180/220] loss=0.1026 mask=0.0945 iou=0.0081
  Epoch 13 [190/220] loss=0.1025 mask=0.0944 iou=0.0081
  Epoch 13 [200/220] loss=0.1016 mask=0.0935 iou=0.0081
  Epoch 13 [210/220] loss=0.1019 mask=0.0938 iou=0.0081
  Epoch 13 [220/220] loss=0.1007 mask=0.0927 iou=0.0080
  Train: loss=0.1007 mask=0.0927 iou=0.0080 time=193.2s
  Val epoch 13: loss=0.1473

=== Phase1 Epoch 14/49 ===
  Epoch 14 [10/220] loss=0.1077 mask=0.1005 iou=0.0072
  Epoch 14 [20/220] loss=0.0950 mask=0.0901 iou=0.0049
  Epoch 14 [30/220] loss=0.0882 mask=0.0835 iou=0.0047
  Epoch 14 [40/220] loss=0.0851 mask=0.0805 iou=0.0046
  Epoch 14 [50/220] loss=0.0878 mask=0.0825 iou=0.0052
  Epoch 14 [60/220] loss=0.0918 mask=0.0861 iou=0.0057
  Epoch 14 [70/220] loss=0.0937 mask=0.0876 iou=0.0060
  Epoch 14 [80/220] loss=0.0943 mask=0.0875 iou=0.0068
  Epoch 14 [90/220] loss=0.0943 mask=0.0874 iou=0.0068
  Epoch 14 [100/220] loss=0.0956 mask=0.0885 iou=0.0070
  Epoch 14 [110/220] loss=0.0928 mask=0.0859 iou=0.0068
  Epoch 14 [120/220] loss=0.0950 mask=0.0879 iou=0.0071
  Epoch 14 [130/220] loss=0.0940 mask=0.0872 iou=0.0069
  Epoch 14 [140/220] loss=0.0945 mask=0.0875 iou=0.0070
  Epoch 14 [150/220] loss=0.0989 mask=0.0911 iou=0.0078
  Epoch 14 [160/220] loss=0.0986 mask=0.0908 iou=0.0078
  Epoch 14 [170/220] loss=0.0981 mask=0.0905 iou=0.0076
  Epoch 14 [180/220] loss=0.0993 mask=0.0916 iou=0.0077
  Epoch 14 [190/220] loss=0.0988 mask=0.0913 iou=0.0075
  Epoch 14 [200/220] loss=0.0986 mask=0.0911 iou=0.0075
  Epoch 14 [210/220] loss=0.0969 mask=0.0896 iou=0.0073
  Epoch 14 [220/220] loss=0.0958 mask=0.0887 iou=0.0071
  Train: loss=0.0958 mask=0.0887 iou=0.0071 time=191.6s
  Val epoch 14: loss=0.1384
  Saved best phase1 model (val_loss=0.1384)

=== Phase1 Epoch 15/49 ===
  Epoch 15 [10/220] loss=0.1051 mask=0.0940 iou=0.0111
  Epoch 15 [20/220] loss=0.1003 mask=0.0918 iou=0.0085
  Epoch 15 [30/220] loss=0.0966 mask=0.0894 iou=0.0072
  Epoch 15 [40/220] loss=0.0963 mask=0.0901 iou=0.0062
  Epoch 15 [50/220] loss=0.0952 mask=0.0891 iou=0.0061
  Epoch 15 [60/220] loss=0.0943 mask=0.0884 iou=0.0059
  Epoch 15 [70/220] loss=0.0970 mask=0.0906 iou=0.0064
  Epoch 15 [80/220] loss=0.0964 mask=0.0900 iou=0.0063
  Epoch 15 [90/220] loss=0.0951 mask=0.0890 iou=0.0061
  Epoch 15 [100/220] loss=0.0961 mask=0.0897 iou=0.0064
  Epoch 15 [110/220] loss=0.0959 mask=0.0894 iou=0.0065
  Epoch 15 [120/220] loss=0.0947 mask=0.0884 iou=0.0063
  Epoch 15 [130/220] loss=0.0932 mask=0.0868 iou=0.0063
  Epoch 15 [140/220] loss=0.0924 mask=0.0861 iou=0.0063
  Epoch 15 [150/220] loss=0.0925 mask=0.0861 iou=0.0064
  Epoch 15 [160/220] loss=0.0937 mask=0.0872 iou=0.0065
  Epoch 15 [170/220] loss=0.0950 mask=0.0885 iou=0.0066
  Epoch 15 [180/220] loss=0.0947 mask=0.0880 iou=0.0067
  Epoch 15 [190/220] loss=0.0949 mask=0.0882 iou=0.0068
  Epoch 15 [200/220] loss=0.0952 mask=0.0884 iou=0.0068
  Epoch 15 [210/220] loss=0.0954 mask=0.0885 iou=0.0069
  Epoch 15 [220/220] loss=0.0943 mask=0.0875 iou=0.0068
  Train: loss=0.0943 mask=0.0875 iou=0.0068 time=192.1s
  Val epoch 15: loss=0.1415

=== Phase1 Epoch 16/49 ===
  Epoch 16 [10/220] loss=0.1066 mask=0.1018 iou=0.0048
  Epoch 16 [20/220] loss=0.0881 mask=0.0844 iou=0.0037
  Epoch 16 [30/220] loss=0.0946 mask=0.0898 iou=0.0048
  Epoch 16 [40/220] loss=0.0972 mask=0.0918 iou=0.0053
  Epoch 16 [50/220] loss=0.0986 mask=0.0933 iou=0.0053
  Epoch 16 [60/220] loss=0.0950 mask=0.0898 iou=0.0052
  Epoch 16 [70/220] loss=0.0938 mask=0.0886 iou=0.0052
  Epoch 16 [80/220] loss=0.0954 mask=0.0900 iou=0.0054
  Epoch 16 [90/220] loss=0.0956 mask=0.0904 iou=0.0052
  Epoch 16 [100/220] loss=0.0961 mask=0.0905 iou=0.0056
  Epoch 16 [110/220] loss=0.0968 mask=0.0912 iou=0.0056
  Epoch 16 [120/220] loss=0.0966 mask=0.0906 iou=0.0060
  Epoch 16 [130/220] loss=0.0950 mask=0.0892 iou=0.0058
  Epoch 16 [140/220] loss=0.0951 mask=0.0889 iou=0.0062
  Epoch 16 [150/220] loss=0.0939 mask=0.0879 iou=0.0060
  Epoch 16 [160/220] loss=0.0917 mask=0.0858 iou=0.0059
  Epoch 16 [170/220] loss=0.0916 mask=0.0856 iou=0.0060
  Epoch 16 [180/220] loss=0.0922 mask=0.0861 iou=0.0061
  Epoch 16 [190/220] loss=0.0926 mask=0.0864 iou=0.0062
  Epoch 16 [200/220] loss=0.0929 mask=0.0867 iou=0.0062
  Epoch 16 [210/220] loss=0.0933 mask=0.0869 iou=0.0064
  Epoch 16 [220/220] loss=0.0932 mask=0.0867 iou=0.0065
  Train: loss=0.0932 mask=0.0867 iou=0.0065 time=209.0s
  Val epoch 16: loss=0.1333
  Saved best phase1 model (val_loss=0.1333)

=== Phase1 Epoch 17/49 ===
  Epoch 17 [10/220] loss=0.0821 mask=0.0777 iou=0.0043
  Epoch 17 [20/220] loss=0.0970 mask=0.0917 iou=0.0053
  Epoch 17 [30/220] loss=0.0864 mask=0.0813 iou=0.0051
  Epoch 17 [40/220] loss=0.0895 mask=0.0844 iou=0.0051
  Epoch 17 [50/220] loss=0.0882 mask=0.0832 iou=0.0050
  Epoch 17 [60/220] loss=0.0891 mask=0.0837 iou=0.0054
  Epoch 17 [70/220] loss=0.0911 mask=0.0856 iou=0.0055
  Epoch 17 [80/220] loss=0.0924 mask=0.0867 iou=0.0058
  Epoch 17 [90/220] loss=0.0912 mask=0.0855 iou=0.0057
  Epoch 17 [100/220] loss=0.0932 mask=0.0867 iou=0.0065
  Epoch 17 [110/220] loss=0.0936 mask=0.0867 iou=0.0070
  Epoch 17 [120/220] loss=0.0938 mask=0.0869 iou=0.0069
  Epoch 17 [130/220] loss=0.0936 mask=0.0866 iou=0.0070
  Epoch 17 [140/220] loss=0.0943 mask=0.0871 iou=0.0072
  Epoch 17 [150/220] loss=0.0943 mask=0.0871 iou=0.0072
  Epoch 17 [160/220] loss=0.0939 mask=0.0870 iou=0.0069
  Epoch 17 [170/220] loss=0.0929 mask=0.0861 iou=0.0068
  Epoch 17 [180/220] loss=0.0922 mask=0.0856 iou=0.0066
  Epoch 17 [190/220] loss=0.0919 mask=0.0854 iou=0.0065
  Epoch 17 [200/220] loss=0.0916 mask=0.0852 iou=0.0064
  Epoch 17 [210/220] loss=0.0911 mask=0.0848 iou=0.0063
  Epoch 17 [220/220] loss=0.0903 mask=0.0841 iou=0.0062
  Train: loss=0.0903 mask=0.0841 iou=0.0062 time=209.4s
  Val epoch 17: loss=0.1315
  Saved best phase1 model (val_loss=0.1315)

=== Phase1 Epoch 18/49 ===
  Epoch 18 [10/220] loss=0.0941 mask=0.0879 iou=0.0062
  Epoch 18 [20/220] loss=0.0835 mask=0.0782 iou=0.0053
  Epoch 18 [30/220] loss=0.0789 mask=0.0738 iou=0.0051
  Epoch 18 [40/220] loss=0.0818 mask=0.0764 iou=0.0055
  Epoch 18 [50/220] loss=0.0844 mask=0.0789 iou=0.0055
  Epoch 18 [60/220] loss=0.0831 mask=0.0780 iou=0.0051
  Epoch 18 [70/220] loss=0.0865 mask=0.0811 iou=0.0054
  Epoch 18 [80/220] loss=0.0867 mask=0.0814 iou=0.0053
  Epoch 18 [90/220] loss=0.0863 mask=0.0811 iou=0.0052
  Epoch 18 [100/220] loss=0.0855 mask=0.0803 iou=0.0053
  Epoch 18 [110/220] loss=0.0879 mask=0.0823 iou=0.0056
  Epoch 18 [120/220] loss=0.0887 mask=0.0831 iou=0.0056
  Epoch 18 [130/220] loss=0.0865 mask=0.0811 iou=0.0054
  Epoch 18 [140/220] loss=0.0861 mask=0.0807 iou=0.0054
  Epoch 18 [150/220] loss=0.0867 mask=0.0814 iou=0.0053
  Epoch 18 [160/220] loss=0.0863 mask=0.0810 iou=0.0053
  Epoch 18 [170/220] loss=0.0864 mask=0.0811 iou=0.0053
  Epoch 18 [180/220] loss=0.0866 mask=0.0813 iou=0.0054
  Epoch 18 [190/220] loss=0.0878 mask=0.0824 iou=0.0055
  Epoch 18 [200/220] loss=0.0898 mask=0.0841 iou=0.0057
  Epoch 18 [210/220] loss=0.0892 mask=0.0835 iou=0.0057
  Epoch 18 [220/220] loss=0.0895 mask=0.0838 iou=0.0057
  Train: loss=0.0895 mask=0.0838 iou=0.0057 time=207.0s
  Val epoch 18: loss=0.1370

=== Phase1 Epoch 19/49 ===
  Epoch 19 [10/220] loss=0.0712 mask=0.0657 iou=0.0055
  Epoch 19 [20/220] loss=0.0788 mask=0.0736 iou=0.0053
  Epoch 19 [30/220] loss=0.0842 mask=0.0784 iou=0.0057
  Epoch 19 [40/220] loss=0.0851 mask=0.0799 iou=0.0052
  Epoch 19 [50/220] loss=0.0801 mask=0.0752 iou=0.0048
  Epoch 19 [60/220] loss=0.0811 mask=0.0760 iou=0.0051
  Epoch 19 [70/220] loss=0.0851 mask=0.0789 iou=0.0062
  Epoch 19 [80/220] loss=0.0851 mask=0.0790 iou=0.0061
  Epoch 19 [90/220] loss=0.0853 mask=0.0794 iou=0.0059
  Epoch 19 [100/220] loss=0.0858 mask=0.0797 iou=0.0060
  Epoch 19 [110/220] loss=0.0853 mask=0.0795 iou=0.0058
  Epoch 19 [120/220] loss=0.0859 mask=0.0801 iou=0.0058
  Epoch 19 [130/220] loss=0.0868 mask=0.0811 iou=0.0057
  Epoch 19 [140/220] loss=0.0852 mask=0.0796 iou=0.0056
  Epoch 19 [150/220] loss=0.0856 mask=0.0799 iou=0.0057
  Epoch 19 [160/220] loss=0.0860 mask=0.0802 iou=0.0057
  Epoch 19 [170/220] loss=0.0854 mask=0.0797 iou=0.0057
  Epoch 19 [180/220] loss=0.0857 mask=0.0801 iou=0.0056
  Epoch 19 [190/220] loss=0.0858 mask=0.0801 iou=0.0057
  Epoch 19 [200/220] loss=0.0874 mask=0.0816 iou=0.0059
  Epoch 19 [210/220] loss=0.0881 mask=0.0822 iou=0.0060
  Epoch 19 [220/220] loss=0.0880 mask=0.0821 iou=0.0059
  Train: loss=0.0880 mask=0.0821 iou=0.0059 time=204.1s
  Val epoch 19: loss=0.1396

=== Phase1 Epoch 20/49 ===
  Epoch 20 [10/220] loss=0.0695 mask=0.0672 iou=0.0023
  Epoch 20 [20/220] loss=0.0786 mask=0.0739 iou=0.0047
  Epoch 20 [30/220] loss=0.0783 mask=0.0735 iou=0.0047
  Epoch 20 [40/220] loss=0.0800 mask=0.0753 iou=0.0047
  Epoch 20 [50/220] loss=0.0830 mask=0.0779 iou=0.0051
  Epoch 20 [60/220] loss=0.0829 mask=0.0780 iou=0.0049
  Epoch 20 [70/220] loss=0.0849 mask=0.0800 iou=0.0049
  Epoch 20 [80/220] loss=0.0856 mask=0.0807 iou=0.0050
  Epoch 20 [90/220] loss=0.0838 mask=0.0788 iou=0.0049
  Epoch 20 [100/220] loss=0.0843 mask=0.0795 iou=0.0048
  Epoch 20 [110/220] loss=0.0860 mask=0.0810 iou=0.0050
  Epoch 20 [120/220] loss=0.0859 mask=0.0809 iou=0.0051
  Epoch 20 [130/220] loss=0.0858 mask=0.0805 iou=0.0053
  Epoch 20 [140/220] loss=0.0858 mask=0.0805 iou=0.0053
  Epoch 20 [150/220] loss=0.0850 mask=0.0798 iou=0.0052
  Epoch 20 [160/220] loss=0.0846 mask=0.0795 iou=0.0051
  Epoch 20 [170/220] loss=0.0846 mask=0.0795 iou=0.0051
  Epoch 20 [180/220] loss=0.0834 mask=0.0784 iou=0.0051
  Epoch 20 [190/220] loss=0.0823 mask=0.0773 iou=0.0050
  Epoch 20 [200/220] loss=0.0832 mask=0.0782 iou=0.0049
  Epoch 20 [210/220] loss=0.0826 mask=0.0778 iou=0.0048
  Epoch 20 [220/220] loss=0.0826 mask=0.0777 iou=0.0049
  Train: loss=0.0826 mask=0.0777 iou=0.0049 time=209.2s
  Val epoch 20: loss=0.1319

=== Phase1 Epoch 21/49 ===
  Epoch 21 [10/220] loss=0.0952 mask=0.0909 iou=0.0042
  Epoch 21 [20/220] loss=0.1000 mask=0.0938 iou=0.0062
  Epoch 21 [30/220] loss=0.0939 mask=0.0881 iou=0.0058
  Epoch 21 [40/220] loss=0.0920 mask=0.0863 iou=0.0057
  Epoch 21 [50/220] loss=0.0907 mask=0.0851 iou=0.0056
  Epoch 21 [60/220] loss=0.0882 mask=0.0830 iou=0.0052
  Epoch 21 [70/220] loss=0.0831 mask=0.0784 iou=0.0048
  Epoch 21 [80/220] loss=0.0813 mask=0.0768 iou=0.0045
  Epoch 21 [90/220] loss=0.0816 mask=0.0771 iou=0.0046
  Epoch 21 [100/220] loss=0.0805 mask=0.0760 iou=0.0045
  Epoch 21 [110/220] loss=0.0801 mask=0.0757 iou=0.0044
  Epoch 21 [120/220] loss=0.0796 mask=0.0753 iou=0.0043
  Epoch 21 [130/220] loss=0.0791 mask=0.0749 iou=0.0042
  Epoch 21 [140/220] loss=0.0794 mask=0.0751 iou=0.0043
  Epoch 21 [150/220] loss=0.0789 mask=0.0746 iou=0.0043
  Epoch 21 [160/220] loss=0.0794 mask=0.0751 iou=0.0044
  Epoch 21 [170/220] loss=0.0785 mask=0.0742 iou=0.0043
  Epoch 21 [180/220] loss=0.0784 mask=0.0740 iou=0.0044
  Epoch 21 [190/220] loss=0.0790 mask=0.0746 iou=0.0044
  Epoch 21 [200/220] loss=0.0795 mask=0.0750 iou=0.0045
  Epoch 21 [210/220] loss=0.0802 mask=0.0758 iou=0.0044
  Epoch 21 [220/220] loss=0.0811 mask=0.0764 iou=0.0047
  Train: loss=0.0811 mask=0.0764 iou=0.0047 time=202.9s
  Val epoch 21: loss=0.1258
  Saved best phase1 model (val_loss=0.1258)

=== Phase1 Epoch 22/49 ===
  Epoch 22 [10/220] loss=0.0734 mask=0.0694 iou=0.0040
  Epoch 22 [20/220] loss=0.0720 mask=0.0685 iou=0.0035
  Epoch 22 [30/220] loss=0.0741 mask=0.0707 iou=0.0033
  Epoch 22 [40/220] loss=0.0775 mask=0.0743 iou=0.0032
  Epoch 22 [50/220] loss=0.0782 mask=0.0746 iou=0.0036
  Epoch 22 [60/220] loss=0.0754 mask=0.0720 iou=0.0034
  Epoch 22 [70/220] loss=0.0742 mask=0.0709 iou=0.0033
  Epoch 22 [80/220] loss=0.0768 mask=0.0736 iou=0.0032
  Epoch 22 [90/220] loss=0.0795 mask=0.0758 iou=0.0038
  Epoch 22 [100/220] loss=0.0795 mask=0.0755 iou=0.0040
  Epoch 22 [110/220] loss=0.0794 mask=0.0755 iou=0.0039
  Epoch 22 [120/220] loss=0.0789 mask=0.0749 iou=0.0039
  Epoch 22 [130/220] loss=0.0799 mask=0.0757 iou=0.0041
  Epoch 22 [140/220] loss=0.0794 mask=0.0752 iou=0.0042
  Epoch 22 [150/220] loss=0.0784 mask=0.0743 iou=0.0040
  Epoch 22 [160/220] loss=0.0779 mask=0.0739 iou=0.0040
  Epoch 22 [170/220] loss=0.0792 mask=0.0749 iou=0.0043
  Epoch 22 [180/220] loss=0.0789 mask=0.0746 iou=0.0043
  Epoch 22 [190/220] loss=0.0792 mask=0.0748 iou=0.0044
  Epoch 22 [200/220] loss=0.0793 mask=0.0749 iou=0.0044
  Epoch 22 [210/220] loss=0.0806 mask=0.0761 iou=0.0045
  Epoch 22 [220/220] loss=0.0813 mask=0.0767 iou=0.0046
  Train: loss=0.0813 mask=0.0767 iou=0.0046 time=196.7s
  Val epoch 22: loss=0.1314

=== Phase1 Epoch 23/49 ===
  Epoch 23 [10/220] loss=0.0754 mask=0.0724 iou=0.0030
  Epoch 23 [20/220] loss=0.0797 mask=0.0753 iou=0.0044
  Epoch 23 [30/220] loss=0.0835 mask=0.0792 iou=0.0043
  Epoch 23 [40/220] loss=0.0802 mask=0.0756 iou=0.0046
  Epoch 23 [50/220] loss=0.0779 mask=0.0737 iou=0.0042
  Epoch 23 [60/220] loss=0.0765 mask=0.0723 iou=0.0042
  Epoch 23 [70/220] loss=0.0742 mask=0.0702 iou=0.0039
  Epoch 23 [80/220] loss=0.0762 mask=0.0719 iou=0.0043
  Epoch 23 [90/220] loss=0.0750 mask=0.0708 iou=0.0043
  Epoch 23 [100/220] loss=0.0758 mask=0.0716 iou=0.0042
  Epoch 23 [110/220] loss=0.0779 mask=0.0737 iou=0.0042
  Epoch 23 [120/220] loss=0.0767 mask=0.0725 iou=0.0042
  Epoch 23 [130/220] loss=0.0786 mask=0.0740 iou=0.0046
  Epoch 23 [140/220] loss=0.0789 mask=0.0742 iou=0.0046
  Epoch 23 [150/220] loss=0.0815 mask=0.0767 iou=0.0048
  Epoch 23 [160/220] loss=0.0806 mask=0.0758 iou=0.0048
  Epoch 23 [170/220] loss=0.0810 mask=0.0763 iou=0.0048
  Epoch 23 [180/220] loss=0.0803 mask=0.0756 iou=0.0047
  Epoch 23 [190/220] loss=0.0810 mask=0.0764 iou=0.0047
  Epoch 23 [200/220] loss=0.0812 mask=0.0766 iou=0.0047
  Epoch 23 [210/220] loss=0.0809 mask=0.0761 iou=0.0048
  Epoch 23 [220/220] loss=0.0810 mask=0.0762 iou=0.0048
  Train: loss=0.0810 mask=0.0762 iou=0.0048 time=201.6s
  Val epoch 23: loss=0.1322

=== Phase1 Epoch 24/49 ===
  Epoch 24 [10/220] loss=0.0908 mask=0.0845 iou=0.0063
  Epoch 24 [20/220] loss=0.0791 mask=0.0746 iou=0.0046
  Epoch 24 [30/220] loss=0.0750 mask=0.0710 iou=0.0040
  Epoch 24 [40/220] loss=0.0769 mask=0.0730 iou=0.0040
  Epoch 24 [50/220] loss=0.0795 mask=0.0753 iou=0.0042
  Epoch 24 [60/220] loss=0.0798 mask=0.0755 iou=0.0043
  Epoch 24 [70/220] loss=0.0813 mask=0.0768 iou=0.0045
  Epoch 24 [80/220] loss=0.0811 mask=0.0767 iou=0.0044
  Epoch 24 [90/220] loss=0.0799 mask=0.0756 iou=0.0042
  Epoch 24 [100/220] loss=0.0796 mask=0.0754 iou=0.0042
  Epoch 24 [110/220] loss=0.0796 mask=0.0749 iou=0.0047
  Epoch 24 [120/220] loss=0.0786 mask=0.0739 iou=0.0047
  Epoch 24 [130/220] loss=0.0801 mask=0.0754 iou=0.0047
  Epoch 24 [140/220] loss=0.0824 mask=0.0773 iou=0.0051
  Epoch 24 [150/220] loss=0.0828 mask=0.0777 iou=0.0052
  Epoch 24 [160/220] loss=0.0818 mask=0.0768 iou=0.0050
  Epoch 24 [170/220] loss=0.0822 mask=0.0772 iou=0.0050
  Epoch 24 [180/220] loss=0.0820 mask=0.0771 iou=0.0049
  Epoch 24 [190/220] loss=0.0817 mask=0.0769 iou=0.0048
  Epoch 24 [200/220] loss=0.0814 mask=0.0766 iou=0.0048
  Epoch 24 [210/220] loss=0.0809 mask=0.0762 iou=0.0047
  Epoch 24 [220/220] loss=0.0808 mask=0.0761 iou=0.0047
  Train: loss=0.0808 mask=0.0761 iou=0.0047 time=255.2s
  Val epoch 24: loss=0.1233
  Saved best phase1 model (val_loss=0.1233)

=== Phase1 Epoch 25/49 ===
  Epoch 25 [10/220] loss=0.0934 mask=0.0869 iou=0.0065
  Epoch 25 [20/220] loss=0.0796 mask=0.0749 iou=0.0047
  Epoch 25 [30/220] loss=0.0816 mask=0.0764 iou=0.0052
  Epoch 25 [40/220] loss=0.0801 mask=0.0750 iou=0.0051
  Epoch 25 [50/220] loss=0.0806 mask=0.0760 iou=0.0047
  Epoch 25 [60/220] loss=0.0787 mask=0.0741 iou=0.0046
  Epoch 25 [70/220] loss=0.0777 mask=0.0732 iou=0.0045
  Epoch 25 [80/220] loss=0.0777 mask=0.0733 iou=0.0044
  Epoch 25 [90/220] loss=0.0795 mask=0.0753 iou=0.0042
  Epoch 25 [100/220] loss=0.0805 mask=0.0765 iou=0.0040
  Epoch 25 [110/220] loss=0.0808 mask=0.0767 iou=0.0041
  Epoch 25 [120/220] loss=0.0802 mask=0.0762 iou=0.0040
  Epoch 25 [130/220] loss=0.0797 mask=0.0756 iou=0.0041
  Epoch 25 [140/220] loss=0.0792 mask=0.0752 iou=0.0040
  Epoch 25 [150/220] loss=0.0813 mask=0.0768 iou=0.0045
  Epoch 25 [160/220] loss=0.0795 mask=0.0751 iou=0.0043
  Epoch 25 [170/220] loss=0.0787 mask=0.0744 iou=0.0043
  Epoch 25 [180/220] loss=0.0801 mask=0.0758 iou=0.0043
  Epoch 25 [190/220] loss=0.0795 mask=0.0752 iou=0.0043
  Epoch 25 [200/220] loss=0.0797 mask=0.0754 iou=0.0043
  Epoch 25 [210/220] loss=0.0809 mask=0.0766 iou=0.0043
  Epoch 25 [220/220] loss=0.0806 mask=0.0763 iou=0.0043
  Train: loss=0.0806 mask=0.0763 iou=0.0043 time=278.8s
  Val epoch 25: loss=0.1259

=== Phase1 Epoch 26/49 ===
  Epoch 26 [10/220] loss=0.0903 mask=0.0860 iou=0.0043
  Epoch 26 [20/220] loss=0.0901 mask=0.0861 iou=0.0041
  Epoch 26 [30/220] loss=0.0822 mask=0.0783 iou=0.0039
  Epoch 26 [40/220] loss=0.0775 mask=0.0741 iou=0.0034
  Epoch 26 [50/220] loss=0.0776 mask=0.0738 iou=0.0038
  Epoch 26 [60/220] loss=0.0828 mask=0.0785 iou=0.0043
  Epoch 26 [70/220] loss=0.0826 mask=0.0785 iou=0.0041
  Epoch 26 [80/220] loss=0.0799 mask=0.0760 iou=0.0039
  Epoch 26 [90/220] loss=0.0803 mask=0.0762 iou=0.0041
  Epoch 26 [100/220] loss=0.0806 mask=0.0762 iou=0.0044
  Epoch 26 [110/220] loss=0.0797 mask=0.0754 iou=0.0043
  Epoch 26 [120/220] loss=0.0792 mask=0.0749 iou=0.0043
  Epoch 26 [130/220] loss=0.0800 mask=0.0757 iou=0.0044
  Epoch 26 [140/220] loss=0.0817 mask=0.0772 iou=0.0044
  Epoch 26 [150/220] loss=0.0808 mask=0.0764 iou=0.0044
  Epoch 26 [160/220] loss=0.0812 mask=0.0767 iou=0.0045
  Epoch 26 [170/220] loss=0.0809 mask=0.0764 iou=0.0045
  Epoch 26 [180/220] loss=0.0801 mask=0.0757 iou=0.0045
  Epoch 26 [190/220] loss=0.0804 mask=0.0759 iou=0.0045
  Epoch 26 [200/220] loss=0.0795 mask=0.0751 iou=0.0045
  Epoch 26 [210/220] loss=0.0795 mask=0.0750 iou=0.0044
  Epoch 26 [220/220] loss=0.0798 mask=0.0753 iou=0.0044
  Train: loss=0.0798 mask=0.0753 iou=0.0044 time=209.6s
  Val epoch 26: loss=0.1247

=== Phase1 Epoch 27/49 ===
  Epoch 27 [10/220] loss=0.0946 mask=0.0902 iou=0.0044
  Epoch 27 [20/220] loss=0.1020 mask=0.0970 iou=0.0049
  Epoch 27 [30/220] loss=0.0899 mask=0.0853 iou=0.0046
  Epoch 27 [40/220] loss=0.0899 mask=0.0851 iou=0.0048
  Epoch 27 [50/220] loss=0.0910 mask=0.0860 iou=0.0050
  Epoch 27 [60/220] loss=0.0895 mask=0.0845 iou=0.0050
  Epoch 27 [70/220] loss=0.0870 mask=0.0821 iou=0.0049
  Epoch 27 [80/220] loss=0.0858 mask=0.0810 iou=0.0048
  Epoch 27 [90/220] loss=0.0828 mask=0.0783 iou=0.0045
  Epoch 27 [100/220] loss=0.0817 mask=0.0772 iou=0.0044
  Epoch 27 [110/220] loss=0.0808 mask=0.0763 iou=0.0045
  Epoch 27 [120/220] loss=0.0798 mask=0.0753 iou=0.0044
  Epoch 27 [130/220] loss=0.0799 mask=0.0755 iou=0.0044
  Epoch 27 [140/220] loss=0.0790 mask=0.0746 iou=0.0044
  Epoch 27 [150/220] loss=0.0782 mask=0.0739 iou=0.0043
  Epoch 27 [160/220] loss=0.0786 mask=0.0743 iou=0.0043
  Epoch 27 [170/220] loss=0.0803 mask=0.0758 iou=0.0045
  Epoch 27 [180/220] loss=0.0797 mask=0.0752 iou=0.0045
  Epoch 27 [190/220] loss=0.0793 mask=0.0748 iou=0.0045
  Epoch 27 [200/220] loss=0.0787 mask=0.0743 iou=0.0045
  Epoch 27 [210/220] loss=0.0781 mask=0.0737 iou=0.0044
  Epoch 27 [220/220] loss=0.0782 mask=0.0739 iou=0.0043
  Train: loss=0.0782 mask=0.0739 iou=0.0043 time=205.4s
  Val epoch 27: loss=0.1239

=== Phase1 Epoch 28/49 ===
  Epoch 28 [10/220] loss=0.0781 mask=0.0743 iou=0.0038
  Epoch 28 [20/220] loss=0.0783 mask=0.0733 iou=0.0050
  Epoch 28 [30/220] loss=0.0858 mask=0.0802 iou=0.0056
  Epoch 28 [40/220] loss=0.0825 mask=0.0774 iou=0.0051
  Epoch 28 [50/220] loss=0.0830 mask=0.0781 iou=0.0049
  Epoch 28 [60/220] loss=0.0822 mask=0.0772 iou=0.0050
  Epoch 28 [70/220] loss=0.0789 mask=0.0744 iou=0.0045
  Epoch 28 [80/220] loss=0.0816 mask=0.0768 iou=0.0048
  Epoch 28 [90/220] loss=0.0802 mask=0.0757 iou=0.0045
  Epoch 28 [100/220] loss=0.0810 mask=0.0765 iou=0.0045
  Epoch 28 [110/220] loss=0.0796 mask=0.0752 iou=0.0044
  Epoch 28 [120/220] loss=0.0786 mask=0.0742 iou=0.0044
  Epoch 28 [130/220] loss=0.0786 mask=0.0743 iou=0.0043
  Epoch 28 [140/220] loss=0.0790 mask=0.0747 iou=0.0042
  Epoch 28 [150/220] loss=0.0798 mask=0.0757 iou=0.0042
  Epoch 28 [160/220] loss=0.0784 mask=0.0743 iou=0.0041
  Epoch 28 [170/220] loss=0.0782 mask=0.0742 iou=0.0040
  Epoch 28 [180/220] loss=0.0770 mask=0.0731 iou=0.0039
  Epoch 28 [190/220] loss=0.0768 mask=0.0729 iou=0.0039
  Epoch 28 [200/220] loss=0.0766 mask=0.0728 iou=0.0038
  Epoch 28 [210/220] loss=0.0763 mask=0.0725 iou=0.0038
  Epoch 28 [220/220] loss=0.0765 mask=0.0726 iou=0.0038
  Train: loss=0.0765 mask=0.0726 iou=0.0038 time=199.3s
  Val epoch 28: loss=0.1228
  Saved best phase1 model (val_loss=0.1228)

=== Phase1 Epoch 29/49 ===
  Epoch 29 [10/220] loss=0.0679 mask=0.0650 iou=0.0030
  Epoch 29 [20/220] loss=0.0698 mask=0.0661 iou=0.0037
  Epoch 29 [30/220] loss=0.0703 mask=0.0663 iou=0.0040
  Epoch 29 [40/220] loss=0.0741 mask=0.0702 iou=0.0040
  Epoch 29 [50/220] loss=0.0756 mask=0.0715 iou=0.0041
  Epoch 29 [60/220] loss=0.0778 mask=0.0737 iou=0.0041
  Epoch 29 [70/220] loss=0.0779 mask=0.0740 iou=0.0039
  Epoch 29 [80/220] loss=0.0761 mask=0.0724 iou=0.0037
  Epoch 29 [90/220] loss=0.0749 mask=0.0713 iou=0.0036
  Epoch 29 [100/220] loss=0.0731 mask=0.0696 iou=0.0035
  Epoch 29 [110/220] loss=0.0738 mask=0.0702 iou=0.0036
  Epoch 29 [120/220] loss=0.0760 mask=0.0722 iou=0.0038
  Epoch 29 [130/220] loss=0.0761 mask=0.0724 iou=0.0037
  Epoch 29 [140/220] loss=0.0760 mask=0.0722 iou=0.0038
  Epoch 29 [150/220] loss=0.0748 mask=0.0711 iou=0.0037
  Epoch 29 [160/220] loss=0.0754 mask=0.0716 iou=0.0038
  Epoch 29 [170/220] loss=0.0766 mask=0.0727 iou=0.0039
  Epoch 29 [180/220] loss=0.0763 mask=0.0724 iou=0.0039
  Epoch 29 [190/220] loss=0.0753 mask=0.0714 iou=0.0039
  Epoch 29 [200/220] loss=0.0767 mask=0.0726 iou=0.0041
  Epoch 29 [210/220] loss=0.0767 mask=0.0727 iou=0.0040
  Epoch 29 [220/220] loss=0.0768 mask=0.0728 iou=0.0040
  Train: loss=0.0768 mask=0.0728 iou=0.0040 time=203.5s
  Val epoch 29: loss=0.1220
  Saved best phase1 model (val_loss=0.1220)

=== Phase1 Epoch 30/49 ===
  Epoch 30 [10/220] loss=0.0687 mask=0.0658 iou=0.0029
  Epoch 30 [20/220] loss=0.0705 mask=0.0669 iou=0.0036
  Epoch 30 [30/220] loss=0.0698 mask=0.0660 iou=0.0038
  Epoch 30 [40/220] loss=0.0735 mask=0.0701 iou=0.0034
  Epoch 30 [50/220] loss=0.0720 mask=0.0688 iou=0.0032
  Epoch 30 [60/220] loss=0.0735 mask=0.0702 iou=0.0033
  Epoch 30 [70/220] loss=0.0727 mask=0.0696 iou=0.0031
  Epoch 30 [80/220] loss=0.0733 mask=0.0702 iou=0.0031
  Epoch 30 [90/220] loss=0.0737 mask=0.0705 iou=0.0032
  Epoch 30 [100/220] loss=0.0750 mask=0.0717 iou=0.0033
  Epoch 30 [110/220] loss=0.0738 mask=0.0704 iou=0.0034
  Epoch 30 [120/220] loss=0.0738 mask=0.0704 iou=0.0034
  Epoch 30 [130/220] loss=0.0745 mask=0.0709 iou=0.0036
  Epoch 30 [140/220] loss=0.0756 mask=0.0717 iou=0.0038
  Epoch 30 [150/220] loss=0.0753 mask=0.0715 iou=0.0038
  Epoch 30 [160/220] loss=0.0742 mask=0.0705 iou=0.0037
  Epoch 30 [170/220] loss=0.0742 mask=0.0706 iou=0.0036
  Epoch 30 [180/220] loss=0.0743 mask=0.0707 iou=0.0036
  Epoch 30 [190/220] loss=0.0736 mask=0.0700 iou=0.0035
  Epoch 30 [200/220] loss=0.0738 mask=0.0703 iou=0.0035
  Epoch 30 [210/220] loss=0.0742 mask=0.0707 iou=0.0035
  Epoch 30 [220/220] loss=0.0752 mask=0.0714 iou=0.0037
  Train: loss=0.0752 mask=0.0714 iou=0.0037 time=200.4s
  Val epoch 30: loss=0.1219
  Saved best phase1 model (val_loss=0.1219)

=== Phase1 Epoch 31/49 ===
  Epoch 31 [10/220] loss=0.0711 mask=0.0682 iou=0.0029
  Epoch 31 [20/220] loss=0.0760 mask=0.0727 iou=0.0033
  Epoch 31 [30/220] loss=0.0711 mask=0.0680 iou=0.0031
  Epoch 31 [40/220] loss=0.0707 mask=0.0675 iou=0.0032
  Epoch 31 [50/220] loss=0.0713 mask=0.0684 iou=0.0029
  Epoch 31 [60/220] loss=0.0742 mask=0.0712 iou=0.0030
  Epoch 31 [70/220] loss=0.0733 mask=0.0703 iou=0.0030
  Epoch 31 [80/220] loss=0.0721 mask=0.0692 iou=0.0030
  Epoch 31 [90/220] loss=0.0719 mask=0.0689 iou=0.0030
  Epoch 31 [100/220] loss=0.0719 mask=0.0689 iou=0.0029
  Epoch 31 [110/220] loss=0.0736 mask=0.0705 iou=0.0031
  Epoch 31 [120/220] loss=0.0736 mask=0.0704 iou=0.0032
  Epoch 31 [130/220] loss=0.0737 mask=0.0705 iou=0.0032
  Epoch 31 [140/220] loss=0.0736 mask=0.0705 iou=0.0031
  Epoch 31 [150/220] loss=0.0748 mask=0.0715 iou=0.0034
  Epoch 31 [160/220] loss=0.0749 mask=0.0715 iou=0.0034
  Epoch 31 [170/220] loss=0.0745 mask=0.0711 iou=0.0034
  Epoch 31 [180/220] loss=0.0754 mask=0.0718 iou=0.0036
  Epoch 31 [190/220] loss=0.0754 mask=0.0719 iou=0.0036
  Epoch 31 [200/220] loss=0.0753 mask=0.0716 iou=0.0036
  Epoch 31 [210/220] loss=0.0751 mask=0.0715 iou=0.0036
  Epoch 31 [220/220] loss=0.0746 mask=0.0710 iou=0.0036
  Train: loss=0.0746 mask=0.0710 iou=0.0036 time=207.2s
  Val epoch 31: loss=0.1241

=== Phase1 Epoch 32/49 ===
  Epoch 32 [10/220] loss=0.0719 mask=0.0691 iou=0.0028
  Epoch 32 [20/220] loss=0.0762 mask=0.0715 iou=0.0047
  Epoch 32 [30/220] loss=0.0778 mask=0.0733 iou=0.0045
  Epoch 32 [40/220] loss=0.0735 mask=0.0695 iou=0.0040
  Epoch 32 [50/220] loss=0.0743 mask=0.0704 iou=0.0040
  Epoch 32 [60/220] loss=0.0743 mask=0.0704 iou=0.0038
  Epoch 32 [70/220] loss=0.0750 mask=0.0711 iou=0.0039
  Epoch 32 [80/220] loss=0.0756 mask=0.0717 iou=0.0038
  Epoch 32 [90/220] loss=0.0749 mask=0.0712 iou=0.0037
  Epoch 32 [100/220] loss=0.0769 mask=0.0728 iou=0.0041
  Epoch 32 [110/220] loss=0.0772 mask=0.0730 iou=0.0042
  Epoch 32 [120/220] loss=0.0767 mask=0.0726 iou=0.0041
  Epoch 32 [130/220] loss=0.0775 mask=0.0733 iou=0.0042
  Epoch 32 [140/220] loss=0.0772 mask=0.0732 iou=0.0041
  Epoch 32 [150/220] loss=0.0771 mask=0.0730 iou=0.0040
  Epoch 32 [160/220] loss=0.0774 mask=0.0734 iou=0.0040
  Epoch 32 [170/220] loss=0.0771 mask=0.0732 iou=0.0039
  Epoch 32 [180/220] loss=0.0757 mask=0.0719 iou=0.0038
  Epoch 32 [190/220] loss=0.0758 mask=0.0719 iou=0.0038
  Epoch 32 [200/220] loss=0.0752 mask=0.0715 iou=0.0037
  Epoch 32 [210/220] loss=0.0745 mask=0.0709 iou=0.0036
  Epoch 32 [220/220] loss=0.0746 mask=0.0710 iou=0.0037
  Train: loss=0.0746 mask=0.0710 iou=0.0037 time=199.3s
  Val epoch 32: loss=0.1218
  Saved best phase1 model (val_loss=0.1218)

=== Phase1 Epoch 33/49 ===
  Epoch 33 [10/220] loss=0.0799 mask=0.0739 iou=0.0059
  Epoch 33 [20/220] loss=0.0695 mask=0.0651 iou=0.0044
  Epoch 33 [30/220] loss=0.0695 mask=0.0658 iou=0.0038
  Epoch 33 [40/220] loss=0.0703 mask=0.0667 iou=0.0036
  Epoch 33 [50/220] loss=0.0728 mask=0.0688 iou=0.0040
  Epoch 33 [60/220] loss=0.0714 mask=0.0676 iou=0.0038
  Epoch 33 [70/220] loss=0.0714 mask=0.0678 iou=0.0036
  Epoch 33 [80/220] loss=0.0740 mask=0.0703 iou=0.0037
  Epoch 33 [90/220] loss=0.0742 mask=0.0705 iou=0.0037
  Epoch 33 [100/220] loss=0.0739 mask=0.0701 iou=0.0038
  Epoch 33 [110/220] loss=0.0736 mask=0.0700 iou=0.0036
  Epoch 33 [120/220] loss=0.0733 mask=0.0697 iou=0.0036
  Epoch 33 [130/220] loss=0.0742 mask=0.0706 iou=0.0036
  Epoch 33 [140/220] loss=0.0757 mask=0.0721 iou=0.0037
  Epoch 33 [150/220] loss=0.0751 mask=0.0715 iou=0.0036
  Epoch 33 [160/220] loss=0.0748 mask=0.0712 iou=0.0036
  Epoch 33 [170/220] loss=0.0751 mask=0.0715 iou=0.0036
  Epoch 33 [180/220] loss=0.0740 mask=0.0705 iou=0.0035
  Epoch 33 [190/220] loss=0.0745 mask=0.0710 iou=0.0036
  Epoch 33 [200/220] loss=0.0743 mask=0.0708 iou=0.0035
  Epoch 33 [210/220] loss=0.0739 mask=0.0704 iou=0.0035
  Epoch 33 [220/220] loss=0.0740 mask=0.0705 iou=0.0035
  Train: loss=0.0740 mask=0.0705 iou=0.0035 time=311.2s
  Val epoch 33: loss=0.1197
  Saved best phase1 model (val_loss=0.1197)

=== Phase1 Epoch 34/49 ===
  Epoch 34 [10/220] loss=0.0874 mask=0.0825 iou=0.0049
  Epoch 34 [20/220] loss=0.0867 mask=0.0824 iou=0.0043
  Epoch 34 [30/220] loss=0.0779 mask=0.0741 iou=0.0038
  Epoch 34 [40/220] loss=0.0718 mask=0.0684 iou=0.0035
  Epoch 34 [50/220] loss=0.0716 mask=0.0678 iou=0.0039
  Epoch 34 [60/220] loss=0.0688 mask=0.0648 iou=0.0039
  Epoch 34 [70/220] loss=0.0700 mask=0.0662 iou=0.0038
  Epoch 34 [80/220] loss=0.0705 mask=0.0668 iou=0.0037
  Epoch 34 [90/220] loss=0.0703 mask=0.0668 iou=0.0035
  Epoch 34 [100/220] loss=0.0715 mask=0.0681 iou=0.0034
  Epoch 34 [110/220] loss=0.0737 mask=0.0699 iou=0.0039
  Epoch 34 [120/220] loss=0.0745 mask=0.0708 iou=0.0037
  Epoch 34 [130/220] loss=0.0733 mask=0.0697 iou=0.0036
  Epoch 34 [140/220] loss=0.0716 mask=0.0682 iou=0.0035
  Epoch 34 [150/220] loss=0.0707 mask=0.0673 iou=0.0034
  Epoch 34 [160/220] loss=0.0703 mask=0.0670 iou=0.0033
  Epoch 34 [170/220] loss=0.0707 mask=0.0674 iou=0.0033
  Epoch 34 [180/220] loss=0.0728 mask=0.0693 iou=0.0035
  Epoch 34 [190/220] loss=0.0733 mask=0.0699 iou=0.0035
  Epoch 34 [200/220] loss=0.0738 mask=0.0703 iou=0.0035
  Epoch 34 [210/220] loss=0.0734 mask=0.0699 iou=0.0035
  Epoch 34 [220/220] loss=0.0735 mask=0.0700 iou=0.0035
  Train: loss=0.0735 mask=0.0700 iou=0.0035 time=384.1s
  Val epoch 34: loss=0.1208

=== Phase1 Epoch 35/49 ===
  Epoch 35 [10/220] loss=0.0942 mask=0.0913 iou=0.0030
  Epoch 35 [20/220] loss=0.0805 mask=0.0779 iou=0.0026
  Epoch 35 [30/220] loss=0.0800 mask=0.0768 iou=0.0032
  Epoch 35 [40/220] loss=0.0781 mask=0.0746 iou=0.0035
  Epoch 35 [50/220] loss=0.0760 mask=0.0726 iou=0.0034
  Epoch 35 [60/220] loss=0.0724 mask=0.0691 iou=0.0033
  Epoch 35 [70/220] loss=0.0700 mask=0.0670 iou=0.0030
  Epoch 35 [80/220] loss=0.0722 mask=0.0690 iou=0.0032
  Epoch 35 [90/220] loss=0.0726 mask=0.0691 iou=0.0035
  Epoch 35 [100/220] loss=0.0728 mask=0.0693 iou=0.0035
  Epoch 35 [110/220] loss=0.0736 mask=0.0701 iou=0.0036
  Epoch 35 [120/220] loss=0.0748 mask=0.0711 iou=0.0036
  Epoch 35 [130/220] loss=0.0749 mask=0.0711 iou=0.0038
  Epoch 35 [140/220] loss=0.0744 mask=0.0707 iou=0.0037
  Epoch 35 [150/220] loss=0.0737 mask=0.0701 iou=0.0036
  Epoch 35 [160/220] loss=0.0737 mask=0.0701 iou=0.0036
  Epoch 35 [170/220] loss=0.0749 mask=0.0712 iou=0.0036
  Epoch 35 [180/220] loss=0.0745 mask=0.0709 iou=0.0036
  Epoch 35 [190/220] loss=0.0742 mask=0.0706 iou=0.0036
  Epoch 35 [200/220] loss=0.0746 mask=0.0710 iou=0.0036
  Epoch 35 [210/220] loss=0.0741 mask=0.0705 iou=0.0036
  Epoch 35 [220/220] loss=0.0739 mask=0.0703 iou=0.0036
  Train: loss=0.0739 mask=0.0703 iou=0.0036 time=395.6s
  Val epoch 35: loss=0.1201

=== Phase1 Epoch 36/49 ===
  Epoch 36 [10/220] loss=0.0584 mask=0.0564 iou=0.0020
  Epoch 36 [20/220] loss=0.0713 mask=0.0674 iou=0.0039
  Epoch 36 [30/220] loss=0.0681 mask=0.0647 iou=0.0034
  Epoch 36 [40/220] loss=0.0676 mask=0.0643 iou=0.0033
  Epoch 36 [50/220] loss=0.0680 mask=0.0647 iou=0.0033
  Epoch 36 [60/220] loss=0.0668 mask=0.0635 iou=0.0033
  Epoch 36 [70/220] loss=0.0683 mask=0.0649 iou=0.0034
  Epoch 36 [80/220] loss=0.0697 mask=0.0663 iou=0.0034
  Epoch 36 [90/220] loss=0.0709 mask=0.0674 iou=0.0035
  Epoch 36 [100/220] loss=0.0708 mask=0.0673 iou=0.0035
  Epoch 36 [110/220] loss=0.0718 mask=0.0683 iou=0.0035
  Epoch 36 [120/220] loss=0.0727 mask=0.0691 iou=0.0036
  Epoch 36 [130/220] loss=0.0726 mask=0.0690 iou=0.0036
  Epoch 36 [140/220] loss=0.0734 mask=0.0699 iou=0.0035
  Epoch 36 [150/220] loss=0.0724 mask=0.0690 iou=0.0034
  Epoch 36 [160/220] loss=0.0718 mask=0.0685 iou=0.0033
  Epoch 36 [170/220] loss=0.0718 mask=0.0685 iou=0.0033
  Epoch 36 [180/220] loss=0.0713 mask=0.0681 iou=0.0033
  Epoch 36 [190/220] loss=0.0713 mask=0.0681 iou=0.0032
  Epoch 36 [200/220] loss=0.0725 mask=0.0692 iou=0.0033
  Epoch 36 [210/220] loss=0.0735 mask=0.0701 iou=0.0033
  Epoch 36 [220/220] loss=0.0735 mask=0.0701 iou=0.0034
  Train: loss=0.0735 mask=0.0701 iou=0.0034 time=282.3s
  Val epoch 36: loss=0.1201

=== Phase1 Epoch 37/49 ===
  Epoch 37 [10/220] loss=0.0645 mask=0.0624 iou=0.0021
  Epoch 37 [20/220] loss=0.0586 mask=0.0568 iou=0.0018
  Epoch 37 [30/220] loss=0.0604 mask=0.0581 iou=0.0022
  Epoch 37 [40/220] loss=0.0618 mask=0.0596 iou=0.0022
  Epoch 37 [50/220] loss=0.0655 mask=0.0631 iou=0.0024
  Epoch 37 [60/220] loss=0.0660 mask=0.0634 iou=0.0026
  Epoch 37 [70/220] loss=0.0667 mask=0.0638 iou=0.0028
  Epoch 37 [80/220] loss=0.0645 mask=0.0617 iou=0.0028
  Epoch 37 [90/220] loss=0.0643 mask=0.0616 iou=0.0027
  Epoch 37 [100/220] loss=0.0653 mask=0.0625 iou=0.0028
  Epoch 37 [110/220] loss=0.0660 mask=0.0632 iou=0.0028
  Epoch 37 [120/220] loss=0.0661 mask=0.0633 iou=0.0029
  Epoch 37 [130/220] loss=0.0667 mask=0.0639 iou=0.0028
  Epoch 37 [140/220] loss=0.0675 mask=0.0647 iou=0.0028
  Epoch 37 [150/220] loss=0.0695 mask=0.0665 iou=0.0030
  Epoch 37 [160/220] loss=0.0709 mask=0.0679 iou=0.0030
  Epoch 37 [170/220] loss=0.0710 mask=0.0678 iou=0.0032
  Epoch 37 [180/220] loss=0.0710 mask=0.0677 iou=0.0033
  Epoch 37 [190/220] loss=0.0717 mask=0.0684 iou=0.0034
  Epoch 37 [200/220] loss=0.0734 mask=0.0699 iou=0.0034
  Epoch 37 [210/220] loss=0.0736 mask=0.0701 iou=0.0035
  Epoch 37 [220/220] loss=0.0730 mask=0.0696 iou=0.0034
  Train: loss=0.0730 mask=0.0696 iou=0.0034 time=209.3s
  Val epoch 37: loss=0.1188
  Saved best phase1 model (val_loss=0.1188)

=== Phase1 Epoch 38/49 ===
  Epoch 38 [10/220] loss=0.0896 mask=0.0858 iou=0.0037
  Epoch 38 [20/220] loss=0.0938 mask=0.0903 iou=0.0035
  Epoch 38 [30/220] loss=0.0825 mask=0.0791 iou=0.0034
  Epoch 38 [40/220] loss=0.0770 mask=0.0739 iou=0.0031
  Epoch 38 [50/220] loss=0.0765 mask=0.0736 iou=0.0029
  Epoch 38 [60/220] loss=0.0724 mask=0.0697 iou=0.0027
  Epoch 38 [70/220] loss=0.0721 mask=0.0692 iou=0.0029
  Epoch 38 [80/220] loss=0.0726 mask=0.0695 iou=0.0032
  Epoch 38 [90/220] loss=0.0733 mask=0.0702 iou=0.0031
  Epoch 38 [100/220] loss=0.0733 mask=0.0703 iou=0.0030
  Epoch 38 [110/220] loss=0.0731 mask=0.0701 iou=0.0030
  Epoch 38 [120/220] loss=0.0720 mask=0.0690 iou=0.0030
  Epoch 38 [130/220] loss=0.0723 mask=0.0693 iou=0.0030
  Epoch 38 [140/220] loss=0.0714 mask=0.0685 iou=0.0030
  Epoch 38 [150/220] loss=0.0704 mask=0.0674 iou=0.0030
  Epoch 38 [160/220] loss=0.0706 mask=0.0677 iou=0.0029
  Epoch 38 [170/220] loss=0.0703 mask=0.0674 iou=0.0029
  Epoch 38 [180/220] loss=0.0720 mask=0.0688 iou=0.0032
  Epoch 38 [190/220] loss=0.0723 mask=0.0691 iou=0.0033
  Epoch 38 [200/220] loss=0.0728 mask=0.0695 iou=0.0033
  Epoch 38 [210/220] loss=0.0725 mask=0.0693 iou=0.0033
  Epoch 38 [220/220] loss=0.0719 mask=0.0687 iou=0.0032
  Train: loss=0.0719 mask=0.0687 iou=0.0032 time=216.5s
  Val epoch 38: loss=0.1195

=== Phase1 Epoch 39/49 ===
  Epoch 39 [10/220] loss=0.0699 mask=0.0665 iou=0.0034
  Epoch 39 [20/220] loss=0.0731 mask=0.0703 iou=0.0028
  Epoch 39 [30/220] loss=0.0718 mask=0.0689 iou=0.0028
  Epoch 39 [40/220] loss=0.0713 mask=0.0683 iou=0.0030
  Epoch 39 [50/220] loss=0.0721 mask=0.0689 iou=0.0032
  Epoch 39 [60/220] loss=0.0707 mask=0.0676 iou=0.0031
  Epoch 39 [70/220] loss=0.0755 mask=0.0720 iou=0.0035
  Epoch 39 [80/220] loss=0.0741 mask=0.0708 iou=0.0033
  Epoch 39 [90/220] loss=0.0735 mask=0.0702 iou=0.0033
  Epoch 39 [100/220] loss=0.0753 mask=0.0720 iou=0.0034
  Epoch 39 [110/220] loss=0.0757 mask=0.0721 iou=0.0035
  Epoch 39 [120/220] loss=0.0752 mask=0.0717 iou=0.0035
  Epoch 39 [130/220] loss=0.0741 mask=0.0707 iou=0.0034
  Epoch 39 [140/220] loss=0.0738 mask=0.0703 iou=0.0035
  Epoch 39 [150/220] loss=0.0733 mask=0.0698 iou=0.0034
  Epoch 39 [160/220] loss=0.0725 mask=0.0691 iou=0.0034
  Epoch 39 [170/220] loss=0.0734 mask=0.0700 iou=0.0034
  Epoch 39 [180/220] loss=0.0738 mask=0.0704 iou=0.0034
  Epoch 39 [190/220] loss=0.0736 mask=0.0702 iou=0.0034
  Epoch 39 [200/220] loss=0.0735 mask=0.0702 iou=0.0033
  Epoch 39 [210/220] loss=0.0731 mask=0.0698 iou=0.0033
  Epoch 39 [220/220] loss=0.0727 mask=0.0694 iou=0.0033
  Train: loss=0.0727 mask=0.0694 iou=0.0033 time=207.2s
  Val epoch 39: loss=0.1200

=== Phase1 Epoch 40/49 ===
  Epoch 40 [10/220] loss=0.0736 mask=0.0707 iou=0.0028
  Epoch 40 [20/220] loss=0.0751 mask=0.0725 iou=0.0026
  Epoch 40 [30/220] loss=0.0681 mask=0.0660 iou=0.0021
  Epoch 40 [40/220] loss=0.0712 mask=0.0686 iou=0.0026
  Epoch 40 [50/220] loss=0.0696 mask=0.0668 iou=0.0027
  Epoch 40 [60/220] loss=0.0689 mask=0.0662 iou=0.0027
  Epoch 40 [70/220] loss=0.0677 mask=0.0652 iou=0.0026
  Epoch 40 [80/220] loss=0.0687 mask=0.0662 iou=0.0026
  Epoch 40 [90/220] loss=0.0702 mask=0.0673 iou=0.0029
  Epoch 40 [100/220] loss=0.0696 mask=0.0668 iou=0.0028
  Epoch 40 [110/220] loss=0.0689 mask=0.0662 iou=0.0028
  Epoch 40 [120/220] loss=0.0700 mask=0.0670 iou=0.0031
  Epoch 40 [130/220] loss=0.0723 mask=0.0689 iou=0.0033
  Epoch 40 [140/220] loss=0.0725 mask=0.0691 iou=0.0034
  Epoch 40 [150/220] loss=0.0724 mask=0.0691 iou=0.0033
  Epoch 40 [160/220] loss=0.0724 mask=0.0690 iou=0.0034
  Epoch 40 [170/220] loss=0.0718 mask=0.0685 iou=0.0033
  Epoch 40 [180/220] loss=0.0716 mask=0.0683 iou=0.0033
  Epoch 40 [190/220] loss=0.0714 mask=0.0682 iou=0.0032
  Epoch 40 [200/220] loss=0.0716 mask=0.0684 iou=0.0032
  Epoch 40 [210/220] loss=0.0717 mask=0.0685 iou=0.0032
  Epoch 40 [220/220] loss=0.0716 mask=0.0685 iou=0.0032
  Train: loss=0.0716 mask=0.0685 iou=0.0032 time=201.8s
  Val epoch 40: loss=0.1187
  Saved best phase1 model (val_loss=0.1187)

=== Phase1 Epoch 41/49 ===
  Epoch 41 [10/220] loss=0.0743 mask=0.0725 iou=0.0018
  Epoch 41 [20/220] loss=0.0717 mask=0.0696 iou=0.0021
  Epoch 41 [30/220] loss=0.0720 mask=0.0694 iou=0.0026
  Epoch 41 [40/220] loss=0.0752 mask=0.0716 iou=0.0036
  Epoch 41 [50/220] loss=0.0762 mask=0.0727 iou=0.0036
  Epoch 41 [60/220] loss=0.0755 mask=0.0718 iou=0.0036
  Epoch 41 [70/220] loss=0.0742 mask=0.0706 iou=0.0036
  Epoch 41 [80/220] loss=0.0737 mask=0.0701 iou=0.0036
  Epoch 41 [90/220] loss=0.0723 mask=0.0688 iou=0.0035
  Epoch 41 [100/220] loss=0.0735 mask=0.0700 iou=0.0035
  Epoch 41 [110/220] loss=0.0725 mask=0.0692 iou=0.0034
  Epoch 41 [120/220] loss=0.0728 mask=0.0694 iou=0.0035
  Epoch 41 [130/220] loss=0.0726 mask=0.0690 iou=0.0036
  Epoch 41 [140/220] loss=0.0724 mask=0.0689 iou=0.0035
  Epoch 41 [150/220] loss=0.0721 mask=0.0686 iou=0.0036
  Epoch 41 [160/220] loss=0.0706 mask=0.0671 iou=0.0035
  Epoch 41 [170/220] loss=0.0715 mask=0.0680 iou=0.0036
  Epoch 41 [180/220] loss=0.0721 mask=0.0685 iou=0.0036
  Epoch 41 [190/220] loss=0.0717 mask=0.0682 iou=0.0035
  Epoch 41 [200/220] loss=0.0714 mask=0.0679 iou=0.0035
  Epoch 41 [210/220] loss=0.0712 mask=0.0677 iou=0.0035
  Epoch 41 [220/220] loss=0.0716 mask=0.0681 iou=0.0034
  Train: loss=0.0716 mask=0.0681 iou=0.0034 time=210.2s
  Val epoch 41: loss=0.1190

=== Phase1 Epoch 42/49 ===
  Epoch 42 [10/220] loss=0.0657 mask=0.0620 iou=0.0037
  Epoch 42 [20/220] loss=0.0705 mask=0.0674 iou=0.0031
  Epoch 42 [30/220] loss=0.0716 mask=0.0680 iou=0.0036
  Epoch 42 [40/220] loss=0.0675 mask=0.0643 iou=0.0032
  Epoch 42 [50/220] loss=0.0666 mask=0.0636 iou=0.0030
  Epoch 42 [60/220] loss=0.0653 mask=0.0625 iou=0.0028
  Epoch 42 [70/220] loss=0.0665 mask=0.0635 iou=0.0031
  Epoch 42 [80/220] loss=0.0664 mask=0.0635 iou=0.0029
  Epoch 42 [90/220] loss=0.0643 mask=0.0615 iou=0.0027
  Epoch 42 [100/220] loss=0.0649 mask=0.0622 iou=0.0027
  Epoch 42 [110/220] loss=0.0645 mask=0.0619 iou=0.0026
  Epoch 42 [120/220] loss=0.0658 mask=0.0629 iou=0.0029
  Epoch 42 [130/220] loss=0.0664 mask=0.0635 iou=0.0028
  Epoch 42 [140/220] loss=0.0683 mask=0.0652 iou=0.0031
  Epoch 42 [150/220] loss=0.0681 mask=0.0649 iou=0.0031
  Epoch 42 [160/220] loss=0.0683 mask=0.0652 iou=0.0032
  Epoch 42 [170/220] loss=0.0709 mask=0.0676 iou=0.0033
  Epoch 42 [180/220] loss=0.0700 mask=0.0667 iou=0.0032
  Epoch 42 [190/220] loss=0.0693 mask=0.0662 iou=0.0032
  Epoch 42 [200/220] loss=0.0705 mask=0.0673 iou=0.0032
  Epoch 42 [210/220] loss=0.0708 mask=0.0676 iou=0.0032
  Epoch 42 [220/220] loss=0.0711 mask=0.0680 iou=0.0032
  Train: loss=0.0711 mask=0.0680 iou=0.0032 time=204.0s
  Val epoch 42: loss=0.1203

=== Phase1 Epoch 43/49 ===
  Epoch 43 [10/220] loss=0.0645 mask=0.0616 iou=0.0029
  Epoch 43 [20/220] loss=0.0658 mask=0.0624 iou=0.0033
  Epoch 43 [30/220] loss=0.0670 mask=0.0638 iou=0.0032
  Epoch 43 [40/220] loss=0.0645 mask=0.0617 iou=0.0028
  Epoch 43 [50/220] loss=0.0643 mask=0.0614 iou=0.0030
  Epoch 43 [60/220] loss=0.0670 mask=0.0638 iou=0.0032
  Epoch 43 [70/220] loss=0.0687 mask=0.0657 iou=0.0031
  Epoch 43 [80/220] loss=0.0685 mask=0.0655 iou=0.0030
  Epoch 43 [90/220] loss=0.0688 mask=0.0657 iou=0.0031
  Epoch 43 [100/220] loss=0.0691 mask=0.0660 iou=0.0031
  Epoch 43 [110/220] loss=0.0693 mask=0.0662 iou=0.0032
  Epoch 43 [120/220] loss=0.0702 mask=0.0670 iou=0.0032
  Epoch 43 [130/220] loss=0.0704 mask=0.0672 iou=0.0032
  Epoch 43 [140/220] loss=0.0694 mask=0.0663 iou=0.0031
  Epoch 43 [150/220] loss=0.0690 mask=0.0659 iou=0.0031
  Epoch 43 [160/220] loss=0.0692 mask=0.0661 iou=0.0031
  Epoch 43 [170/220] loss=0.0701 mask=0.0669 iou=0.0032
  Epoch 43 [180/220] loss=0.0707 mask=0.0675 iou=0.0032
  Epoch 43 [190/220] loss=0.0702 mask=0.0670 iou=0.0031
  Epoch 43 [200/220] loss=0.0701 mask=0.0670 iou=0.0031
  Epoch 43 [210/220] loss=0.0709 mask=0.0678 iou=0.0031
  Epoch 43 [220/220] loss=0.0709 mask=0.0677 iou=0.0031
  Train: loss=0.0709 mask=0.0677 iou=0.0031 time=209.5s
  Val epoch 43: loss=0.1193

=== Phase1 Epoch 44/49 ===
  Epoch 44 [10/220] loss=0.0572 mask=0.0554 iou=0.0018
  Epoch 44 [20/220] loss=0.0669 mask=0.0647 iou=0.0022
  Epoch 44 [30/220] loss=0.0652 mask=0.0628 iou=0.0025
  Epoch 44 [40/220] loss=0.0688 mask=0.0664 iou=0.0024
  Epoch 44 [50/220] loss=0.0684 mask=0.0658 iou=0.0026
  Epoch 44 [60/220] loss=0.0725 mask=0.0694 iou=0.0031
  Epoch 44 [70/220] loss=0.0738 mask=0.0708 iou=0.0031
  Epoch 44 [80/220] loss=0.0735 mask=0.0703 iou=0.0032
  Epoch 44 [90/220] loss=0.0755 mask=0.0725 iou=0.0030
  Epoch 44 [100/220] loss=0.0755 mask=0.0723 iou=0.0033
  Epoch 44 [110/220] loss=0.0756 mask=0.0724 iou=0.0033
  Epoch 44 [120/220] loss=0.0741 mask=0.0709 iou=0.0032
  Epoch 44 [130/220] loss=0.0742 mask=0.0709 iou=0.0033
  Epoch 44 [140/220] loss=0.0725 mask=0.0694 iou=0.0031
  Epoch 44 [150/220] loss=0.0722 mask=0.0691 iou=0.0031
  Epoch 44 [160/220] loss=0.0727 mask=0.0696 iou=0.0031
  Epoch 44 [170/220] loss=0.0719 mask=0.0689 iou=0.0030
  Epoch 44 [180/220] loss=0.0718 mask=0.0688 iou=0.0030
  Epoch 44 [190/220] loss=0.0709 mask=0.0679 iou=0.0030
  Epoch 44 [200/220] loss=0.0717 mask=0.0686 iou=0.0031
  Epoch 44 [210/220] loss=0.0714 mask=0.0683 iou=0.0031
  Epoch 44 [220/220] loss=0.0714 mask=0.0682 iou=0.0031
  Train: loss=0.0714 mask=0.0682 iou=0.0031 time=206.6s
  Val epoch 44: loss=0.1179
  Saved best phase1 model (val_loss=0.1179)

=== Phase1 Epoch 45/49 ===
  Epoch 45 [10/220] loss=0.0901 mask=0.0847 iou=0.0054
  Epoch 45 [20/220] loss=0.0762 mask=0.0725 iou=0.0037
  Epoch 45 [30/220] loss=0.0738 mask=0.0697 iou=0.0040
  Epoch 45 [40/220] loss=0.0746 mask=0.0708 iou=0.0039
  Epoch 45 [50/220] loss=0.0734 mask=0.0699 iou=0.0036
  Epoch 45 [60/220] loss=0.0719 mask=0.0685 iou=0.0034
  Epoch 45 [70/220] loss=0.0701 mask=0.0668 iou=0.0033
  Epoch 45 [80/220] loss=0.0697 mask=0.0666 iou=0.0031
  Epoch 45 [90/220] loss=0.0691 mask=0.0659 iou=0.0032
  Epoch 45 [100/220] loss=0.0684 mask=0.0653 iou=0.0031
  Epoch 45 [110/220] loss=0.0712 mask=0.0681 iou=0.0031
  Epoch 45 [120/220] loss=0.0700 mask=0.0670 iou=0.0030
  Epoch 45 [130/220] loss=0.0707 mask=0.0676 iou=0.0030
  Epoch 45 [140/220] loss=0.0704 mask=0.0673 iou=0.0031
  Epoch 45 [150/220] loss=0.0702 mask=0.0671 iou=0.0031
  Epoch 45 [160/220] loss=0.0709 mask=0.0679 iou=0.0030
  Epoch 45 [170/220] loss=0.0709 mask=0.0678 iou=0.0031
  Epoch 45 [180/220] loss=0.0701 mask=0.0671 iou=0.0030
  Epoch 45 [190/220] loss=0.0705 mask=0.0675 iou=0.0030
  Epoch 45 [200/220] loss=0.0699 mask=0.0670 iou=0.0030
  Epoch 45 [210/220] loss=0.0700 mask=0.0670 iou=0.0030
  Epoch 45 [220/220] loss=0.0705 mask=0.0675 iou=0.0030
  Train: loss=0.0705 mask=0.0675 iou=0.0030 time=204.1s
  Val epoch 45: loss=0.1202

=== Phase1 Epoch 46/49 ===
  Epoch 46 [10/220] loss=0.0798 mask=0.0777 iou=0.0021
  Epoch 46 [20/220] loss=0.0810 mask=0.0784 iou=0.0026
  Epoch 46 [30/220] loss=0.0776 mask=0.0751 iou=0.0025
  Epoch 46 [40/220] loss=0.0748 mask=0.0722 iou=0.0025
  Epoch 46 [50/220] loss=0.0744 mask=0.0718 iou=0.0026
  Epoch 46 [60/220] loss=0.0730 mask=0.0705 iou=0.0025
  Epoch 46 [70/220] loss=0.0730 mask=0.0702 iou=0.0028
  Epoch 46 [80/220] loss=0.0714 mask=0.0685 iou=0.0028
  Epoch 46 [90/220] loss=0.0703 mask=0.0675 iou=0.0029
  Epoch 46 [100/220] loss=0.0700 mask=0.0670 iou=0.0030
  Epoch 46 [110/220] loss=0.0694 mask=0.0664 iou=0.0030
  Epoch 46 [120/220] loss=0.0693 mask=0.0663 iou=0.0029
  Epoch 46 [130/220] loss=0.0694 mask=0.0664 iou=0.0030
  Epoch 46 [140/220] loss=0.0704 mask=0.0674 iou=0.0030
  Epoch 46 [150/220] loss=0.0696 mask=0.0666 iou=0.0030
  Epoch 46 [160/220] loss=0.0686 mask=0.0658 iou=0.0029
  Epoch 46 [170/220] loss=0.0695 mask=0.0666 iou=0.0030
  Epoch 46 [180/220] loss=0.0695 mask=0.0666 iou=0.0029
  Epoch 46 [190/220] loss=0.0703 mask=0.0673 iou=0.0029
  Epoch 46 [200/220] loss=0.0707 mask=0.0677 iou=0.0030
  Epoch 46 [210/220] loss=0.0709 mask=0.0679 iou=0.0030
  Epoch 46 [220/220] loss=0.0707 mask=0.0678 iou=0.0029
  Train: loss=0.0707 mask=0.0678 iou=0.0029 time=198.1s
  Val epoch 46: loss=0.1187

=== Phase1 Epoch 47/49 ===
  Epoch 47 [10/220] loss=0.0788 mask=0.0745 iou=0.0043
  Epoch 47 [20/220] loss=0.0727 mask=0.0689 iou=0.0039
  Epoch 47 [30/220] loss=0.0712 mask=0.0677 iou=0.0035
  Epoch 47 [40/220] loss=0.0717 mask=0.0683 iou=0.0034
  Epoch 47 [50/220] loss=0.0688 mask=0.0655 iou=0.0033
  Epoch 47 [60/220] loss=0.0710 mask=0.0674 iou=0.0036
  Epoch 47 [70/220] loss=0.0720 mask=0.0685 iou=0.0035
  Epoch 47 [80/220] loss=0.0729 mask=0.0692 iou=0.0037
  Epoch 47 [90/220] loss=0.0730 mask=0.0691 iou=0.0039
  Epoch 47 [100/220] loss=0.0745 mask=0.0706 iou=0.0039
  Epoch 47 [110/220] loss=0.0739 mask=0.0701 iou=0.0038
  Epoch 47 [120/220] loss=0.0741 mask=0.0704 iou=0.0037
  Epoch 47 [130/220] loss=0.0734 mask=0.0698 iou=0.0036
  Epoch 47 [140/220] loss=0.0734 mask=0.0698 iou=0.0036
  Epoch 47 [150/220] loss=0.0721 mask=0.0687 iou=0.0034
  Epoch 47 [160/220] loss=0.0712 mask=0.0678 iou=0.0034
  Epoch 47 [170/220] loss=0.0710 mask=0.0677 iou=0.0033
  Epoch 47 [180/220] loss=0.0709 mask=0.0677 iou=0.0033
  Epoch 47 [190/220] loss=0.0708 mask=0.0676 iou=0.0032
  Epoch 47 [200/220] loss=0.0705 mask=0.0674 iou=0.0031
  Epoch 47 [210/220] loss=0.0701 mask=0.0670 iou=0.0030
  Epoch 47 [220/220] loss=0.0704 mask=0.0674 iou=0.0030
  Train: loss=0.0704 mask=0.0674 iou=0.0030 time=202.5s
  Val epoch 47: loss=0.1183

=== Phase1 Epoch 48/49 ===
  Epoch 48 [10/220] loss=0.0645 mask=0.0623 iou=0.0022
  Epoch 48 [20/220] loss=0.0669 mask=0.0644 iou=0.0024
  Epoch 48 [30/220] loss=0.0655 mask=0.0624 iou=0.0031
  Epoch 48 [40/220] loss=0.0661 mask=0.0634 iou=0.0027
  Epoch 48 [50/220] loss=0.0694 mask=0.0667 iou=0.0027
  Epoch 48 [60/220] loss=0.0679 mask=0.0653 iou=0.0026
  Epoch 48 [70/220] loss=0.0669 mask=0.0644 iou=0.0025
  Epoch 48 [80/220] loss=0.0685 mask=0.0660 iou=0.0025
  Epoch 48 [90/220] loss=0.0690 mask=0.0665 iou=0.0025
  Epoch 48 [100/220] loss=0.0679 mask=0.0653 iou=0.0025
  Epoch 48 [110/220] loss=0.0682 mask=0.0656 iou=0.0026
  Epoch 48 [120/220] loss=0.0673 mask=0.0647 iou=0.0026
  Epoch 48 [130/220] loss=0.0683 mask=0.0657 iou=0.0027
  Epoch 48 [140/220] loss=0.0694 mask=0.0668 iou=0.0026
  Epoch 48 [150/220] loss=0.0692 mask=0.0666 iou=0.0026
  Epoch 48 [160/220] loss=0.0692 mask=0.0666 iou=0.0026
  Epoch 48 [170/220] loss=0.0696 mask=0.0670 iou=0.0026
  Epoch 48 [180/220] loss=0.0694 mask=0.0668 iou=0.0026
  Epoch 48 [190/220] loss=0.0695 mask=0.0668 iou=0.0027
  Epoch 48 [200/220] loss=0.0700 mask=0.0672 iou=0.0028
  Epoch 48 [210/220] loss=0.0702 mask=0.0674 iou=0.0028
  Epoch 48 [220/220] loss=0.0706 mask=0.0678 iou=0.0029
  Train: loss=0.0706 mask=0.0678 iou=0.0029 time=213.2s
  Val epoch 48: loss=0.1173
  Saved best phase1 model (val_loss=0.1173)

=== Phase1 Epoch 49/49 ===
  Epoch 49 [10/220] loss=0.0842 mask=0.0800 iou=0.0042
  Epoch 49 [20/220] loss=0.0788 mask=0.0750 iou=0.0039
  Epoch 49 [30/220] loss=0.0788 mask=0.0755 iou=0.0033
  Epoch 49 [40/220] loss=0.0743 mask=0.0713 iou=0.0030
  Epoch 49 [50/220] loss=0.0714 mask=0.0684 iou=0.0029
  Epoch 49 [60/220] loss=0.0713 mask=0.0685 iou=0.0028
  Epoch 49 [70/220] loss=0.0690 mask=0.0664 iou=0.0026
  Epoch 49 [80/220] loss=0.0670 mask=0.0645 iou=0.0025
  Epoch 49 [90/220] loss=0.0679 mask=0.0652 iou=0.0027
  Epoch 49 [100/220] loss=0.0678 mask=0.0651 iou=0.0028
  Epoch 49 [110/220] loss=0.0671 mask=0.0643 iou=0.0028
  Epoch 49 [120/220] loss=0.0663 mask=0.0636 iou=0.0028
  Epoch 49 [130/220] loss=0.0672 mask=0.0645 iou=0.0028
  Epoch 49 [140/220] loss=0.0682 mask=0.0653 iou=0.0029
  Epoch 49 [150/220] loss=0.0681 mask=0.0652 iou=0.0028
  Epoch 49 [160/220] loss=0.0677 mask=0.0649 iou=0.0028
  Epoch 49 [170/220] loss=0.0689 mask=0.0660 iou=0.0029
  Epoch 49 [180/220] loss=0.0691 mask=0.0662 iou=0.0029
  Epoch 49 [190/220] loss=0.0690 mask=0.0661 iou=0.0029
  Epoch 49 [200/220] loss=0.0702 mask=0.0673 iou=0.0029
  Epoch 49 [210/220] loss=0.0704 mask=0.0674 iou=0.0030
  Epoch 49 [220/220] loss=0.0699 mask=0.0670 iou=0.0030
  Train: loss=0.0699 mask=0.0670 iou=0.0030 time=204.2s
  Val epoch 49: loss=0.1187

Phase 1 complete. Best val loss: 0.1173
